06-09 16:15:38.090  2086  2086 I SystemServiceManager: Starting com.android.server.webkit.WebViewUpdateService
06-09 16:15:38.104  2086  2086 D SystemServerTiming: StartWebViewUpdateService took to complete: 14ms
06-09 16:15:38.104  2086  2086 I SystemServer: StartCachedDeviceStateService
06-09 16:15:38.105  2086  2086 I SystemServiceManager: Starting com.android.server.CachedDeviceStateService
06-09 16:15:38.107  2086  2086 D SystemServerTiming: StartCachedDeviceStateService took to complete: 2ms
06-09 16:15:38.107  2086  2086 I SystemServer: StartBinderCallsStatsService
06-09 16:15:38.107  2086  2086 I SystemServiceManager: Starting com.android.server.BinderCallsStatsService$LifeCycle
06-09 16:15:38.111  2086  2086 D SystemServerTiming: StartBinderCallsStatsService took to complete: 4ms
06-09 16:15:38.111  2086  2086 I SystemServer: StartLooperStatsService
06-09 16:15:38.112  2086  2086 I SystemServiceManager: Starting com.android.server.LooperStatsService$Lifecycle
06-09 16:15:38.115  2086  2086 D SystemServerTiming: StartLooperStatsService took to complete: 3ms
06-09 16:15:38.115  2086  2086 I SystemServer: StartRollbackManagerService
06-09 16:15:38.115  2086  2086 I SystemServiceManager: Starting com.android.server.rollback.RollbackManagerService
06-09 16:15:38.123  1885  1885 D installd: Found quota mount /dev/block/by-name/UDISK at /data
06-09 16:15:38.141  2086  2086 D SystemServerTiming: StartRollbackManagerService took to complete: 26ms
06-09 16:15:38.141  2086  2086 I SystemServer: StartBugreportManagerService
06-09 16:15:38.141  2086  2086 I SystemServiceManager: Starting com.android.server.os.BugreportManagerService
06-09 16:15:38.144  2086  2086 D SystemServerTiming: StartBugreportManagerService took to complete: 3ms
06-09 16:15:38.144  2086  2086 I SystemServer: GpuService
06-09 16:15:38.145  2086  2086 I SystemServiceManager: Starting com.android.server.gpu.GpuService
06-09 16:15:38.148  2086  2086 D SystemServerTiming: GpuService took to complete: 4ms
06-09 16:15:38.149  2086  2086 I SystemServer: StartKeyAttestationApplicationIdProviderService
06-09 16:15:38.149  2086  2142 I SystemServer: SecondaryZygotePreload
06-09 16:15:38.156  2086  2086 D SystemServerTiming: StartKeyAttestationApplicationIdProviderService took to complete: 4ms
06-09 16:15:38.156  2086  2086 I SystemServer: StartKeyChainSystemService
06-09 16:15:38.157  2086  2086 I SystemServiceManager: Starting com.android.server.security.KeyChainSystemService
06-09 16:15:38.158  2086  2086 D SystemServerTiming: StartKeyChainSystemService took to complete: 1ms
06-09 16:15:38.158  2086  2086 I SystemServer: StartSchedulingPolicyService
06-09 16:15:38.163  2086  2086 D SystemServerTiming: StartSchedulingPolicyService took to complete: 5ms
06-09 16:15:38.163  2086  2086 I SystemServer: StartTelecomLoaderService
06-09 16:15:38.164  2086  2086 I SystemServiceManager: Starting com.android.server.telecom.TelecomLoaderService
06-09 16:15:38.166  2086  2086 D SystemServerTiming: StartTelecomLoaderService took to complete: 2ms
06-09 16:15:38.166  2086  2086 I SystemServer: StartTelephonyRegistry
06-09 16:15:38.171  2086  2513 I SchedulingPolicyService: Moving 1927 back to group default
06-09 16:15:38.175  2086  2086 D SystemServerTiming: StartTelephonyRegistry took to complete: 8ms
06-09 16:15:38.175  2086  2086 I SystemServer: StartEntropyMixer
06-09 16:15:38.183  2086  2086 I EntropyMixer: Writing entropy...
06-09 16:15:38.189  2086  2086 D SystemServerTiming: StartEntropyMixer took to complete: 14ms
06-09 16:15:38.189  2086  2086 I SystemServer: StartAccountManagerService
06-09 16:15:38.191  2086  2086 I SystemServiceManager: Starting com.android.server.accounts.AccountManagerService$Lifecycle
06-09 16:15:38.193  1820  1820 I Zygote  : Lazily preloading resources.
06-09 16:15:38.193  1820  1820 D Zygote  : begin preload
06-09 16:15:38.193  1820  1820 I Zygote  : Calling ZygoteHooks.beginPreload()
06-09 16:15:38.225  1820  1820 D ZygoteInitTiming_lazy: BeginPreload took to complete: 33ms
06-09 16:15:38.226  1820  1820 I Zygote  : Preloading classes...
06-09 16:15:38.230  2086  2086 D SystemServerTiming: StartAccountManagerService took to complete: 41ms
06-09 16:15:38.230  2086  2086 I SystemServer: StartContentService
06-09 16:15:38.233  2086  2086 I SystemServiceManager: Starting com.android.server.content.ContentService$Lifecycle
06-09 16:15:38.236  1820  1820 W Zygote  : Class not found for preloading: android.app.-$$Lambda$ActivityThread$ZXDWm3IBeFmLnFVblhB-IOZCr9o
06-09 16:15:38.244  2086  2086 D SystemServerTiming: StartContentService took to complete: 15ms
06-09 16:15:38.244  2086  2086 I SystemServer: InstallSystemProviders
06-09 16:15:38.394  1820  1820 W Zygote  : Class not found for preloading: android.bluetooth.BluetoothA2dp$2
06-09 16:15:38.406  2086  2086 I SettingsState: No settings state /data/system/users/0/settings_config.xml
06-09 16:15:38.415  1820  1820 I PackageBackwardCompatibility: Could not find android.content.pm.AndroidTestBaseUpdater, ignoring
06-09 16:15:38.544  2086  2086 D SystemServerTiming: InstallSystemProviders took to complete: 299ms
06-09 16:15:38.544  2086  2086 I SystemServer: StartDropBoxManager
06-09 16:15:38.544  2086  2086 I SystemServiceManager: Starting com.android.server.DropBoxManagerService
06-09 16:15:38.550  2086  2086 D SystemServerTiming: StartDropBoxManager took to complete: 7ms
06-09 16:15:38.550  2086  2086 I SystemServer: StartVibratorService
06-09 16:15:38.559  1697  1697 I hwservicemanager: getTransport: Cannot find entry android.hardware.vibrator@1.0::IVibrator/default in either framework or device manifest.
06-09 16:15:38.561  1697  1697 I hwservicemanager: getTransport: Cannot find entry android.hardware.vibrator@1.0::IVibrator/default in either framework or device manifest.
06-09 16:15:38.561  2086  2086 E VibratorService: vibratorOff command failed (1).
06-09 16:15:38.562  1697  1697 I hwservicemanager: getTransport: Cannot find entry android.hardware.vibrator@1.0::IVibrator/default in either framework or device manifest.
06-09 16:15:38.564  1697  1697 I hwservicemanager: getTransport: Cannot find entry android.hardware.vibrator@1.3::IVibrator/default in either framework or device manifest.
06-09 16:15:38.571  2086  2086 D SystemServerTiming: StartVibratorService took to complete: 21ms
06-09 16:15:38.573  2086  2086 I SystemServer: StartDynamicSystemService
06-09 16:15:38.576  2086  2086 D SystemServerTiming: StartDynamicSystemService took to complete: 2ms
06-09 16:15:38.576  2086  2086 I SystemServer: StartConsumerIrService
06-09 16:15:38.579  1697  1697 I hwservicemanager: getTransport: Cannot find entry android.hardware.ir@1.0::IConsumerIr/default in either framework or device manifest.
06-09 16:15:38.581  2086  2086 D SystemServerTiming: StartConsumerIrService took to complete: 4ms
06-09 16:15:38.581  2086  2086 I SystemServer: StartAlarmManagerService
06-09 16:15:38.592  2086  2086 D AlarmManagerService: Kernel timezone updated to -180 minutes west of GMT
06-09 16:15:38.604  2086  2086 D SystemServerTiming: StartAlarmManagerService took to complete: 22ms
06-09 16:15:38.604  2086  2086 I SystemServer: StartInputManagerService
06-09 16:15:38.608  2086  2086 I InputManager: Initializing input manager, mUseDevInputEventForAudioJack=true
06-09 16:15:38.608  2086  2086 I InputClassifier: Deep press feature enabled.
06-09 16:15:38.613  1697  1697 I hwservicemanager: getTransport: Cannot find entry android.hardware.input.classifier@1.0::IInputClassifier/default in either framework or device manifest.
06-09 16:15:38.614  2086  2086 D SystemServerTiming: StartInputManagerService took to complete: 10ms
06-09 16:15:38.614  2086  2086 I SystemServer: StartWindowManagerService
06-09 16:15:38.617  2086  2560 I InputClassifier: Could not obtain InputClassifier HAL
06-09 16:15:38.618  2086  2562 E InputClassifier: InputClassifier HAL has died. Setting mMotionClassifier to null
06-09 16:15:38.651  2086  2138 I WindowManager: No existing display settings, starting empty
06-09 16:15:38.669  2086  2138 I WindowTracing: Setting window tracing log level to 1
06-09 16:15:38.670  2086  2138 I WindowTracing: Setting window tracing buffer capacity to 2097152bytes
06-09 16:15:38.691  2086  2086 D SystemServerTiming: StartWindowManagerService took to complete: 77ms
06-09 16:15:38.691  2086  2086 I SystemServer: SetWindowManagerService
06-09 16:15:38.808  2086  2086 D SystemServerTiming: SetWindowManagerService took to complete: 116ms
06-09 16:15:38.808  2086  2086 I SystemServer: WindowManagerServiceOnInitReady
06-09 16:15:38.809  1885  1911 W cutils  : Expected path /data/data/com.google.android.gms with mode 700 but found 711
06-09 16:15:38.813  1885  1911 W cutils  : Expected path /data/user_de/0/com.google.android.gms with mode 700 but found 711
06-09 16:15:38.822  1885  1911 W cutils  : Expected path /data/data/com.google.android.gms with mode 700 but found 711
06-09 16:15:38.826  1885  1911 W cutils  : Expected path /data/user_de/0/com.google.android.gms with mode 700 but found 711
06-09 16:15:38.849  2086  2086 D SystemServerTiming: WindowManagerServiceOnInitReady took to complete: 41ms
06-09 16:15:38.850  2086  2086 I SystemServer: StartInputManager
06-09 16:15:38.850  2086  2086 I InputManager: Starting input manager
06-09 16:15:38.855  2086  2086 D SystemServerTiming: StartInputManager took to complete: 5ms
06-09 16:15:38.855  2086  2572 D EventHub: No input device configuration file found for device 'sunxi-ir-uinput'.
06-09 16:15:38.855  2086  2086 I SystemServer: DisplayManagerWindowManagerAndInputReady
06-09 16:15:38.856  2086  2086 D SystemServerTiming: DisplayManagerWindowManagerAndInputReady took to complete: 0ms
06-09 16:15:38.857  2086  2086 I SystemServer: wirelessModuleInfo: ssv:ssv6x5x:0x13030
06-09 16:15:38.857  2086  2086 I SystemServer: isBluetoothSupport: false
06-09 16:15:38.857  2086  2086 I SystemServer: IpConnectivityMetrics
06-09 16:15:38.859  2086  2086 I SystemServiceManager: Starting com.android.server.connectivity.IpConnectivityMetrics
06-09 16:15:38.862  2086  2510 I ServiceManagement: Registered android.frameworks.sensorservice@1.0::ISensorManager/default (start delay of 8759ms)
06-09 16:15:38.864  2086  2572 I EventHub: wakeMechanism=EPOLLWAKEUP, usingClockIoctl=true
06-09 16:15:38.864  2086  2572 I EventHub: New device: id=1, fd=109, path='/dev/input/event2', name='sunxi-ir-uinput', classes=0x23, configuration='', keyLayout='/system/usr/keylayout/sunxi-ir-uinput.kl', keyCharacterMap='/system/usr/keychars/Generic.kcm', builtinKeyboard=false, 
06-09 16:15:38.865  2086  2572 D EventHub: No input device configuration file found for device 'sunxi-keyboard'.
06-09 16:15:38.866  2086  2510 I ServiceManagement: Registered android.frameworks.schedulerservice@1.0::ISchedulingPolicyService/default (start delay of 8763ms)
06-09 16:15:38.866  2086  2510 D SystemServerTimingAsync: StartHidlServices took to complete: 15ms
06-09 16:15:38.870  2086  2086 D SystemServerTiming: IpConnectivityMetrics took to complete: 14ms
06-09 16:15:38.871  2086  2086 I SystemServer: NetworkWatchlistService
06-09 16:15:38.871  2086  2086 I SystemServiceManager: Starting com.android.server.net.watchlist.NetworkWatchlistService$Lifecycle
06-09 16:15:38.874  2086  2572 W EventHub: Unable to disable kernel key repeat for /dev/input/event0: Function not implemented
06-09 16:15:38.874  2086  2572 I EventHub: wakeMechanism=EPOLLWAKEUP, usingClockIoctl=true
06-09 16:15:38.874  2086  2572 I EventHub: New device: id=2, fd=110, path='/dev/input/event0', name='sunxi-keyboard', classes=0x1, configuration='', keyLayout='/system/usr/keylayout/Generic.kl', keyCharacterMap='/system/usr/keychars/Generic.kcm', builtinKeyboard=false, 
06-09 16:15:38.875  2086  2572 D EventHub: No input device configuration file found for device 'sunxi-ir'.
06-09 16:15:38.882  2086  2572 I EventHub: wakeMechanism=EPOLLWAKEUP, usingClockIoctl=true
06-09 16:15:38.882  2086  2572 I EventHub: New device: id=3, fd=111, path='/dev/input/event1', name='sunxi-ir', classes=0x1, configuration='', keyLayout='/system/usr/keylayout/sunxi-ir.kl', keyCharacterMap='/system/usr/keychars/Generic.kcm', builtinKeyboard=false, 
06-09 16:15:38.884  2086  2086 I WatchlistSettings: Reload watchlist settings done
06-09 16:15:38.888  2086  2086 D SystemServerTiming: NetworkWatchlistService took to complete: 16ms
06-09 16:15:38.888  2086  2086 I SystemServer: PinnerService
06-09 16:15:38.889  2086  2086 I SystemServiceManager: Starting com.android.server.PinnerService
06-09 16:15:38.890  2086  2574 I WatchlistLoggingHandler: No need to aggregate record yet.
06-09 16:15:38.890  2086  2574 I WatchlistLoggingHandler: Milliseconds spent on tryAggregateRecords(): 1
06-09 16:15:38.893  2086  2572 I InputReader: Device added: id=-1, name='Virtual', sources=0x00000301
06-09 16:15:38.894  2086  2572 I InputReader: Device added: id=3, name='sunxi-ir', sources=0x00000101
06-09 16:15:38.894  2086  2572 I InputReader: Device added: id=2, name='sunxi-keyboard', sources=0x00000101
06-09 16:15:38.894  2086  2572 I InputReader: Device added: id=1, name='sunxi-ir-uinput', sources=0x00000301
06-09 16:15:38.906  2086  2086 D SystemServerTiming: PinnerService took to complete: 18ms
06-09 16:15:38.906  2086  2086 I SystemServer: SignedConfigService
06-09 16:15:38.909  2086  2149 D PinnerService: pinRangeStream: null
06-09 16:15:38.913  2086  2086 D SystemServerTiming: SignedConfigService took to complete: 6ms
06-09 16:15:38.914  2086  2086 I WindowManager: SAFE MODE not enabled
06-09 16:15:38.914  2086  2086 I SystemServer: StartInputMethodManagerLifecycle
06-09 16:15:38.915  2086  2086 I SystemServiceManager: Starting com.android.server.inputmethod.InputMethodManagerService$Lifecycle
06-09 16:15:38.941  2086  2149 E PinnerService: Could not pin file /system/framework/arm/boot.vdex
06-09 16:15:38.941  2086  2149 E PinnerService: android.system.ErrnoException: open failed: ELOOP (Too many symbolic links encountered)
06-09 16:15:38.941  2086  2149 E PinnerService: 	at libcore.io.Linux.open(Native Method)
06-09 16:15:38.941  2086  2149 E PinnerService: 	at libcore.io.ForwardingOs.open(ForwardingOs.java:167)
06-09 16:15:38.941  2086  2149 E PinnerService: 	at libcore.io.BlockGuardOs.open(BlockGuardOs.java:252)
06-09 16:15:38.941  2086  2149 E PinnerService: 	at android.system.Os.open(Os.java:410)
06-09 16:15:38.941  2086  2149 E PinnerService: 	at com.android.server.PinnerService.pinFileRanges(PinnerService.java:787)
06-09 16:15:38.941  2086  2149 E PinnerService: 	at com.android.server.PinnerService.pinFile(PinnerService.java:667)
06-09 16:15:38.941  2086  2149 E PinnerService: 	at com.android.server.PinnerService.handlePinOnStart(PinnerService.java:252)
06-09 16:15:38.941  2086  2149 E PinnerService: 	at com.android.server.PinnerService.access$1400(PinnerService.java:87)
06-09 16:15:38.941  2086  2149 E PinnerService: 	at com.android.server.PinnerService$PinnerHandler.handleMessage(PinnerService.java:995)
06-09 16:15:38.941  2086  2149 E PinnerService: 	at android.os.Handler.dispatchMessage(Handler.java:107)
06-09 16:15:38.941  2086  2149 E PinnerService: 	at android.os.Looper.loop(Looper.java:214)
06-09 16:15:38.941  2086  2149 E PinnerService: 	at android.os.HandlerThread.run(HandlerThread.java:67)
06-09 16:15:38.943  2086  2149 E PinnerService: Failed to pin file = /system/framework/arm/boot.vdex
06-09 16:15:38.943  2086  2149 D PinnerService: pinRangeStream: null
06-09 16:15:38.944  2086  2149 E PinnerService: Could not pin file /system/framework/arm/boot-framework.vdex
06-09 16:15:38.944  2086  2149 E PinnerService: android.system.ErrnoException: open failed: ELOOP (Too many symbolic links encountered)
06-09 16:15:38.944  2086  2149 E PinnerService: 	at libcore.io.Linux.open(Native Method)
06-09 16:15:38.944  2086  2149 E PinnerService: 	at libcore.io.ForwardingOs.open(ForwardingOs.java:167)
06-09 16:15:38.944  2086  2149 E PinnerService: 	at libcore.io.BlockGuardOs.open(BlockGuardOs.java:252)
06-09 16:15:38.944  2086  2149 E PinnerService: 	at android.system.Os.open(Os.java:410)
06-09 16:15:38.944  2086  2149 E PinnerService: 	at com.android.server.PinnerService.pinFileRanges(PinnerService.java:787)
06-09 16:15:38.944  2086  2149 E PinnerService: 	at com.android.server.PinnerService.pinFile(PinnerService.java:667)
06-09 16:15:38.944  2086  2149 E PinnerService: 	at com.android.server.PinnerService.handlePinOnStart(PinnerService.java:252)
06-09 16:15:38.944  2086  2149 E PinnerService: 	at com.android.server.PinnerService.access$1400(PinnerService.java:87)
06-09 16:15:38.944  2086  2149 E PinnerService: 	at com.android.server.PinnerService$PinnerHandler.handleMessage(PinnerService.java:995)
06-09 16:15:38.944  2086  2149 E PinnerService: 	at android.os.Handler.dispatchMessage(Handler.java:107)
06-09 16:15:38.944  2086  2149 E PinnerService: 	at android.os.Looper.loop(Looper.java:214)
06-09 16:15:38.944  2086  2149 E PinnerService: 	at android.os.HandlerThread.run(HandlerThread.java:67)
06-09 16:15:38.944  2086  2149 E PinnerService: Failed to pin file = /system/framework/arm/boot-framework.vdex
06-09 16:15:38.950  2086  2086 D SystemServerTiming: StartInputMethodManagerLifecycle took to complete: 35ms
06-09 16:15:38.950  2086  2086 I SystemServer: StartAccessibilityManagerService
06-09 16:15:38.952  2086  2086 I SystemServiceManager: Starting com.android.server.accessibility.AccessibilityManagerService$Lifecycle
06-09 16:15:38.979  2086  2086 D SystemServerTiming: StartAccessibilityManagerService took to complete: 29ms
06-09 16:15:38.979  2086  2086 I SystemServer: MakeDisplayReady
06-09 16:15:38.991  2086  2086 I ActivityTaskManager: Config changes=20005df8 {1.0 ?mcc?mnc [en_US] ldltr sw720dp w1280dp h696dp 160dpi xlrg long land ?uimode ?night -touch qwerty/v/v dpad/v winConfig={ mBounds=Rect(0, 0 - 1280, 720) mAppBounds=Rect(0, 0 - 1280, 720) mWindowingMode=fullscreen mDisplayWindowingMode=fullscreen mActivityType=undefined mAlwaysOnTop=undefined mRotation=ROTATION_0} s.2}
06-09 16:15:39.014  2086  2086 I ActivityTaskManager: Override config changes=60007dfc {1.0 ?mcc?mnc [en_US] ldltr sw720dp w1280dp h696dp 160dpi xlrg long land ?uimode ?night -touch qwerty/v/v dpad/v winConfig={ mBounds=Rect(0, 0 - 1280, 720) mAppBounds=Rect(0, 0 - 1280, 720) mWindowingMode=fullscreen mDisplayWindowingMode=fullscreen mActivityType=undefined mAlwaysOnTop=undefined mRotation=ROTATION_0} s.2} for displayId=0
06-09 16:15:39.038  2086  2086 D SystemServerTiming: MakeDisplayReady took to complete: 59ms
06-09 16:15:39.038  2086  2086 I SystemServer: StartStorageManagerService
06-09 16:15:39.041  2086  2086 I SystemServiceManager: Starting com.android.server.StorageManagerService$Lifecycle
06-09 16:15:39.045  2086  2138 I InputManager-JNI: Viewport [0] to add: local:0
06-09 16:15:39.048  2086  2572 I InputReader: Reconfiguring input devices.  changes=0x00000004
06-09 16:15:39.080  2086  2586 D StorageManagerService: Thinking about init, mBootCompleted=false, mDaemonConnected=true
06-09 16:15:39.080  2086  2586 D StorageManagerService: Thinking about reset, mBootCompleted=false, mDaemonConnected=true
06-09 16:15:39.081  2086  2086 D SystemServerTiming: StartStorageManagerService took to complete: 42ms
06-09 16:15:39.081  2086  2086 I SystemServer: StartStorageStatsService
06-09 16:15:39.081  2086  2086 I SystemServiceManager: Starting com.android.server.usage.StorageStatsService$Lifecycle
06-09 16:15:39.090  1885  1911 D installd: Found quota mount /dev/block/by-name/UDISK at /data
06-09 16:15:39.093  1885  1911 D installd: Found quota mount /dev/block/by-name/UDISK at /data
06-09 16:15:39.097  2086  2086 D SystemServerTiming: StartStorageStatsService took to complete: 16ms
06-09 16:15:39.097  2086  2086 I SystemServer: StartUiModeManager
06-09 16:15:39.098  2086  2086 I SystemServiceManager: Starting com.android.server.UiModeManagerService
06-09 16:15:39.114  2086  2086 D SystemServerTiming: StartUiModeManager took to complete: 17ms
06-09 16:15:39.114  2086  2086 I SystemServer: UpdatePackagesIfNeeded
06-09 16:15:39.115  2086  2086 I Watchdog: Pausing HandlerChecker: main thread for reason: dexopt. Pause count: 1
06-09 16:15:39.115  2086  2086 I Watchdog: Resuming HandlerChecker: main thread for reason: dexopt. Pause count: 0
06-09 16:15:39.116  2086  2086 D SystemServerTiming: UpdatePackagesIfNeeded took to complete: 1ms
06-09 16:15:39.116  2086  2086 I SystemServer: PerformFstrimIfNeeded
06-09 16:15:39.117  2086  2086 D SystemServerTiming: PerformFstrimIfNeeded took to complete: 1ms
06-09 16:15:39.117  2086  2086 I SystemServer: StartLockSettingsService
06-09 16:15:39.120  2086  2086 I SystemServiceManager: Starting com.android.server.locksettings.LockSettingsService$Lifecycle
06-09 16:15:39.121  2086  2513 I ActivityTaskManager: Config changes=200 {1.0 ?mcc?mnc [en_US] ldltr sw720dp w1280dp h696dp 160dpi xlrg long land television -touch qwerty/v/v dpad/v winConfig={ mBounds=Rect(0, 0 - 1280, 720) mAppBounds=Rect(0, 0 - 1280, 720) mWindowingMode=fullscreen mDisplayWindowingMode=fullscreen mActivityType=undefined mAlwaysOnTop=undefined mRotation=ROTATION_0} s.4}
06-09 16:15:39.146  1820  1820 E ActivityRecognitionHardware: activity_recognition HAL is deprecated. class_init is effectively a no-op
06-09 16:15:39.148  2086  2513 I ActivityTaskManager: Override config changes=200 {1.0 ?mcc?mnc [en_US] ldltr sw720dp w1280dp h696dp 160dpi xlrg long land television -touch qwerty/v/v dpad/v winConfig={ mBounds=Rect(0, 0 - 1280, 720) mAppBounds=Rect(0, 0 - 1280, 720) mWindowingMode=fullscreen mDisplayWindowingMode=fullscreen mActivityType=undefined mAlwaysOnTop=undefined mRotation=ROTATION_0} s.4} for displayId=0
06-09 16:15:39.221  2086  2086 W SystemServiceManager: Service com.android.server.locksettings.LockSettingsService$Lifecycle took 101 ms in onStart
06-09 16:15:39.222  2086  2086 D SystemServerTiming: StartLockSettingsService took to complete: 104ms
06-09 16:15:39.222  2086  2086 I SystemServer: StartPersistentDataBlock
06-09 16:15:39.223  2086  2086 I SystemServiceManager: Starting com.android.server.PersistentDataBlockService
06-09 16:15:39.225  2086  2086 D SystemServerTiming: StartPersistentDataBlock took to complete: 3ms
06-09 16:15:39.226  2086  2086 I SystemServer: StartTestHarnessMode
06-09 16:15:39.226  2086  2086 I SystemServiceManager: Starting com.android.server.testharness.TestHarnessModeService
06-09 16:15:39.229  2086  2086 D SystemServerTiming: StartTestHarnessMode took to complete: 4ms
06-09 16:15:39.229  2086  2086 I SystemServer: StartOemLockService
06-09 16:15:39.230  2086  2086 I SystemServiceManager: Starting com.android.server.oemlock.OemLockService
06-09 16:15:39.230  2086  2510 E PersistentDataBlockService: not able to find package 
06-09 16:15:39.230  2086  2510 E PersistentDataBlockService: android.content.pm.PackageManager$NameNotFoundException: 
06-09 16:15:39.230  2086  2510 E PersistentDataBlockService: 	at android.app.ApplicationPackageManager.getPackageUidAsUser(ApplicationPackageManager.java:311)
06-09 16:15:39.230  2086  2510 E PersistentDataBlockService: 	at com.android.server.PersistentDataBlockService.getAllowedUid(PersistentDataBlockService.java:153)
06-09 16:15:39.230  2086  2510 E PersistentDataBlockService: 	at com.android.server.PersistentDataBlockService.lambda$onStart$0$PersistentDataBlockService(PersistentDataBlockService.java:166)
06-09 16:15:39.230  2086  2510 E PersistentDataBlockService: 	at com.android.server.-$$Lambda$PersistentDataBlockService$EZl9OYaT2eNL7kfSr2nKUBjxidk.run(Unknown Source:2)
06-09 16:15:39.230  2086  2510 E PersistentDataBlockService: 	at com.android.server.SystemServerInitThreadPool.lambda$submit$0$SystemServerInitThreadPool(SystemServerInitThreadPool.java:72)
06-09 16:15:39.230  2086  2510 E PersistentDataBlockService: 	at com.android.server.-$$Lambda$SystemServerInitThreadPool$jLyL3DFmbjsFesU5SGktD3NoWSc.run(Unknown Source:6)
06-09 16:15:39.230  2086  2510 E PersistentDataBlockService: 	at java.util.concurrent.Executors$RunnableAdapter.call(Executors.java:462)
06-09 16:15:39.230  2086  2510 E PersistentDataBlockService: 	at java.util.concurrent.FutureTask.run(FutureTask.java:266)
06-09 16:15:39.230  2086  2510 E PersistentDataBlockService: 	at java.util.concurrent.ThreadPoolExecutor.runWorker(ThreadPoolExecutor.java:1167)
06-09 16:15:39.230  2086  2510 E PersistentDataBlockService: 	at java.util.concurrent.ThreadPoolExecutor$Worker.run(ThreadPoolExecutor.java:641)
06-09 16:15:39.230  2086  2510 E PersistentDataBlockService: 	at com.android.internal.util.ConcurrentUtils$1$1.run(ConcurrentUtils.java:62)
06-09 16:15:39.240  1697  1697 I hwservicemanager: getTransport: Cannot find entry android.hardware.oemlock@1.0::IOemLock/default in either framework or device manifest.
06-09 16:15:39.242  2086  2086 I OemLock : OemLock HAL not present on device
06-09 16:15:39.242  2086  2086 I OemLock : Using persistent data block based lock
06-09 16:15:39.246  2086  2086 D SystemServerTiming: StartOemLockService took to complete: 16ms
06-09 16:15:39.246  2086  2086 I SystemServer: StartDeviceIdleController
06-09 16:15:39.248  2086  2086 I SystemServiceManager: Starting com.android.server.DeviceIdleController
06-09 16:15:39.276  2086  2086 D SystemServerTiming: StartDeviceIdleController took to complete: 29ms
06-09 16:15:39.276  2086  2086 I SystemServer: StartDevicePolicyManager
06-09 16:15:39.277  2086  2086 I SystemServiceManager: Starting com.android.server.devicepolicy.DevicePolicyManagerService$Lifecycle
06-09 16:15:39.297  1820  1820 I zygote  : Thread[1,tid=1820,Native,Thread*=0xe9567e00,peer=0x71f27000,"main"] recursive attempt to load library "libmedia_jni.so"
06-09 16:15:39.298  1820  1820 D MtpDeviceJNI: register_android_mtp_MtpDevice
06-09 16:15:39.301  1820  1820 I zygote  : Thread[1,tid=1820,Native,Thread*=0xe9567e00,peer=0x71f27000,"main"] recursive attempt to load library "libmedia_jni.so"
06-09 16:15:39.302  1820  1820 I zygote  : Thread[1,tid=1820,Native,Thread*=0xe9567e00,peer=0x71f27000,"main"] recursive attempt to load library "libmedia_jni.so"
06-09 16:15:39.332  2086  2086 D SystemServerTiming: StartDevicePolicyManager took to complete: 55ms
06-09 16:15:39.332  2086  2086 I SystemServer: StartStatusBarManagerService
06-09 16:15:39.339  1820  1820 W Zygote  : Class not found for preloading: android.media.audiopolicy.AudioProductStrategies
06-09 16:15:39.341  1820  1820 W Zygote  : Class not found for preloading: android.media.audiopolicy.AudioVolumeGroups
06-09 16:15:39.342  2086  2086 D SystemServerTiming: StartStatusBarManagerService took to complete: 10ms
06-09 16:15:39.343  2086  2086 D SystemServer: ContentCaptureService disabled because resource is not overlaid
06-09 16:15:39.347  2086  2086 D SystemServer: AttentionService is not configured on this device
06-09 16:15:39.347  2086  2086 D SystemServer: SystemCaptionsManagerService disabled because resource is not overlaid
06-09 16:15:39.347  2086  2086 I SystemServer: StartAppPredictionService
06-09 16:15:39.349  2086  2086 I SystemServiceManager: Starting com.android.server.appprediction.AppPredictionManagerService
06-09 16:15:39.358  2086  2086 D SystemServerTiming: StartAppPredictionService took to complete: 11ms
06-09 16:15:39.359  2086  2086 I SystemServer: StartContentSuggestionsService
06-09 16:15:39.361  2086  2086 I SystemServiceManager: Starting com.android.server.contentsuggestions.ContentSuggestionsManagerService
06-09 16:15:39.366  2086  2086 D SystemServerTiming: StartContentSuggestionsService took to complete: 7ms
06-09 16:15:39.366  2086  2086 I SystemServer: InitNetworkStackClient
06-09 16:15:39.378  2086  2086 D SystemServerTiming: InitNetworkStackClient took to complete: 12ms
06-09 16:15:39.379  2086  2086 I SystemServer: StartNetworkManagementService
06-09 16:15:39.404  1821  1984 I netd    : registerUnsolicitedEventListener() <0.20ms>
06-09 16:15:39.407  2086  2086 D SystemServerTiming: StartNetworkManagementService took to complete: 28ms
06-09 16:15:39.407  2086  2086 I SystemServer: StartIpSecService
06-09 16:15:39.414  2086  2086 D SystemServerTiming: StartIpSecService took to complete: 6ms
06-09 16:15:39.414  2086  2086 I SystemServer: StartTextServicesManager
06-09 16:15:39.414  2086  2086 I SystemServiceManager: Starting com.android.server.textservices.TextServicesManagerService$Lifecycle
06-09 16:15:39.419  1697  1697 I hwservicemanager: Notifying android.hardware.light@2.0::ILight/default they have clients: 0
06-09 16:15:39.421  2202  2202 I /vendor/bin/hw/android.hardware.light@2.0-service-lazy: Process has 0 (of 1 available) client(s) in use after notification android.hardware.light@2.0::ILight has clients: 0
06-09 16:15:39.423  2202  2202 I /vendor/bin/hw/android.hardware.light@2.0-service-lazy: Trying to exit HAL. No clients in use for any service in process.
06-09 16:15:39.424  2086  2086 D SystemServerTiming: StartTextServicesManager took to complete: 9ms
06-09 16:15:39.424  2086  2086 I SystemServer: StartTextClassificationManagerService
06-09 16:15:39.424  2086  2086 I SystemServiceManager: Starting com.android.server.textclassifier.TextClassificationManagerService$Lifecycle
06-09 16:15:39.425  1697  1697 I hwservicemanager: Notifying android.hardware.light@2.0::ILight/default they have clients: 1
06-09 16:15:39.427  2202  2202 I /vendor/bin/hw/android.hardware.light@2.0-service-lazy: Unregistered all clients and exiting
06-09 16:15:39.427  2086  2086 D SystemServerTiming: StartTextClassificationManagerService took to complete: 4ms
06-09 16:15:39.428  2086  2086 I SystemServer: StartNetworkScoreService
06-09 16:15:39.428  2086  2086 I SystemServiceManager: Starting com.android.server.NetworkScoreService$Lifecycle
06-09 16:15:39.437  2086  2086 I NetworkScoreService: Registering network_score
06-09 16:15:39.440  2086  2086 D SystemServerTiming: StartNetworkScoreService took to complete: 12ms
06-09 16:15:39.440  2086  2086 I SystemServer: StartNetworkStatsService
06-09 16:15:39.449  2086  2086 D SystemServerTiming: StartNetworkStatsService took to complete: 8ms
06-09 16:15:39.449  2086  2086 I SystemServer: StartNetworkPolicyManagerService
06-09 16:15:39.478  2086  2086 D SystemServerTiming: StartNetworkPolicyManagerService took to complete: 29ms
06-09 16:15:39.478  2086  2086 I SystemServer: StartWifi
06-09 16:15:39.508  2086  2086 I SystemServiceManager: Starting com.android.server.wifi.WifiService
06-09 16:15:39.640  1820  1820 W Zygote  : Class not found for preloading: android.view.textclassifier.-$$Lambda$TextClassificationManager$JIaezIJbMig_-kVzN6oArzkTsJE
06-09 16:15:39.676  1820  1820 W Zygote  : Class not found for preloading: com.android.internal.net.NetworkStatsFactory
06-09 16:15:39.689  1820  1820 W Zygote  : Class not found for preloading: com.android.internal.telephony.-$$Lambda$PhoneSubInfoController$8HFbCDJDN1mrLJG980qYH5MGqMk
06-09 16:15:39.690  1820  1820 W Zygote  : Class not found for preloading: com.android.internal.telephony.-$$Lambda$PhoneSubInfoController$U28a_EGx2cvmQhDfRRgonMt5Zrc
06-09 16:15:39.691  1820  1820 W Zygote  : Class not found for preloading: com.android.internal.telephony.-$$Lambda$SubscriptionInfoUpdater$-zZXM9oMRZ3vZz7dJOG19J00Bmw
06-09 16:15:39.692  1820  1820 W Zygote  : Class not found for preloading: com.android.internal.telephony.-$$Lambda$SubscriptionInfoUpdater$D5yF1HbS4cvCyoAj3FESkPtA_0g
06-09 16:15:39.693  1820  1820 W Zygote  : Class not found for preloading: com.android.internal.telephony.-$$Lambda$SubscriptionInfoUpdater$MMx9iQX0JVqqMPLTUZhdBubFSzU
06-09 16:15:39.704  1820  1820 W Zygote  : Class not found for preloading: com.android.internal.telephony.PhoneConfigurationModels
06-09 16:15:39.709  1820  1820 W Zygote  : Class not found for preloading: com.android.internal.telephony.SubscriptionController$ScLocalLog
06-09 16:15:39.711  1820  1820 W Zygote  : Class not found for preloading: com.android.internal.telephony.UiccSmsController
06-09 16:15:39.715  2086  2474 D SystemServerTimingAsync: AppDataPrepare took to complete: 2093ms
06-09 16:15:39.716  2086  2474 I PackageManager: Deferred reconcileAppsData finished 94 packages
06-09 16:15:39.734  2086  2086 E HostapdHal: Malformed channel value detected: java.lang.NumberFormatException: For input string: ""
06-09 16:15:39.778  2086  2086 D WifiCountryCode: mDefaultCountryCode null mRevertCountryCodeOnCellularLoss false
06-09 16:15:39.780  2086  2086 D WifiApConfigStore: 2G band allowed channels are:1,6,11
06-09 16:15:39.798  2086  2086 I WifiScoringParams: rssi2=-83:-80:-73:-60,rssi5=-80:-77:-70:-57,pps=0:1:100,horizon=15,nud=8,expid=0
06-09 16:15:39.854  1820  1820 I Zygote  : ...preloaded 7590 classes in 1628ms.
06-09 16:15:39.855  1820  1820 I zygote  : VMRuntime.preloadDexCaches starting
06-09 16:15:39.911  2086  2086 D WifiOpenNetworkNotifier: Settings toggle enabled=true
06-09 16:15:39.913  2086  2086 D WifiCarrierNetworkNotifier: Settings toggle enabled=true
06-09 16:15:39.932  2086  2086 D WifiActiveModeWarden: Starting Wifi in WifiDisabledState
06-09 16:15:39.932  2086  2614 D WifiActiveModeWarden: Entering WifiDisabledState
06-09 16:15:39.937  2086  2086 D WakeupController: WifiWake enabled
06-09 16:15:39.943  1820  1820 I zygote  : VMRuntime.preloadDexCaches strings total=379687 before=9926 after=9926
06-09 16:15:39.943  1820  1820 I zygote  : VMRuntime.preloadDexCaches types total=35831 before=7200 after=7468
06-09 16:15:39.943  1820  1820 I zygote  : VMRuntime.preloadDexCaches fields total=160895 before=8020 after=8221
06-09 16:15:39.943  1820  1820 I zygote  : VMRuntime.preloadDexCaches methods total=281670 before=10884 after=11316
06-09 16:15:39.943  1820  1820 I zygote  : VMRuntime.preloadDexCaches finished
06-09 16:15:39.944  1820  1820 D ZygoteInitTiming_lazy: PreloadClasses took to complete: 1718ms
06-09 16:15:39.946  2086  2086 E WifiClientModeImpl: getWifiLinkLayerStats called without an interface
06-09 16:15:39.949  1820  1820 D ApplicationLoaders: Created zygote-cached class loader: /system/framework/android.hidl.base-V1.0-java.jar
06-09 16:15:39.955  1820  1820 D ApplicationLoaders: Created zygote-cached class loader: /system/framework/android.hidl.manager-V1.0-java.jar
06-09 16:15:39.956  1820  1820 D ZygoteInitTiming_lazy: CacheNonBootClasspathClassLoaders took to complete: 12ms
06-09 16:15:39.956  1820  1820 I Zygote  : Preloading resources...
06-09 16:15:39.958  2086  2086 E SupplicantStaIfaceHal: Can't call setDebugParams, ISupplicant is null
06-09 16:15:39.959  2086  2086 W WifiDiags: no ring buffers found
06-09 16:15:39.959  2086  2086 W WifiDiags: Failed to start packet fate monitoring
06-09 16:15:39.960  2086  2086 I WifiService: Registering wifi
06-09 16:15:39.962  2086  2086 D SystemServerTiming: StartWifi took to complete: 484ms
06-09 16:15:39.962  2086  2086 I SystemServer: StartWifiScanning
06-09 16:15:39.964  2086  2086 I SystemServiceManager: Starting com.android.server.wifi.scanner.WifiScanningService
06-09 16:15:39.965  2086  2086 I WifiScanningService: Creating wifiscanner
06-09 16:15:39.969  2086  2086 I WifiScanningService: Publishing wifiscanner
06-09 16:15:39.972  2086  2086 D SystemServerTiming: StartWifiScanning took to complete: 10ms
06-09 16:15:39.972  2086  2086 I SystemServer: StartWifiP2P
06-09 16:15:39.973  2086  2086 I SystemServiceManager: Starting com.android.server.wifi.p2p.WifiP2pService
06-09 16:15:39.995  1820  1820 W Resources: Preloaded drawable resource #0x108027c (android:drawable/dialog_background_material) that varies with configuration!!
06-09 16:15:39.997  2086  2086 W HalDevMgr: isWifiStarted called but mWifi is null!?
06-09 16:15:39.998  2086  2086 I WifiP2pService: Registering wifip2p
06-09 16:15:40.002  2086  2086 D SystemServerTiming: StartWifiP2P took to complete: 29ms
06-09 16:15:40.004  2086  2086 I SystemServer: StartEthernet
06-09 16:15:40.007  2086  2086 I SystemServiceManager: Starting com.android.server.ethernet.EthernetService
06-09 16:15:40.008  2086  2086 I EthernetService: Registering service ethernet
06-09 16:15:40.010  2086  2086 D SystemServerTiming: StartEthernet took to complete: 4ms
06-09 16:15:40.010  2086  2086 I SystemServer: StartPppoe
06-09 16:15:40.012  2086  2086 I SystemServiceManager: Starting com.android.server.pppoe.PppoeService
06-09 16:15:40.013  2086  2086 I PppoeServiceImpl: Creating PppoeServiceImpl
06-09 16:15:40.023  2086  2086 I PppoeService: Registering service pppoe
06-09 16:15:40.025  2086  2086 D SystemServerTiming: StartPppoe took to complete: 14ms
06-09 16:15:40.025  2086  2086 I SystemServer: StartConnectivityService
06-09 16:15:40.053  2086  2086 D ConnectivityService: ConnectivityService starting up
06-09 16:15:40.066  2086  2086 D ConnectivityService: wifiOnly=false
06-09 16:15:40.066  2086  2086 E ConnectivityService: Ignoring protectedNetwork 10
06-09 16:15:40.067  2086  2086 E ConnectivityService: Ignoring protectedNetwork 11
06-09 16:15:40.067  2086  2086 E ConnectivityService: Ignoring protectedNetwork 12
06-09 16:15:40.067  2086  2086 E ConnectivityService: Ignoring protectedNetwork 14
06-09 16:15:40.067  2086  2086 E ConnectivityService: Ignoring protectedNetwork 15
06-09 16:15:40.106  1820  1820 I Zygote  : ...preloaded 64 resources in 150ms.
06-09 16:15:40.117  2086  2086 D SystemServerTiming: StartConnectivityService took to complete: 92ms
06-09 16:15:40.117  2086  2086 I SystemServer: StartNsdService
06-09 16:15:40.125  2086  2086 D NsdService: Network service discovery is enabled
06-09 16:15:40.132  2086  2086 D SystemServerTiming: StartNsdService took to complete: 14ms
06-09 16:15:40.132  2086  2086 I SystemServer: StartSystemUpdateManagerService
06-09 16:15:40.134  2086  2086 I SystemUpdateManagerService: No existing info file /data/system/system-update-info.xml
06-09 16:15:40.139  2086  2086 D SystemServerTiming: StartSystemUpdateManagerService took to complete: 8ms
06-09 16:15:40.139  2086  2086 I SystemServer: StartUpdateLockService
06-09 16:15:40.142  2086  2086 D SystemServerTiming: StartUpdateLockService took to complete: 2ms
06-09 16:15:40.142  2086  2086 I SystemServer: StartNotificationManager
06-09 16:15:40.144  1820  1820 I Zygote  : ...preloaded 41 resources in 37ms.
06-09 16:15:40.145  1820  1820 D ZygoteInitTiming_lazy: PreloadResources took to complete: 190ms
06-09 16:15:40.146  2086  2086 I SystemServiceManager: Starting com.android.server.notification.NotificationManagerService
06-09 16:15:40.191  1820  1820 D libEGL  : loaded /vendor/lib/egl/libGLES_mali.so
06-09 16:15:40.197  2086  2086 D ConditionProviders.SCP: new ScheduleConditionProvider()
06-09 16:15:40.228  2086  2086 D NotificationAssistants: Approving default notification assistant for user 0
06-09 16:15:40.229  2086  2086 D NotificationService: Set default NAS to be android.ext.services/android.ext.services.notification.Assistant in 0
06-09 16:15:40.244  2086  2086 W SystemServiceManager: Service com.android.server.notification.NotificationManagerService took 85 ms in onStart
06-09 16:15:40.255  1820  1820 I Zygote  : Preloading shared libraries...
06-09 16:15:40.259  2086  2086 D SystemServerTiming: StartNotificationManager took to complete: 116ms
06-09 16:15:40.259  2086  2086 I SystemServer: StartDeviceMonitor
06-09 16:15:40.260  2086  2086 I SystemServiceManager: Starting com.android.server.storage.DeviceStorageMonitorService
06-09 16:15:40.264  2086  2086 D SystemServerTiming: StartDeviceMonitor took to complete: 4ms
06-09 16:15:40.264  2086  2086 I SystemServer: StartLocationManagerService
06-09 16:15:40.269  1820  1820 I Zygote  : Called ZygoteHooks.endPreload()
06-09 16:15:40.271  1820  1820 I Zygote  : Installed AndroidKeyStoreProvider in 1ms.
06-09 16:15:40.275  2086  2086 D SystemServerTiming: StartLocationManagerService took to complete: 11ms
06-09 16:15:40.275  2086  2086 I SystemServer: StartCountryDetectorService
06-09 16:15:40.278  2086  2086 D SystemServerTiming: StartCountryDetectorService took to complete: 2ms
06-09 16:15:40.278  2086  2086 I SystemServer: StartTimeDetectorService
06-09 16:15:40.278  2086  2086 I SystemServiceManager: Starting com.android.server.timedetector.TimeDetectorService$Lifecycle
06-09 16:15:40.282  2086  2086 D SystemServerTiming: StartTimeDetectorService took to complete: 4ms
06-09 16:15:40.282  2086  2086 I SystemServer: StartSearchManagerService
06-09 16:15:40.282  2086  2086 I SystemServiceManager: Starting com.android.server.search.SearchManagerService$Lifecycle
06-09 16:15:40.289  2086  2086 D SystemServerTiming: StartSearchManagerService took to complete: 6ms
06-09 16:15:40.289  2086  2086 I SystemServer: StartWallpaperManagerService
06-09 16:15:40.290  2086  2086 I SystemServiceManager: Starting com.android.server.wallpaper.WallpaperManagerService$Lifecycle
06-09 16:15:40.294  1820  1820 I Zygote  : Warmed up JCA providers in 23ms.
06-09 16:15:40.294  1820  1820 D Zygote  : end preload
06-09 16:15:40.295  2086  2142 D SystemServerTimingAsync: SecondaryZygotePreload took to complete: 2145ms
06-09 16:15:40.297  2086  2086 D SystemServerTiming: StartWallpaperManagerService took to complete: 8ms
06-09 16:15:40.297  2086  2086 I SystemServer: StartAudioService
06-09 16:15:40.297  2086  2086 I SystemServiceManager: Starting com.android.server.audio.AudioService$Lifecycle
06-09 16:15:40.332  1841  1841 D PermissionCache: checking android.permission.MODIFY_AUDIO_ROUTING for uid=1000 => granted (1638 us)
06-09 16:15:40.341  1841  2046 W AudioFlinger: no wake lock to update, system not ready yet
06-09 16:15:40.348  1841  2508 D PermissionCache: checking android.permission.MODIFY_AUDIO_SETTINGS for uid=1000 => granted (337 us)
06-09 16:15:40.351  1825  1825 W DeviceHAL: Error from HAL Device in function set_mic_mute: Function not implemented
06-09 16:15:40.353  1825  1825 W DeviceHAL: Error from HAL Device in function set_mic_mute: Function not implemented
06-09 16:15:40.354  2086  2086 E AudioSystem-JNI: Command failed for android_media_AudioSystem_muteMicrophone: -38
06-09 16:15:40.448  1841  2508 D AudioFlinger: isLowRamDevice:true totalMemory:2072711168 mClientSharedHeapSize:1048576
06-09 16:15:40.451  2086  2086 D SystemServerTiming: StartAudioService took to complete: 155ms
06-09 16:15:40.451  2086  2086 I SystemServer: StartDockObserver
06-09 16:15:40.452  2086  2086 I SystemServiceManager: Starting com.android.server.DockObserver
06-09 16:15:40.453  2086  2086 W DockObserver: This kernel does not have dock station support
06-09 16:15:40.455  2086  2086 D SystemServerTiming: StartDockObserver took to complete: 3ms
06-09 16:15:40.455  2086  2086 I SystemServer: StartWiredAccessoryManager
06-09 16:15:40.458  2086  2086 I SystemServer: Audio device manager Observer
06-09 16:15:40.459  2086  2086 E Environment: Path requests must specify a user by using UserEnvironment
06-09 16:15:40.459  2086  2086 E Environment: java.lang.Throwable
06-09 16:15:40.459  2086  2086 E Environment: 	at android.os.Environment.throwIfUserRequired(Environment.java:1208)
06-09 16:15:40.459  2086  2086 E Environment: 	at android.os.Environment.getExternalStorageDirectory(Environment.java:570)
06-09 16:15:40.459  2086  2086 E Environment: 	at com.android.server.SystemServer.startOtherServices(SystemServer.java:1575)
06-09 16:15:40.459  2086  2086 E Environment: 	at com.android.server.SystemServer.run(SystemServer.java:537)
06-09 16:15:40.459  2086  2086 E Environment: 	at com.android.server.SystemServer.main(SystemServer.java:365)
06-09 16:15:40.459  2086  2086 E Environment: 	at java.lang.reflect.Method.invoke(Native Method)
06-09 16:15:40.459  2086  2086 E Environment: 	at com.android.internal.os.RuntimeInit$MethodAndArgsCaller.run(RuntimeInit.java:492)
06-09 16:15:40.459  2086  2086 E Environment: 	at com.android.internal.os.ZygoteInit.main(ZygoteInit.java:1045)
06-09 16:15:40.463  2086  2086 I DropBoxManagerService: add tag=system_server_wtf isTagEnabled=true flags=0x2
06-09 16:15:40.488  2086  2086 W StorageManagerService: No primary storage defined yet; hacking together a stub
06-09 16:15:40.517  2086  2086 D DisplayOutputManager: Get DisplayOutputManagerService: ok
06-09 16:15:40.517  2086  2086 D AudioManagerEx: AudioManagerEx
06-09 16:15:40.517  2086  2086 D AudioDeviceManagerObserver: AudioDeviceManagerObserver construct
06-09 16:15:40.518  2086  2086 D SystemServerTiming: StartWiredAccessoryManager took to complete: 63ms
06-09 16:15:40.518  2086  2086 I SystemServer: StartAdbService
06-09 16:15:40.518  2086  2086 I SystemServiceManager: Starting com.android.server.adb.AdbService$Lifecycle
06-09 16:15:40.522  2086  2086 D SystemServerTiming: StartAdbService took to complete: 4ms
06-09 16:15:40.522  2086  2086 I SystemServer: StartUsbService
06-09 16:15:40.523  2086  2086 I SystemServiceManager: Starting com.android.server.usb.UsbService$Lifecycle
06-09 16:15:40.528  2086  2086 E UsbDeviceManager: failed to write to /sys/class/android_usb/android0/f_rndis/ethaddr
06-09 16:15:40.530  1697  1697 I hwservicemanager: getTransport: Cannot find entry android.hardware.usb.gadget@1.0::IUsbGadget/default in either framework or device manifest.
06-09 16:15:40.533  2086  2086 I UsbDeviceManager: USB GADGET HAL not present in the device
06-09 16:15:40.533  2086  2086 I UsbDeviceManager: java.util.NoSuchElementException
06-09 16:15:40.533  2086  2086 I UsbDeviceManager: 	at android.os.HwBinder.getService(Native Method)
06-09 16:15:40.533  2086  2086 I UsbDeviceManager: 	at android.hardware.usb.gadget.V1_0.IUsbGadget.getService(IUsbGadget.java:55)
06-09 16:15:40.533  2086  2086 I UsbDeviceManager: 	at android.hardware.usb.gadget.V1_0.IUsbGadget.getService(IUsbGadget.java:62)
06-09 16:15:40.533  2086  2086 I UsbDeviceManager: 	at com.android.server.usb.UsbDeviceManager.<init>(UsbDeviceManager.java:263)
06-09 16:15:40.533  2086  2086 I UsbDeviceManager: 	at com.android.server.usb.UsbService.<init>(UsbService.java:150)
06-09 16:15:40.533  2086  2086 I UsbDeviceManager: 	at com.android.server.usb.UsbService$Lifecycle.onStart(UsbService.java:84)
06-09 16:15:40.533  2086  2086 I UsbDeviceManager: 	at com.android.server.SystemServiceManager.startService(SystemServiceManager.java:129)
06-09 16:15:40.533  2086  2086 I UsbDeviceManager: 	at com.android.server.SystemServiceManager.startService(SystemServiceManager.java:116)
06-09 16:15:40.533  2086  2086 I UsbDeviceManager: 	at com.android.server.SystemServiceManager.startService(SystemServiceManager.java:75)
06-09 16:15:40.533  2086  2086 I UsbDeviceManager: 	at com.android.server.SystemServer.startOtherServices(SystemServer.java:1609)
06-09 16:15:40.533  2086  2086 I UsbDeviceManager: 	at com.android.server.SystemServer.run(SystemServer.java:537)
06-09 16:15:40.533  2086  2086 I UsbDeviceManager: 	at com.android.server.SystemServer.main(SystemServer.java:365)
06-09 16:15:40.533  2086  2086 I UsbDeviceManager: 	at java.lang.reflect.Method.invoke(Native Method)
06-09 16:15:40.533  2086  2086 I UsbDeviceManager: 	at com.android.internal.os.RuntimeInit$MethodAndArgsCaller.run(RuntimeInit.java:492)
06-09 16:15:40.533  2086  2086 I UsbDeviceManager: 	at com.android.internal.os.ZygoteInit.main(ZygoteInit.java:1045)
06-09 16:15:40.534  2086  2086 E UsbDeviceManagerJNI: could not open control for mtp Permission denied
06-09 16:15:40.534  2086  2086 E UsbDeviceManager: Failed to open control for mtp
06-09 16:15:40.534  2086  2086 E UsbDeviceManagerJNI: could not open control for ptp Permission denied
06-09 16:15:40.534  2086  2086 E UsbDeviceManager: Failed to open control for ptp
06-09 16:15:40.555  2086  2086 W StorageManagerService: No primary storage defined yet; hacking together a stub
06-09 16:15:40.557  2086  2086 W UsbDeviceManager: mCurrentFuntionsStr is mtp,adb value is 5
06-09 16:15:40.565  2086  2086 I android_os_HwBinder: HwBinder: Starting thread pool for getting: android.hidl.manager@1.0::IServiceManager/default
06-09 16:15:40.568  2086  2190 I UsbPortManager: Usb hal service started android.hardware.usb@1.0::IUsb default
06-09 16:15:40.571  2086  2086 I android_os_HwBinder: HwBinder: Starting thread pool for getting: android.hardware.usb@1.0::IUsb/default
06-09 16:15:40.572  1839  1839 I android.hardware.usb@1.0-service: registering callback
06-09 16:15:40.573  1839  1839 E android.hardware.usb@1.0-service: Failed to open /sys/class/dual_role_usb
06-09 16:15:40.574  1839  2667 E android.hardware.usb@1.0-service: creating thread
06-09 16:15:40.579  2086  2086 W SystemServiceManager: Service com.android.server.usb.UsbService$Lifecycle took 56 ms in onStart
06-09 16:15:40.579  2086  2086 D SystemServerTiming: StartUsbService took to complete: 57ms
06-09 16:15:40.579  2086  2086 D SystemServer: Usb Camera device manager Observer
06-09 16:15:40.580  2086  2086 D UsbCameraDeviceManagerObserver: UsbCameraDeviceManagerObserver construct
06-09 16:15:40.580  2086  2086 I SystemServer: StartSerialService
06-09 16:15:40.582  2086  2086 D SystemServerTiming: StartSerialService took to complete: 1ms
06-09 16:15:40.582  2086  2086 I SystemServer: StartHardwarePropertiesManagerService
06-09 16:15:40.584  1697  1697 I hwservicemanager: getTransport: Cannot find entry android.hardware.thermal@1.0::IThermal/default in either framework or device manifest.
06-09 16:15:40.584  2086  2086 E HardwarePropertiesManagerService-JNI: Unable to get Thermal service.
06-09 16:15:40.586  2086  2086 D SystemServerTiming: StartHardwarePropertiesManagerService took to complete: 4ms
06-09 16:15:40.586  2086  2086 I SystemServer: StartTwilightService
06-09 16:15:40.586  2086  2086 I SystemServiceManager: Starting com.android.server.twilight.TwilightService
06-09 16:15:40.587  2086  2086 D SystemServerTiming: StartTwilightService took to complete: 2ms
06-09 16:15:40.588  2086  2086 I SystemServer: StartColorDisplay
06-09 16:15:40.588  2086  2086 I SystemServiceManager: Starting com.android.server.display.color.ColorDisplayService
