06-09 16:15:28.442  1900  1900 I MediaCodecsXmlParser: limit: bitrate-range = 1-60000000
06-09 16:15:28.442  1900  1900 I MediaCodecsXmlParser: limit: feature-adaptive-playback = 0
06-09 16:15:28.443  1900  1900 I MediaCodecsXmlParser: limit: feature-secure-playback = 1
06-09 16:15:28.443  1900  1900 I MediaCodecsXmlParser: limit: max-concurrent-instances = 4
06-09 16:15:28.443  1900  1900 I MediaCodecsXmlParser: limit: size-range = 176x144-6144x3160
06-09 16:15:28.443  1900  1900 I MediaCodecsXmlParser: limit: alignment = 2x2
06-09 16:15:28.443  1900  1900 I MediaCodecsXmlParser: limit: block-size = 16x16
06-09 16:15:28.443  1900  1900 I MediaCodecsXmlParser: limit: blocks-per-second-range = 1-489600
06-09 16:15:28.443  1900  1900 I MediaCodecsXmlParser: limit: bitrate-range = 1-60000000
06-09 16:15:28.443  1900  1900 I MediaCodecsXmlParser: limit: feature-adaptive-playback = 0
06-09 16:15:28.443  1900  1900 I MediaCodecsXmlParser: limit: max-concurrent-instances = 4
06-09 16:15:28.443  1900  1900 I MediaCodecsXmlParser: limit: size-range = 32x32-1920x1080
06-09 16:15:28.443  1900  1900 I MediaCodecsXmlParser: limit: alignment = 2x2
06-09 16:15:28.443  1900  1900 I MediaCodecsXmlParser: limit: block-size = 16x16
06-09 16:15:28.443  1900  1900 I MediaCodecsXmlParser: limit: blocks-per-second-range = 1-489600
06-09 16:15:28.443  1900  1900 I MediaCodecsXmlParser: limit: bitrate-range = 1-300000000
06-09 16:15:28.443  1900  1900 I MediaCodecsXmlParser: limit: feature-adaptive-playback = 0
06-09 16:15:28.443  1900  1900 I MediaCodecsXmlParser: limit: max-concurrent-instances = 4
06-09 16:15:28.443  1900  1900 I MediaCodecsXmlParser: limit: size-range = 32x32-1920x1080
06-09 16:15:28.443  1900  1900 I MediaCodecsXmlParser: limit: alignment = 2x2
06-09 16:15:28.443  1900  1900 I MediaCodecsXmlParser: limit: block-size = 16x16
06-09 16:15:28.443  1900  1900 I MediaCodecsXmlParser: limit: blocks-per-second-range = 1-489600
06-09 16:15:28.443  1900  1900 I MediaCodecsXmlParser: limit: bitrate-range = 1-100000000
06-09 16:15:28.443  1900  1900 I MediaCodecsXmlParser: limit: feature-adaptive-playback = 0
06-09 16:15:28.443  1900  1900 I MediaCodecsXmlParser: limit: max-concurrent-instances = 4
06-09 16:15:28.444  1900  1900 I MediaCodecsXmlParser: limit: size-range = 32x32-1920x1080
06-09 16:15:28.444  1900  1900 I MediaCodecsXmlParser: limit: alignment = 2x2
06-09 16:15:28.444  1900  1900 I MediaCodecsXmlParser: limit: block-size = 16x16
06-09 16:15:28.444  1900  1900 I MediaCodecsXmlParser: limit: blocks-per-second-range = 1-489600
06-09 16:15:28.444  1900  1900 I MediaCodecsXmlParser: limit: bitrate-range = 1-100000000
06-09 16:15:28.444  1900  1900 I MediaCodecsXmlParser: limit: feature-adaptive-playback = 0
06-09 16:15:28.444  1900  1900 I MediaCodecsXmlParser: limit: max-concurrent-instances = 4
06-09 16:15:28.444  1875  1875 I cameraserver: ServiceManager: 0xe9d1e1a0
06-09 16:15:28.444  1900  1900 I MediaCodecsXmlParser: limit: size-range = 176x144-1920x1080
06-09 16:15:28.444  1900  1900 I MediaCodecsXmlParser: limit: alignment = 2x2
06-09 16:15:28.444  1900  1900 I MediaCodecsXmlParser: limit: block-size = 16x16
06-09 16:15:28.444  1900  1900 I MediaCodecsXmlParser: limit: blocks-per-second-range = 1-489600
06-09 16:15:28.444  1900  1900 I MediaCodecsXmlParser: limit: bitrate-range = 1-100000000
06-09 16:15:28.444  1900  1900 I MediaCodecsXmlParser: limit: feature-adaptive-playback = 0
06-09 16:15:28.444  1900  1900 I MediaCodecsXmlParser: limit: max-concurrent-instances = 4
06-09 16:15:28.444  1875  1875 I CameraService: CameraService started (pid=1875)
06-09 16:15:28.444  1875  1875 I CameraService: CameraService process starting
06-09 16:15:28.444  1900  1900 I MediaCodecsXmlParser: limit: size-range = 32x32-1920x1080
06-09 16:15:28.444  1900  1900 I MediaCodecsXmlParser: limit: alignment = 2x2
06-09 16:15:28.444  1900  1900 I MediaCodecsXmlParser: limit: block-size = 16x16
06-09 16:15:28.444  1900  1900 I MediaCodecsXmlParser: limit: blocks-per-second-range = 1-489600
06-09 16:15:28.444  1900  1900 I MediaCodecsXmlParser: limit: bitrate-range = 1-100000000
06-09 16:15:28.444  1900  1900 I MediaCodecsXmlParser: limit: feature-adaptive-playback = 0
06-09 16:15:28.444  1900  1900 I MediaCodecsXmlParser: limit: max-concurrent-instances = 8
06-09 16:15:28.444  1875  1875 W BatteryNotifier: batterystats service unavailable!
06-09 16:15:28.445  1900  1900 I MediaCodecsXmlParser: limit: size-range = 32x32-1280x720
06-09 16:15:28.445  1900  1900 I MediaCodecsXmlParser: limit: alignment = 2x2
06-09 16:15:28.445  1900  1900 I MediaCodecsXmlParser: limit: block-size = 16x16
06-09 16:15:28.445  1900  1900 I MediaCodecsXmlParser: limit: blocks-per-second-range = 1-489600
06-09 16:15:28.445  1900  1900 I MediaCodecsXmlParser: limit: bitrate-range = 1-4000000
06-09 16:15:28.445  1900  1900 I MediaCodecsXmlParser: limit: feature-adaptive-playback = 0
06-09 16:15:28.445  1875  1875 W BatteryNotifier: batterystats service unavailable!
06-09 16:15:28.445  1900  1900 I MediaCodecsXmlParser: limit: max-concurrent-instances = 4
06-09 16:15:28.445  1900  1900 I MediaCodecsXmlParser: limit: size-range = 177x144-4096x2048
06-09 16:15:28.445  1900  1900 I MediaCodecsXmlParser: limit: alignment = 2x2
06-09 16:15:28.445  1900  1900 I MediaCodecsXmlParser: limit: block-size = 16x16
06-09 16:15:28.445  1900  1900 I MediaCodecsXmlParser: limit: blocks-per-second-range = 1-489600
06-09 16:15:28.445  1900  1900 I MediaCodecsXmlParser: limit: bitrate-range = 1-40000000
06-09 16:15:28.445  1900  1900 I MediaCodecsXmlParser: limit: feature-adaptive-playback = 0
06-09 16:15:28.445  1900  1900 I MediaCodecsXmlParser: limit: max-concurrent-instances = 4
06-09 16:15:28.445  1900  1900 I MediaCodecsXmlParser: limit: size-range = 32x32-4096x2160
06-09 16:15:28.445  1900  1900 I MediaCodecsXmlParser: limit: alignment = 2x2
06-09 16:15:28.445  1900  1900 I MediaCodecsXmlParser: limit: block-size = 16x16
06-09 16:15:28.445  1900  1900 I MediaCodecsXmlParser: limit: blocks-per-second-range = 1-489600
06-09 16:15:28.445  1900  1900 I MediaCodecsXmlParser: limit: bitrate-range = 1-60000000
06-09 16:15:28.445  1900  1900 I MediaCodecsXmlParser: limit: feature-adaptive-playback = 0
06-09 16:15:28.449  1875  1875 E cutils-trace: Error opening trace file: No such file or directory (2)
06-09 16:15:28.459  1875  1875 I CameraProviderManager: Connecting to new camera provider: legacy/0, isRemote? 1
06-09 16:15:28.461  1875  1875 I CameraProviderManager: Camera provider legacy/0 ready with 0 camera devices
06-09 16:15:28.463  1697  1697 I hwservicemanager: getTransport: Cannot find entry android.hardware.camera.provider@2.4::ICameraProvider/external/0 in either framework or device manifest.
06-09 16:15:28.463  1900  1900 I MediaCodecsXmlParser: limit: size-range = 32x32-1920x1080
06-09 16:15:28.464  1900  1900 I MediaCodecsXmlParser: limit: alignment = 2x2
06-09 16:15:28.464  1900  1900 I MediaCodecsXmlParser: limit: block-size = 16x16
06-09 16:15:28.464  1900  1900 I MediaCodecsXmlParser: limit: blocks-per-second-range = 1-489600
06-09 16:15:28.464  1900  1900 I MediaCodecsXmlParser: limit: bitrate-range = 1-100000000
06-09 16:15:28.464  1900  1900 I MediaCodecsXmlParser: limit: feature-adaptive-playback = 0
06-09 16:15:28.464  1900  1900 I MediaCodecsXmlParser: limit: max-concurrent-instances = 4
06-09 16:15:28.464  1900  1900 I MediaCodecsXmlParser: limit: size-range = 32x32-1920x1080
06-09 16:15:28.464  1900  1900 I MediaCodecsXmlParser: limit: alignment = 2x2
06-09 16:15:28.464  1900  1900 I MediaCodecsXmlParser: limit: block-size = 16x16
06-09 16:15:28.464  1900  1900 I MediaCodecsXmlParser: limit: blocks-per-second-range = 1-489600
06-09 16:15:28.464  1900  1900 I MediaCodecsXmlParser: limit: bitrate-range = 1-100000000
06-09 16:15:28.464  1900  1900 I MediaCodecsXmlParser: limit: feature-adaptive-playback = 0
06-09 16:15:28.464  1900  1900 I MediaCodecsXmlParser: limit: max-concurrent-instances = 4
06-09 16:15:28.464  1900  1900 I MediaCodecsXmlParser: limit: size-range = 32x32-1920x1080
06-09 16:15:28.464  1900  1900 I MediaCodecsXmlParser: limit: alignment = 2x2
06-09 16:15:28.464  1900  1900 I MediaCodecsXmlParser: limit: block-size = 16x16
06-09 16:15:28.464  1900  1900 I MediaCodecsXmlParser: limit: blocks-per-second-range = 1-489600
06-09 16:15:28.464  1900  1900 I MediaCodecsXmlParser: limit: bitrate-range = 1-100000000
06-09 16:15:28.464  1900  1900 I MediaCodecsXmlParser: limit: feature-adaptive-playback = 0
06-09 16:15:28.464  1900  1900 I MediaCodecsXmlParser: limit: size-range = 32x32-1920x1080
06-09 16:15:28.465  1900  1900 I MediaCodecsXmlParser: limit: alignment = 2x2
06-09 16:15:28.465  1900  1900 I MediaCodecsXmlParser: limit: block-size = 16x16
06-09 16:15:28.465  1900  1900 I MediaCodecsXmlParser: limit: blocks-per-second-range = 1-489600
06-09 16:15:28.465  1900  1900 I MediaCodecsXmlParser: limit: bitrate-range = 1-100000000
06-09 16:15:28.465  1900  1900 I MediaCodecsXmlParser: limit: feature-adaptive-playback = 0
06-09 16:15:28.465  1900  1900 I MediaCodecsXmlParser: limit: max-concurrent-instances = 4
06-09 16:15:28.465  1900  1900 I MediaCodecsXmlParser: limit: size-range = 32x32-1920x1080
06-09 16:15:28.465  1900  1900 I MediaCodecsXmlParser: limit: alignment = 2x2
06-09 16:15:28.465  1900  1900 I MediaCodecsXmlParser: limit: block-size = 16x16
06-09 16:15:28.465  1900  1900 I MediaCodecsXmlParser: limit: blocks-per-second-range = 1-489600
06-09 16:15:28.465  1900  1900 I MediaCodecsXmlParser: limit: bitrate-range = 1-100000000
06-09 16:15:28.465  1900  1900 I MediaCodecsXmlParser: limit: feature-adaptive-playback = 0
06-09 16:15:28.465  1900  1900 I MediaCodecsXmlParser: limit: max-concurrent-instances = 4
06-09 16:15:28.465  1900  1900 I MediaCodecsXmlParser: limit: size-range = 32x32-1920x1080
06-09 16:15:28.469  1900  1900 I MediaCodecsXmlParser: limit: alignment = 16x16
06-09 16:15:28.476  1875  1875 I         : Waiting for activity service
06-09 16:15:28.479  1875  2013 W CameraProviderManager: addProviderLocked: Camera provider HAL with name 'legacy/0' already registered
06-09 16:15:28.489  1900  1900 I MediaCodecsXmlParser: limit: bitrate-range = 1-128000
06-09 16:15:28.489  1900  1900 I MediaCodecsXmlParser: limit: size-range = 16x16-1280x720
06-09 16:15:28.489  1900  1900 I MediaCodecsXmlParser: limit: alignment = 2x2
06-09 16:15:28.489  1900  1900 I MediaCodecsXmlParser: limit: block-size = 16x16
06-09 16:15:28.489  1900  1900 I MediaCodecsXmlParser: limit: blocks-per-second-range = 1-244800
06-09 16:15:28.489  1900  1900 I MediaCodecsXmlParser: limit: bitrate-range = 1-12000000
06-09 16:15:28.489  1900  1900 I MediaCodecsXmlParser: limit: feature-intra-refresh = 0
06-09 16:15:28.490  1900  1900 I MediaCodecsXmlParser: limit: size-range = 16x16-176x144
06-09 16:15:28.490  1900  1900 I MediaCodecsXmlParser: limit: alignment = 16x16
06-09 16:15:28.490  1900  1900 I MediaCodecsXmlParser: limit: block-size = 16x16
06-09 16:15:28.490  1900  1900 I MediaCodecsXmlParser: limit: blocks-per-second-range = 12-1485
06-09 16:15:28.490  1900  1900 I MediaCodecsXmlParser: limit: bitrate-range = 1-64000
06-09 16:15:28.490  1900  1900 I MediaCodecsXmlParser: limit: size-range = 2x2-1280x720
06-09 16:15:28.490  1900  1900 I MediaCodecsXmlParser: limit: alignment = 2x2
06-09 16:15:28.490  1900  1900 I MediaCodecsXmlParser: limit: bitrate-range = 1-40000000
06-09 16:15:28.490  1900  1900 I MediaCodecsXmlParser: limit: feature-bitrate-modes = VBR,CBR
06-09 16:15:28.490  1900  1900 I MediaCodecsXmlParser: limit: size-range = 2x2-2048x2048
06-09 16:15:28.490  1900  1900 I MediaCodecsXmlParser: limit: alignment = 2x2
06-09 16:15:28.490  1900  1900 I MediaCodecsXmlParser: limit: block-size = 16x16
06-09 16:15:28.490  1900  1900 I MediaCodecsXmlParser: limit: block-count-range = 1-3600
06-09 16:15:28.490  1900  1900 I MediaCodecsXmlParser: limit: bitrate-range = 1-40000000
06-09 16:15:28.490  1900  1900 I MediaCodecsXmlParser: limit: feature-bitrate-modes = VBR,CBR
06-09 16:15:28.490  1900  1900 D MediaCodecsXmlParser: parsing /vendor/etc/media_codecs_performance.xml...
06-09 16:15:28.491  1900  1900 I MediaCodecsXmlParser: limit: measured-frame-rate-320x240-range = 45-220
06-09 16:15:28.491  1900  1900 I MediaCodecsXmlParser: limit: measured-frame-rate-720x480-range = 24-116
06-09 16:15:28.491  1900  1900 I MediaCodecsXmlParser: limit: measured-frame-rate-1280x720-range = 11-54
06-09 16:15:28.491  1900  1900 I MediaCodecsXmlParser: limit: measured-frame-rate-1920x1080-range = 69-89
06-09 16:15:28.491  1900  1900 I MediaCodecsXmlParser: limit: measured-frame-rate-320x240-range = 36-173
06-09 16:15:28.491  1900  1900 I MediaCodecsXmlParser: limit: measured-frame-rate-720x480-range = 22-109
06-09 16:15:28.491  1900  1900 I MediaCodecsXmlParser: limit: measured-frame-rate-1280x720-range = 10-51
06-09 16:15:28.491  1900  1900 I MediaCodecsXmlParser: limit: measured-frame-rate-176x144-range = 79-380
06-09 16:15:28.491  1900  1900 I MediaCodecsXmlParser: limit: measured-frame-rate-176x144-range = 165-799
06-09 16:15:28.491  1900  1900 I MediaCodecsXmlParser: limit: measured-frame-rate-320x180-range = 40-198
06-09 16:15:28.492  1900  1900 I MediaCodecsXmlParser: limit: measured-frame-rate-640x360-range = 16-79
06-09 16:15:28.492  1900  1900 I MediaCodecsXmlParser: limit: measured-frame-rate-320x240-range = 318-1540
06-09 16:15:28.492  1900  1900 I MediaCodecsXmlParser: limit: measured-frame-rate-720x480-range = 240-1100
06-09 16:15:28.492  1900  1900 I MediaCodecsXmlParser: limit: measured-frame-rate-1280x720-range = 165-800
06-09 16:15:28.492  1900  1900 I MediaCodecsXmlParser: limit: measured-frame-rate-1920x1088-range = 59-286
06-09 16:15:28.492  1900  1900 I MediaCodecsXmlParser: limit: measured-frame-rate-4096x2048-range = 45-75
06-09 16:15:28.492  1900  1900 I MediaCodecsXmlParser: limit: measured-frame-rate-320x240-range = 371-1797
06-09 16:15:28.492  1900  1900 I MediaCodecsXmlParser: limit: measured-frame-rate-720x480-range = 186-902
06-09 16:15:28.492  1900  1900 I MediaCodecsXmlParser: limit: measured-frame-rate-1280x720-range = 66-323
06-09 16:15:28.492  1900  1900 I MediaCodecsXmlParser: limit: measured-frame-rate-1920x1088-range = 56-56
06-09 16:15:28.492  1900  1900 I MediaCodecsXmlParser: limit: measured-frame-rate-4096x2048-range = 25-35
06-09 16:15:28.492  1900  1900 I MediaCodecsXmlParser: limit: measured-frame-rate-320x240-range = 371-1797
06-09 16:15:28.492  1900  1900 I MediaCodecsXmlParser: limit: measured-frame-rate-720x480-range = 186-902
06-09 16:15:28.492  1900  1900 I MediaCodecsXmlParser: limit: measured-frame-rate-1280x720-range = 66-323
06-09 16:15:28.492  1900  1900 I MediaCodecsXmlParser: limit: measured-frame-rate-1920x1088-range = 56-66
06-09 16:15:28.492  1900  1900 I MediaCodecsXmlParser: limit: measured-frame-rate-320x240-range = 371-1797
06-09 16:15:28.492  1900  1900 I MediaCodecsXmlParser: limit: measured-frame-rate-720x480-range = 186-902
06-09 16:15:28.492  1900  1900 I MediaCodecsXmlParser: limit: measured-frame-rate-1280x720-range = 66-323
06-09 16:15:28.492  1900  1900 I MediaCodecsXmlParser: limit: measured-frame-rate-1920x1088-range = 56-66
06-09 16:15:28.492  1900  1900 I MediaCodecsXmlParser: limit: measured-frame-rate-320x240-range = 371-1797
06-09 16:15:28.492  1900  1900 I MediaCodecsXmlParser: limit: measured-frame-rate-720x480-range = 186-902
06-09 16:15:28.493  1900  1900 I MediaCodecsXmlParser: limit: measured-frame-rate-1280x720-range = 66-323
06-09 16:15:28.493  1900  1900 I MediaCodecsXmlParser: limit: measured-frame-rate-1920x1088-range = 56-66
06-09 16:15:28.493  1900  1900 I MediaCodecsXmlParser: limit: measured-frame-rate-320x240-range = 371-1797
06-09 16:15:28.493  1900  1900 I MediaCodecsXmlParser: limit: measured-frame-rate-720x480-range = 186-902
06-09 16:15:28.493  1900  1900 I MediaCodecsXmlParser: limit: measured-frame-rate-1280x720-range = 66-323
06-09 16:15:28.493  1900  1900 I MediaCodecsXmlParser: limit: measured-frame-rate-1920x1088-range = 56-66
06-09 16:15:28.493  1900  1900 I MediaCodecsXmlParser: limit: measured-frame-rate-320x240-range = 371-1797
06-09 16:15:28.493  1900  1900 I MediaCodecsXmlParser: limit: measured-frame-rate-720x480-range = 186-902
06-09 16:15:28.493  1900  1900 I MediaCodecsXmlParser: limit: measured-frame-rate-1280x720-range = 66-323
06-09 16:15:28.493  1900  1900 I MediaCodecsXmlParser: limit: measured-frame-rate-1920x1088-range = 56-66
06-09 16:15:28.493  1900  1900 I MediaCodecsXmlParser: limit: measured-frame-rate-320x180-range = 469-2274
06-09 16:15:28.493  1900  1900 I MediaCodecsXmlParser: limit: measured-frame-rate-640x360-range = 216-1049
06-09 16:15:28.493  1900  1900 I MediaCodecsXmlParser: limit: measured-frame-rate-1280x720-range = 66-324
06-09 16:15:28.493  1900  1900 I MediaCodecsXmlParser: limit: measured-frame-rate-1920x1080-range = 57-277
06-09 16:15:28.493  1900  1900 I MediaCodecsXmlParser: limit: measured-frame-rate-320x180-range = 469-2274
06-09 16:15:28.493  1900  1900 I MediaCodecsXmlParser: limit: measured-frame-rate-640x360-range = 216-1049
06-09 16:15:28.493  1900  1900 I MediaCodecsXmlParser: limit: measured-frame-rate-1280x720-range = 66-324
06-09 16:15:28.493  1900  1900 I MediaCodecsXmlParser: limit: measured-frame-rate-1920x1080-range = 57-277
06-09 16:15:28.493  1900  1900 I MediaCodecsXmlParser: limit: measured-frame-rate-320x180-range = 469-2274
06-09 16:15:28.493  1900  1900 I MediaCodecsXmlParser: limit: measured-frame-rate-640x360-range = 216-1049
06-09 16:15:28.493  1900  1900 I MediaCodecsXmlParser: limit: measured-frame-rate-1280x720-range = 66-324
06-09 16:15:28.493  1900  1900 I MediaCodecsXmlParser: limit: measured-frame-rate-1920x1080-range = 57-277
06-09 16:15:28.493  1900  1900 I MediaCodecsXmlParser: limit: measured-frame-rate-4096x2048-range = 45-75
06-09 16:15:28.493  1900  1900 I MediaCodecsXmlParser: limit: measured-frame-rate-320x240-range = 371-1797
06-09 16:15:28.493  1900  1900 I MediaCodecsXmlParser: limit: measured-frame-rate-720x480-range = 186-902
06-09 16:15:28.494  1900  1900 I MediaCodecsXmlParser: limit: measured-frame-rate-1280x720-range = 66-323
06-09 16:15:28.494  1900  1900 I MediaCodecsXmlParser: limit: measured-frame-rate-1920x1088-range = 56-56
06-09 16:15:28.494  1900  1900 I MediaCodecsXmlParser: limit: measured-frame-rate-320x240-range = 140-682
06-09 16:15:28.494  1900  1900 I MediaCodecsXmlParser: limit: measured-frame-rate-720x480-range = 50-244
06-09 16:15:28.494  1900  1900 I MediaCodecsXmlParser: limit: measured-frame-rate-176x144-range = 270-283
06-09 16:15:28.494  1900  1900 I MediaCodecsXmlParser: limit: measured-frame-rate-352x288-range = 85-86
06-09 16:15:28.494  1900  1900 I MediaCodecsXmlParser: limit: measured-frame-rate-176x144-range = 278-305
06-09 16:15:28.494  1900  1900 I MediaCodecsXmlParser: limit: measured-frame-rate-352x288-range = 232-255
06-09 16:15:28.494  1900  1900 I MediaCodecsXmlParser: limit: measured-frame-rate-640x360-range = 106-111
06-09 16:15:28.494  1900  1900 I MediaCodecsXmlParser: limit: measured-frame-rate-720x480-range = 61-297
06-09 16:15:28.494  1900  1900 I MediaCodecsXmlParser: limit: measured-frame-rate-1280x720-range = 26-127
06-09 16:15:28.494  1900  1900 I MediaCodecsXmlParser: limit: measured-frame-rate-320x180-range = 186-902
06-09 16:15:28.494  1900  1900 I MediaCodecsXmlParser: limit: measured-frame-rate-640x360-range = 87-91
06-09 16:15:28.494  1900  1900 I MediaCodecsXmlParser: limit: measured-frame-rate-1280x720-range = 18-18
06-09 16:15:28.494  1900  1900 I MediaCodecsXmlParser: limit: measured-frame-rate-320x180-range = 134-649
06-09 16:15:28.494  1900  1900 I MediaCodecsXmlParser: limit: measured-frame-rate-640x360-range = 81-84
06-09 16:15:28.494  1900  1900 I MediaCodecsXmlParser: limit: measured-frame-rate-1280x720-range = 26-28
06-09 16:15:28.494  1900  1900 D MediaCodecsXmlParser: Cannot find /data/misc/media/media_codecs_profiling_results.xml
06-09 16:15:28.495  1900  1900 E MediaCodecsXmlParser: Cannot find the role for a decoder of type video/avs
06-09 16:15:28.495  1900  1900 E MediaCodecsXmlParser: Cannot find the role for a decoder of type video/divx
06-09 16:15:28.495  1900  1900 E MediaCodecsXmlParser: Cannot find the role for a decoder of type video/jpeg
06-09 16:15:28.495  1900  1900 E MediaCodecsXmlParser: Cannot find the role for a decoder of type video/mpeg1
06-09 16:15:28.495  1900  1900 E MediaCodecsXmlParser: Cannot find the role for a decoder of type video/x-ms-mpeg4v1
06-09 16:15:28.495  1900  1900 E MediaCodecsXmlParser: Cannot find the role for a decoder of type video/x-ms-mpeg4v2
06-09 16:15:28.495  1900  1900 E MediaCodecsXmlParser: Cannot find the role for a decoder of type video/rvg2
06-09 16:15:28.495  1900  1900 E MediaCodecsXmlParser: Cannot find the role for a decoder of type video/flv1
06-09 16:15:28.495  1900  1900 E MediaCodecsXmlParser: Cannot find the role for a decoder of type video/wvc1
06-09 16:15:28.495  1900  1900 E MediaCodecsXmlParser: Cannot find the role for a decoder of type video/x-vnd.on2.vp6
06-09 16:15:28.495  1900  1900 E MediaCodecsXmlParser: Cannot find the role for a decoder of type video/xvid
06-09 16:15:28.495  1900  1900 E MediaCodecsXmlParser: Cannot find the role for an encoder of type video/jpeg
06-09 16:15:28.513  1900  1900 I ServiceManagement: Registered android.hardware.media.omx@1.0::IOmxStore/default (start delay of 1880ms)
06-09 16:15:28.513  1900  1900 I ServiceManagement: Removing namespace from process name android.hardware.media.omx@1.0-service to omx@1.0-service.
06-09 16:15:28.533  1897  2006 I ServiceManager: Waiting for service 'package_native' on '/dev/binder'...
06-09 16:15:28.634  1897  2006 I ServiceManager: Waiting for service 'package_native' on '/dev/binder'...
06-09 16:15:28.701  2024  2024 I recovery: Recovery image already installed
06-09 16:15:28.735  1897  2006 I ServiceManager: Waiting for service 'package_native' on '/dev/binder'...
06-09 16:15:28.768  1891  1891 E MediaExtractorFactory: couldn't opendir(/system/lib/extractors)
06-09 16:15:28.837  1897  2006 I ServiceManager: Waiting for service 'package_native' on '/dev/binder'...
06-09 16:15:28.877  1895  1895 D multiir : multi_ir open uinput dev
06-09 16:15:28.880  1895  1895 D multiir : uinputfd=4
06-09 16:15:28.885  1887  1887 D         : main isomount service is running.
06-09 16:15:28.886  1887  1887 I         : ServiceManager: 0xea60e980
06-09 16:15:28.938  1897  2006 I ServiceManager: Waiting for service 'package_native' on '/dev/binder'...
06-09 16:15:28.955  1848  1959 W SurfaceFlinger: Faking VSYNC due to driver stall
06-09 16:15:28.958  1895  1895 D multiir : uevent listen start
06-09 16:15:28.970  1841  1841 I FastMixerState: sMaxFastTracks = 8
06-09 16:15:28.987  1841  1841 V MediaUtils: physMem: 2072711168
06-09 16:15:28.987  1841  1841 V MediaUtils: requested limit: 414542220
06-09 16:15:28.987  1841  1841 I libc    : malloc_limit: Allocation limit enabled, max size 414542220 bytes
06-09 16:15:28.989  1841  1841 I audioserver: ServiceManager: 0xf172f320
06-09 16:15:28.989  1841  1841 W BatteryNotifier: batterystats service unavailable!
06-09 16:15:28.990  1841  1841 E cutils-trace: Error opening trace file: No such file or directory (2)
06-09 16:15:28.998  1697  1697 I hwservicemanager: getTransport: Cannot find entry android.hardware.audio@5.0::IDevicesFactory/msd in either framework or device manifest.
06-09 16:15:29.005  1841  1841 I AudioFlinger: Using default 3000 mSec as standby time.
06-09 16:15:29.018  1841  1841 E APM::Serializer: deserialize: Could not parse /odm/etc/audio_policy_configuration.xml document.
06-09 16:15:29.038  1841  1841 E APM::HwModule: refreshSupportedDevices: invalid source devices for fast input
06-09 16:15:29.039  1897  2006 I ServiceManager: Waiting for service 'package_native' on '/dev/binder'...
06-09 16:15:29.039  1841  1841 E APM::HwModule: refreshSupportedDevices: invalid source devices for usb_device input
06-09 16:15:29.044  1841  1841 E APM::AudioPolicyEngine/Config: parse: Could not parse document /vendor/etc/audio_policy_engine_configuration.xml
06-09 16:15:29.044  1841  1841 W APM::AudioPolicyEngine/Base: loadAudioPolicyEngineConfig: No configuration found, using default matching phone experience.
06-09 16:15:29.044  1841  1841 E APM::AudioPolicyEngine/Config: parseLegacyVolumeFile: Could not parse document /odm/etc/audio_policy_configuration.xml
06-09 16:15:29.059  1895  1895 D multiir : find target device, path=/dev/input/event1
06-09 16:15:29.065  1895  2039 D multiir : MultiirService create
06-09 16:15:29.125  1825  1825 V audio_hw_primary: init_audio_devices, line: 761
06-09 16:15:29.128  1825  1825 D audio_hw_primary: read card /sys/class/sound/card0/id
06-09 16:15:29.130  1871  1871 D AndroidRuntime: >>>>>> START com.android.internal.os.RuntimeInit uid 1000 <<<<<<
06-09 16:15:29.131  1825  1825 D audio_hw_primary: /sys/class/sound/card0/id, audiocodec, len: 11
06-09 16:15:29.132  1825  1825 D audio_hw_primary: linux name = audiocodec, android name = AUDIO_CODEC
06-09 16:15:29.133  1825  1825 D audio_hw_primary: find name map, card_id = audiocodec, card_name = AUDIO_CODEC 
06-09 16:15:29.137  1825  1825 V audio_hw_primary: card: 0, name: AUDIO_CODEC, capture: 1, playback: 1
06-09 16:15:29.139  1825  1825 D audio_hw_primary: read card /sys/class/sound/card1/id
06-09 16:15:29.140  1871  1871 I app_process: type=1400 audit(0.0:12): avc: denied { read } for name="u:object_r:device_config_runtime_native_boot_prop:s0" dev="tmpfs" ino=503 scontext=u:r:shell:s0 tcontext=u:object_r:device_config_runtime_native_boot_prop:s0 tclass=file permissive=1
06-09 16:15:29.142  1825  1825 D audio_hw_primary: /sys/class/sound/card1/id, sndspdif, len: 9
06-09 16:15:29.143  1871  1871 I app_process: type=1400 audit(0.0:13): avc: denied { open } for path="/dev/__properties__/u:object_r:device_config_runtime_native_boot_prop:s0" dev="tmpfs" ino=503 scontext=u:r:shell:s0 tcontext=u:object_r:device_config_runtime_native_boot_prop:s0 tclass=file permissive=1
06-09 16:15:29.143  1871  1871 I app_process: type=1400 audit(0.0:14): avc: denied { getattr } for path="/dev/__properties__/u:object_r:device_config_runtime_native_boot_prop:s0" dev="tmpfs" ino=503 scontext=u:r:shell:s0 tcontext=u:object_r:device_config_runtime_native_boot_prop:s0 tclass=file permissive=1
06-09 16:15:29.143  1897  2006 I ServiceManager: Waiting for service 'package_native' on '/dev/binder'...
06-09 16:15:29.143  1825  1825 D audio_hw_primary: linux name = sndspdif, android name = AUDIO_SPDIF
06-09 16:15:29.144  1825  1825 D audio_hw_primary: find name map, card_id = sndspdif, card_name = AUDIO_SPDIF 
06-09 16:15:29.146  1871  1871 I AndroidRuntime: Using default boot image
06-09 16:15:29.147  1871  1871 I AndroidRuntime: Leaving lock profiling enabled
06-09 16:15:29.147  1825  1825 V audio_hw_primary: card: 1, name: AUDIO_SPDIF, capture: 1, playback: 1
06-09 16:15:29.148  1825  1825 D audio_hw_primary: read card /sys/class/sound/card2/id
06-09 16:15:29.152  1825  1825 D audio_hw_primary: /sys/class/sound/card2/id, sndahub, len: 8
06-09 16:15:29.153  1825  1825 D audio_hw_primary: linux name = sndahub, android name = AUDIO_AHUB
06-09 16:15:29.153  1825  1825 D audio_hw_primary: find name map, card_id = sndahub, card_name = AUDIO_AHUB 
06-09 16:15:29.153  1825  1825 V audio_hw_primary: card: 2, name: AUDIO_AHUB, capture: 1, playback: 1
06-09 16:15:29.153  1825  1825 D audio_hw_primary: read card /sys/class/sound/card3/id
06-09 16:15:29.154  1825  1825 D audio_hw_primary: /sys/class/sound/card3/id, sndhdmi, len: 8
06-09 16:15:29.154  1825  1825 D audio_hw_primary: linux name = sndhdmi, android name = AUDIO_HDMI
06-09 16:15:29.155  1825  1825 D audio_hw_primary: find name map, card_id = sndhdmi, card_name = AUDIO_HDMI 
06-09 16:15:29.155  1825  1825 V audio_hw_primary: card: 3, name: AUDIO_HDMI, capture: 0, playback: 1
06-09 16:15:29.155  1825  1825 D audio_hw_primary: read card /sys/class/sound/card4/id
06-09 16:15:29.156  1871  1871 E cutils-trace: Error opening trace file: No such file or directory (2)
06-09 16:15:29.158  1825  1825 D audio_hw_primary: /sys/class/sound/card4/id, snddaudio0, len: 11
06-09 16:15:29.160  1825  1825 D audio_hw_primary: linux name = snddaudio0, android name = AUDIO_AC107
06-09 16:15:29.161  1825  1825 D audio_hw_primary: find name map, card_id = snddaudio0, card_name = AUDIO_AC107 
06-09 16:15:29.163  1825  1825 V audio_hw_primary: card: 4, name: AUDIO_AC107, capture: 1, playback: 1
06-09 16:15:29.166  1871  1871 I app_process: Core platform API reporting enabled, enforcing=false
06-09 16:15:29.168  1825  1825 V audio_hw_primary: init_audio_devices_active, line: 785
06-09 16:15:29.169  1825  1825 V audio_hw_primary: init_audio_devices_active: get property vendor.audio.input.active: AUDIO_AC107
06-09 16:15:29.183  1825  1825 V audio_hw_primary: set property vendor.audio.input.active: AUDIO_AC107 ok
06-09 16:15:29.185  1825  1825 V audio_hw_primary: AUDIO_AC107 input device will be active
06-09 16:15:29.186  1825  1825 V audio_hw_primary: init_audio_devices_active: get property vendor.audio.output.active: AUDIO_CODEC,AUDIO_HDMI,AUDIO_SPDIF
06-09 16:15:29.189  1825  1825 V audio_hw_primary: set property vendor.audio.output.active: AUDIO_CODEC,AUDIO_HDMI,AUDIO_SPDIF ok
06-09 16:15:29.189  1820  1820 W zygote  : JNI RegisterNativeMethods: attempt to register 0 native methods for android.media.AudioAttributes
06-09 16:15:29.189  1825  1825 V audio_hw_primary: AUDIO_CODEC output device will be active
06-09 16:15:29.189  1825  1825 V audio_hw_primary: AUDIO_HDMI output device will be active
06-09 16:15:29.189  1825  1825 V audio_hw_primary: AUDIO_SPDIF output device will be active
06-09 16:15:29.189  1825  1825 D audio_hw_primary: XX 2 1 2 1
06-09 16:15:29.189  1825  1825 D audio_hw_primary: getCardNumbyName: name = AUDIO_CODEC , card = 0
06-09 16:15:29.189  1825  1825 D audio_hw_primary: getCardNumbyName: name = AUDIO_HDMI , card = 3
06-09 16:15:29.189  1825  1825 D audio_hw_primary: getCardNumbyName: name = AUDIO_SPDIF , card = 1
06-09 16:15:29.189  1825  1825 E audio_hw_primary: AUDIO_BT card does not exist
06-09 16:15:29.189  1825  1825 D audio_hw_primary: getCardNumbyName: name = AUDIO_AHUB , card = 2
06-09 16:15:29.189  1825  1825 D audio_hw_primary: getCardNumbyName: name = AUDIO_AC107 , card = 4
06-09 16:15:29.189  1825  1825 V audio_hw_primary: use AUDIO_CODEC mixer control
06-09 16:15:29.197  1825  1825 E audio_route: Control 'External Speaker Switch' doesn't exist - skipping
06-09 16:15:29.197  1825  1825 E audio_route: Control 'Headphone Switch' doesn't exist - skipping
06-09 16:15:29.197  1825  1825 E audio_route: Control 'Earpiece Switch' doesn't exist - skipping
06-09 16:15:29.197  1825  1825 E audio_route: Control 'AIF1IN0R Mux' doesn't exist - skipping
06-09 16:15:29.198  1825  1825 E audio_route: Control 'AIF1IN0L Mux' doesn't exist - skipping
06-09 16:15:29.198  1825  1825 E audio_route: Control 'DACR Mixer AIF1DA0R Switch' doesn't exist - skipping
06-09 16:15:29.198  1825  1825 E audio_route: Control 'DACL Mixer AIF1DA0L Switch' doesn't exist - skipping
06-09 16:15:29.198  1825  1825 E audio_route: Control 'AIF1OUT0L Mux' doesn't exist - skipping
06-09 16:15:29.198  1825  1825 E audio_route: Control 'AIF1OUT0R Mux' doesn't exist - skipping
06-09 16:15:29.198  1825  1825 E audio_route: Control 'AIF1 AD0L Mixer ADCL Switch' doesn't exist - skipping
06-09 16:15:29.198  1825  1825 E audio_route: Control 'AIF1 AD0R Mixer ADCR Switch' doesn't exist - skipping
06-09 16:15:29.198  1825  1825 E audio_route: Control 'ADCR Mux' doesn't exist - skipping
06-09 16:15:29.198  1825  1825 E audio_route: Control 'ADCL Mux' doesn't exist - skipping
06-09 16:15:29.199  1825  1825 E audio_route: Control 'HP_R Mux' doesn't exist - skipping
06-09 16:15:29.199  1825  1825 E audio_route: Control 'HP_L Mux' doesn't exist - skipping
06-09 16:15:29.199  1825  1825 E audio_route: Control 'HP_R Mux' doesn't exist - skipping
06-09 16:15:29.199  1825  1825 E audio_route: Control 'HP_L Mux' doesn't exist - skipping
06-09 16:15:29.199  1825  1825 E audio_route: Control 'SPK_L Mux' doesn't exist - skipping
06-09 16:15:29.200  1825  1825 E audio_route: Control 'SPK_R Mux' doesn't exist - skipping
06-09 16:15:29.200  1825  1825 E audio_route: Control 'External Speaker Switch' doesn't exist - skipping
06-09 16:15:29.200  1825  1825 E audio_route: Control 'Headphone Switch' doesn't exist - skipping
06-09 16:15:29.200  1825  1825 E audio_route: Control 'AIF1IN0R Mux' doesn't exist - skipping
06-09 16:15:29.200  1825  1825 E audio_route: Control 'AIF1IN0L Mux' doesn't exist - skipping
06-09 16:15:29.201  1825  1825 E audio_route: Control 'DACR Mixer AIF1DA0R Switch' doesn't exist - skipping
06-09 16:15:29.201  1825  1825 E audio_route: Control 'DACL Mixer AIF1DA0L Switch' doesn't exist - skipping
06-09 16:15:29.201  1825  1825 E audio_route: Control 'SPK_L Mux' doesn't exist - skipping
06-09 16:15:29.201  1825  1825 E audio_route: Control 'External Speaker Switch' doesn't exist - skipping
06-09 16:15:29.201  1825  1825 E audio_route: Control 'Headphone Switch' doesn't exist - skipping
06-09 16:15:29.201  1825  1825 E audio_route: Control 'External Speaker Switch' doesn't exist - skipping
06-09 16:15:29.202  1825  1825 E audio_route: Control 'DACR Mixer AIF1DA0R Switch' doesn't exist - skipping
06-09 16:15:29.202  1825  1825 E audio_route: Control 'DACL Mixer AIF1DA0L Switch' doesn't exist - skipping
06-09 16:15:29.202  1825  1825 E audio_route: Control 'AIF1 AD0L Mixer ADCL Switch' doesn't exist - skipping
06-09 16:15:29.202  1825  1825 E audio_route: Control 'AIF1 AD0R Mixer ADCR Switch' doesn't exist - skipping
06-09 16:15:29.202  1825  1825 E audio_route: Control 'Headphone Switch' doesn't exist - skipping
06-09 16:15:29.202  1825  1825 E audio_route: Control 'External Speaker Switch' doesn't exist - skipping
06-09 16:15:29.203  1825  1825 E audio_route: Control 'AIF1OUT0R Mux' doesn't exist - skipping
06-09 16:15:29.203  1825  1825 E audio_route: Control 'AIF1OUT0L Mux' doesn't exist - skipping
06-09 16:15:29.203  1825  1825 E audio_route: Control 'AIF1 AD0R Mixer ADCR Switch' doesn't exist - skipping
06-09 16:15:29.203  1825  1825 E audio_route: Control 'AIF1 AD0L Mixer ADCL Switch' doesn't exist - skipping
06-09 16:15:29.203  1825  1825 E audio_route: Control 'ADCR Mux' doesn't exist - skipping
06-09 16:15:29.203  1825  1825 E audio_route: Control 'ADCL Mux' doesn't exist - skipping
06-09 16:15:29.203  1825  1825 E audio_route: Control 'LADC input Mixer MIC1 boost Switch' doesn't exist - skipping
06-09 16:15:29.203  1825  1825 E audio_route: Control 'RADC input Mixer MIC1 boost Switch' doesn't exist - skipping
06-09 16:15:29.203  1825  1825 E audio_route: Control 'AIF1OUT0R Mux' doesn't exist - skipping
06-09 16:15:29.203  1825  1825 E audio_route: Control 'AIF1OUT0L Mux' doesn't exist - skipping
06-09 16:15:29.204  1825  1825 E audio_route: Control 'AIF1 AD0R Mixer ADCR Switch' doesn't exist - skipping
06-09 16:15:29.204  1825  1825 E audio_route: Control 'AIF1 AD0L Mixer ADCL Switch' doesn't exist - skipping
06-09 16:15:29.204  1825  1825 E audio_route: Control 'ADCR Mux' doesn't exist - skipping
06-09 16:15:29.204  1825  1825 E audio_route: Control 'ADCL Mux' doesn't exist - skipping
06-09 16:15:29.204  1825  1825 E audio_route: Control 'MIC2 SRC' doesn't exist - skipping
06-09 16:15:29.204  1825  1825 E audio_route: Control 'LADC input Mixer MIC2 boost Switch' doesn't exist - skipping
06-09 16:15:29.204  1825  1825 E audio_route: Control 'RADC input Mixer MIC2 boost Switch' doesn't exist - skipping
06-09 16:15:29.204  1825  1825 E audio_route: Control 'ADCL Mux' doesn't exist - skipping
06-09 16:15:29.204  1825  1825 E audio_route: Control 'ADCR Mux' doesn't exist - skipping
06-09 16:15:29.204  1825  1825 E audio_route: Control 'AIF1 AD0L Mixer ADCL Switch' doesn't exist - skipping
06-09 16:15:29.204  1825  1825 E audio_route: Control 'AIF1 AD0R Mixer ADCR Switch' doesn't exist - skipping
06-09 16:15:29.204  1825  1825 E audio_route: Control 'AIF1OUT0L Mux' doesn't exist - skipping
06-09 16:15:29.204  1825  1825 E audio_route: Control 'AIF1OUT0R Mux' doesn't exist - skipping
06-09 16:15:29.205  1825  1825 E audio_route: Control 'AIF2 ADC volume' doesn't exist - skipping
06-09 16:15:29.205  1825  1825 E audio_route: Control 'LEFT ADC input Mixer MIC1 boost Switch' doesn't exist - skipping
06-09 16:15:29.205  1825  1825 E audio_route: Control 'ADCL Mux' doesn't exist - skipping
06-09 16:15:29.205  1825  1825 E audio_route: Control 'AIF2 ADL Mixer ADCL Switch' doesn't exist - skipping
06-09 16:15:29.205  1825  1825 E audio_route: Control 'AIF2OUTL Mux' doesn't exist - skipping
06-09 16:15:29.205  1825  1825 E audio_route: Control 'AIF2INL Mux' doesn't exist - skipping
06-09 16:15:29.205  1825  1825 E audio_route: Control 'AIF2INL Mux switch aif2inl aif2Switch' doesn't exist - skipping
06-09 16:15:29.205  1825  1825 E audio_route: Control 'DACL Mixer AIF2DACL Switch' doesn't exist - skipping
06-09 16:15:29.205  1825  1825 E audio_route: Control 'SPK_L Mux' doesn't exist - skipping
06-09 16:15:29.205  1825  1825 E audio_route: Control 'SPK_R Mux' doesn't exist - skipping
06-09 16:15:29.205  1825  1825 E audio_route: Control 'External Speaker Switch' doesn't exist - skipping
06-09 16:15:29.205  1825  1825 E audio_route: Control 'AIF2 ADC volume' doesn't exist - skipping
06-09 16:15:29.205  1825  1825 E audio_route: Control 'MIC2 SRC' doesn't exist - skipping
06-09 16:15:29.205  1825  1825 E audio_route: Control 'LEFT ADC input Mixer MIC2 boost Switch' doesn't exist - skipping
06-09 16:15:29.205  1825  1825 E audio_route: Control 'ADCL Mux' doesn't exist - skipping
06-09 16:15:29.205  1825  1825 E audio_route: Control 'AIF2 ADL Mixer ADCL Switch' doesn't exist - skipping
06-09 16:15:29.206  1825  1825 E audio_route: Control 'AIF2OUTL Mux' doesn't exist - skipping
06-09 16:15:29.206  1825  1825 E audio_route: Control 'AIF2INL Mux' doesn't exist - skipping
06-09 16:15:29.206  1825  1825 E audio_route: Control 'AIF2INL Mux switch aif2inl aif2Switch' doesn't exist - skipping
06-09 16:15:29.206  1825  1825 E audio_route: Control 'DACL Mixer AIF2DACL Switch' doesn't exist - skipping
06-09 16:15:29.206  1825  1825 E audio_route: Control 'HP_L Mux' doesn't exist - skipping
06-09 16:15:29.207  1825  1825 E audio_route: Control 'HP_R Mux' doesn't exist - skipping
06-09 16:15:29.207  1825  1825 E audio_route: Control 'Headphone Switch' doesn't exist - skipping
06-09 16:15:29.207  1825  1825 E audio_route: Control 'AIF2 ADC volume' doesn't exist - skipping
06-09 16:15:29.207  1825  1825 E audio_route: Control 'LEFT ADC input Mixer MIC1 boost Switch' doesn't exist - skipping
06-09 16:15:29.207  1825  1825 E audio_route: Control 'ADCL Mux' doesn't exist - skipping
06-09 16:15:29.207  1825  1825 E audio_route: Control 'AIF2 ADL Mixer ADCL Switch' doesn't exist - skipping
06-09 16:15:29.207  1825  1825 E audio_route: Control 'AIF2OUTL Mux' doesn't exist - skipping
06-09 16:15:29.207  1825  1825 E audio_route: Control 'AIF2INL Mux' doesn't exist - skipping
06-09 16:15:29.207  1825  1825 E audio_route: Control 'AIF2INL Mux switch aif2inl aif2Switch' doesn't exist - skipping
06-09 16:15:29.207  1825  1825 E audio_route: Control 'DACL Mixer AIF2DACL Switch' doesn't exist - skipping
06-09 16:15:29.207  1825  1825 E audio_route: Control 'HP_L Mux' doesn't exist - skipping
06-09 16:15:29.208  1825  1825 E audio_route: Control 'HP_R Mux' doesn't exist - skipping
06-09 16:15:29.208  1825  1825 E audio_route: Control 'Headphone Switch' doesn't exist - skipping
06-09 16:15:29.208  1825  1825 E audio_route: Control 'AIF2INL Mux' doesn't exist - skipping
06-09 16:15:29.208  1825  1825 E audio_route: Control 'AIF2INL Mux switch aif2inl aif2Switch' doesn't exist - skipping
06-09 16:15:29.209  1825  1825 E audio_route: Control 'AIF2 ADR Mixer AIF2 DACL Switch' doesn't exist - skipping
06-09 16:15:29.209  1825  1825 E audio_route: Control 'AIF3OUT Mux' doesn't exist - skipping
06-09 16:15:29.209  1825  1825 E audio_route: Control 'AIF2INR Mux VIR switch aif2inr aif3Switch' doesn't exist - skipping
06-09 16:15:29.209  1825  1825 E audio_route: Control 'AIF2 ADL Mixer AIF2 DACR Switch' doesn't exist - skipping
06-09 16:15:29.209  1825  1825 E audio_route: Control 'AIF2OUTL Mux' doesn't exist - skipping
06-09 16:15:29.209  1825  1825 E audio_route: Control 'AIF2 ADC volume' doesn't exist - skipping
06-09 16:15:29.209  1825  1825 E audio_route: Control 'LEFT ADC input Mixer MIC1 boost Switch' doesn't exist - skipping
06-09 16:15:29.209  1825  1825 E audio_route: Control 'ADCL Mux' doesn't exist - skipping
06-09 16:15:29.209  1825  1825 E audio_route: Control 'AIF2 ADL Mixer ADCL Switch' doesn't exist - skipping
06-09 16:15:29.209  1825  1825 E audio_route: Control 'AIF2OUTL Mux' doesn't exist - skipping
06-09 16:15:29.209  1825  1825 E audio_route: Control 'AIF2INL Mux' doesn't exist - skipping
06-09 16:15:29.210  1825  1825 E audio_route: Control 'AIF2INL Mux switch aif2inl aif2Switch' doesn't exist - skipping
06-09 16:15:29.210  1825  1825 E audio_route: Control 'DACL Mixer AIF2DACL Switch' doesn't exist - skipping
06-09 16:15:29.210  1825  1825 E audio_route: Control 'EAR Mux' doesn't exist - skipping
06-09 16:15:29.210  1825  1825 E audio_route: Control 'Earpiece Switch' doesn't exist - skipping
06-09 16:15:29.211  1825  1825 E audio_route: Control 'AIF1 AD0L Mixer ADCL Switch' doesn't exist - skipping
06-09 16:15:29.211  1825  1825 E audio_route: Control 'AIF1 AD0L Mixer AIF2 DACL Switch' doesn't exist - skipping
06-09 16:15:29.211  1825  1825 E audio_route: Control 'AIF1OUT0L Mux' doesn't exist - skipping
06-09 16:15:29.211  1825  1825 E audio_route: Control 'AIF1 AD0L Mixer ADCL Switch' doesn't exist - skipping
06-09 16:15:29.211  1825  1825 E audio_route: Control 'AIF1 AD0L Mixer AIF2 DACL Switch' doesn't exist - skipping
06-09 16:15:29.211  1825  1825 E audio_route: Control 'AIF1OUT0L Mux' doesn't exist - skipping
06-09 16:15:29.211  1825  1825 E audio_route: Control 'AIF1 AD0L Mixer AIF2 DACL Switch' doesn't exist - skipping
06-09 16:15:29.211  1825  1825 E audio_route: Control 'AIF1 AD0L Mixer AIF2 DACR Switch' doesn't exist - skipping
06-09 16:15:29.211  1825  1825 E audio_route: Control 'AIF1OUT0L Mux' doesn't exist - skipping
06-09 16:15:29.211  1825  1825 E audio_route: Control 'Line Out Mixer MIC1 boost Switch' doesn't exist - skipping
06-09 16:15:29.211  1825  1825 E audio_route: Control 'MIC2 SRC' doesn't exist - skipping
06-09 16:15:29.211  1825  1825 E audio_route: Control 'Line Out Mixer MIC2 boost Switch' doesn't exist - skipping
06-09 16:15:29.211  1825  1825 E audio_route: Control 'Left Output Mixer LINEINL-LINEINR Switch' doesn't exist - skipping
06-09 16:15:29.211  1825  1825 E audio_route: Control 'Right Output Mixer LINEINL-LINEINR Switch' doesn't exist - skipping
06-09 16:15:29.212  1825  1825 E audio_route: Control 'EAR Mux' doesn't exist - skipping
06-09 16:15:29.212  1825  1825 E audio_route: Control 'External Speaker Switch' doesn't exist - skipping
06-09 16:15:29.212  1825  1825 E audio_route: Control 'Headphone Switch' doesn't exist - skipping
06-09 16:15:29.212  1825  1825 E audio_route: Control 'Headphone Switch' doesn't exist - skipping
06-09 16:15:29.212  1825  1825 E audio_route: Control 'Earpiece Switch' doesn't exist - skipping
06-09 16:15:29.213  1825  1825 E audio_route: Control 'LEFT ADC input Mixer LININL-R Switch' doesn't exist - skipping
06-09 16:15:29.213  1825  1825 E audio_route: Control 'ADCL Mux' doesn't exist - skipping
06-09 16:15:29.213  1825  1825 E audio_route: Control 'AIF2 ADL Mixer ADCL Switch' doesn't exist - skipping
06-09 16:15:29.213  1825  1825 E audio_route: Control 'AIF3OUT Mux' doesn't exist - skipping
06-09 16:15:29.213  1825  1825 E audio_route: Control 'AIF2INL Mux switch aif2inl aif2Switch' doesn't exist - skipping
06-09 16:15:29.213  1825  1825 E audio_route: Control 'AIF2INR Mux VIR switch aif2inr aif3Switch' doesn't exist - skipping
06-09 16:15:29.213  1825  1825 E audio_route: Control 'DACR Mixer AIF2DACR Switch' doesn't exist - skipping
06-09 16:15:29.213  1825  1825 E audio_route: Control 'Line Out Mixer Right Output mixer Switch' doesn't exist - skipping
06-09 16:15:29.214  1825  1825 E audio_route: Control 'AIF1OUT0L Mux' doesn't exist - skipping
06-09 16:15:29.214  1825  1825 E audio_route: Control 'AIF1 AD0L Mixer ADCL Switch' doesn't exist - skipping
06-09 16:15:29.214  1825  1825 E audio_route: Control 'ADCL Mux' doesn't exist - skipping
06-09 16:15:29.214  1825  1825 E audio_route: Control 'LEFT ADC input Mixer MIC1 boost Switch' doesn't exist - skipping
06-09 16:15:29.214  1825  1825 E audio_route: Control 'LEFT ADC input Mixer LININL-R Switch' doesn't exist - skipping
06-09 16:15:29.214  1825  1825 E audio_route: Control 'AIF1OUT0L Mux' doesn't exist - skipping
06-09 16:15:29.214  1825  1825 E audio_route: Control 'AIF1 AD0L Mixer ADCL Switch' doesn't exist - skipping
06-09 16:15:29.214  1825  1825 E audio_route: Control 'ADCL Mux' doesn't exist - skipping
06-09 16:15:29.214  1825  1825 E audio_route: Control 'LEFT ADC input Mixer MIC2 boost Switch' doesn't exist - skipping
06-09 16:15:29.214  1825  1825 E audio_route: Control 'LEFT ADC input Mixer LININL-R Switch' doesn't exist - skipping
06-09 16:15:29.214  1825  1825 E audio_route: Control 'AIF1OUT0L Mux' doesn't exist - skipping
06-09 16:15:29.214  1825  1825 E audio_route: Control 'AIF1 AD0L Mixer ADCL Switch' doesn't exist - skipping
06-09 16:15:29.214  1825  1825 E audio_route: Control 'AIF1 AD0L Mixer AIF2 DACR Switch' doesn't exist - skipping
06-09 16:15:29.215  1825  1825 E audio_route: Control 'AIF1IN0L Mux' doesn't exist - skipping
06-09 16:15:29.215  1825  1825 E audio_route: Control 'AIF2 ADL Mixer AIF1 DA0L Switch' doesn't exist - skipping
06-09 16:15:29.215  1825  1825 E audio_route: Control 'AIF2 ADL Mixer AIF1 DA0L Switch' doesn't exist - skipping
06-09 16:15:29.215  1825  1825 E audio_route: Control 'AIF3OUT Mux' doesn't exist - skipping
06-09 16:15:29.215  1825  1825 E audio_route: Control 'AIF2INR Mux switch aif2inr aif2Switch' doesn't exist - skipping
06-09 16:15:29.215  1825  1825 E audio_route: Control 'AIF2INR Mux VIR switch aif2inr aif3Switch' doesn't exist - skipping
06-09 16:15:29.215  1825  1825 E audio_route: Control 'AIF1 AD0L Mixer AIF2 DACR Switch' doesn't exist - skipping
06-09 16:15:29.215  1825  1825 E audio_route: Control 'AIF1OUT0L Mux' doesn't exist - skipping
06-09 16:15:29.215  1825  1825 E audio_route: Control 'AC DACR mixer I2S_DACDATR Switch' doesn't exist - skipping
06-09 16:15:29.215  1825  1825 E audio_route: Control 'AC DACL mixer I2S_DACDATL Switch' doesn't exist - skipping
06-09 16:15:29.216  1825  1825 E audio_route: Control 'External Speaker Switch' doesn't exist - skipping
06-09 16:15:29.217  1825  1825 D audio_route: Apply path: media-speaker-headphones
06-09 16:15:29.217  1825  1825 D audio_route: Apply path: media-headset-mic
06-09 16:15:29.221  1825  1922 V audio_hw_primary: adev_get_master_volume, line: 3844
06-09 16:15:29.221  1825  1922 W DeviceHAL: Error from HAL Device in function get_master_volume: Function not implemented
06-09 16:15:29.222  1825  1825 V audio_hw_primary: adev_set_master_volume, line: 3836
06-09 16:15:29.222  1825  1825 W DeviceHAL: Error from HAL Device in function set_master_volume: Function not implemented
06-09 16:15:29.223  1841  1841 I AudioFlinger: loadHwModule() Loaded primary audio interface, handle 10
06-09 16:15:29.223  1841  1841 I AudioFlinger: openOutput() this 0xf1758000, module 10 Device 0x2, SamplingRate 48000, Format 0x000001, Channels 0x3, flags 0x2
06-09 16:15:29.224  1825  1825 D audio_hw_primary: adev_open_output_stream
06-09 16:15:29.224  1825  1825 V audio_hw_primary: adev_open_output_stream, flags: 2
06-09 16:15:29.224  1825  1825 V audio_hw_primary: +++++++++++++++ adev_open_output_stream: req_sample_rate: 44100, fmt: 1, channel_count: 3
06-09 16:15:29.227  1841  1841 I AudioFlinger: HAL output buffer size 960 frames, normal sink buffer size 960 frames
06-09 16:15:29.249  1897  2006 I ServiceManager: Waiting for service 'package_native' on '/dev/binder'...
06-09 16:15:29.338  1841  1841 I BufferProvider: found effect "Multichannel Downmix To Stereo" from The Android Open Source Project
06-09 16:15:29.341  1841  1841 I AudioFlinger: Using module 10 as the primary audio interface
06-09 16:15:29.346  1841  2046 I AudioFlinger: AudioFlinger's thread 0xf17b3bc0 tid=2046 ready to run
06-09 16:15:29.346  1841  2046 W AudioFlinger: no wake lock to update, system not ready yet
06-09 16:15:29.347  1825  1922 D audio_hw_primary: out_standby
06-09 16:15:29.347  1841  2046 W AudioFlinger: no wake lock to update, system not ready yet
06-09 16:15:29.349  1841  1841 V APM_AudioPolicyManager: checkAndSetVolume cannot set volume group 3 volume with force use = 0 for comm
06-09 16:15:29.352  1897  2006 I ServiceManager: Waiting for service 'package_native' on '/dev/binder'...
06-09 16:15:29.374  1841  1841 W AudioFlinger: moveEffects() bad srcOutput 0
06-09 16:15:29.374  1841  1841 V APM_AudioPolicyManager: selectOutputForMusicEffects selected output 13
06-09 16:15:29.374  1841  1841 V APM_AudioPolicyManager: setOutputDevices device {type:0x2,@:} delayMs 0
06-09 16:15:29.375  1841  1841 V APM_AudioPolicyManager: setOutputDevices() prevDevice {type:0x2,@:}
06-09 16:15:29.376  1841  1841 V APM_AudioPolicyManager: setOutputDevices changing device to {type:0x2,@:}
06-09 16:15:29.378  1825  1825 V audio_hw_primary: out_set_parameters: routing=2
06-09 16:15:29.379  1841  1841 V APM_AudioPolicyManager: setOutputDevices() AF::createAudioPatch returned -61 patchHandle 0 num_sources 1 num_sinks 1
