06-09 16:15:29.383  1841  1841 V APM_AudioPolicyManager: checkAndSetVolume cannot set volume group 3 volume with force use = 0 for comm
06-09 16:15:29.393  1825  1922 V audio_hw_primary: to malloc in-buffer: period_size: 240, frame_size: 4
06-09 16:15:29.408  1825  1922 D audio_hw_primary: sample_rate = 48000
06-09 16:15:29.416  1825  1922 D audio_hw_primary: sample_rate = 48000
06-09 16:15:29.420  1841  2049 I AudioFlinger: AudioFlinger's thread 0xedba3040 tid=2049 ready to run
06-09 16:15:29.420  1841  2049 W AudioFlinger: no wake lock to update, system not ready yet
06-09 16:15:29.423  1841  2049 W AudioFlinger: no wake lock to update, system not ready yet
06-09 16:15:29.423  1841  2048 E FastThread: did not receive expected priority boost on time
06-09 16:15:29.425  1841  1841 W APM_AudioPolicyManager: Input profile contains no device on module primary
06-09 16:15:29.426  1825  1922 D audio_hw_primary: adev_close_input_stream set voice record status
06-09 16:15:29.457  1897  2006 I ServiceManager: Waiting for service 'package_native' on '/dev/binder'...
06-09 16:15:29.477  1841  1841 I bt_a2dp_hw: adev_open:  adev_open in A2dp_hw module
06-09 16:15:29.477  1841  1841 I AudioFlinger: loadHwModule() Loaded a2dp audio interface, handle 18
06-09 16:15:29.477  1841  1841 E APM_AudioPolicyManager: initialize: Input device list is empty!
06-09 16:15:29.484  1871  1871 D ICU     : Time zone APEX file found: /apex/com.android.tzdata/etc/icu/icu_tzdata.dat
06-09 16:15:29.493  1825  1825 W DeviceHAL: Error from HAL Device in function set_master_volume: Function not implemented
06-09 16:15:29.494  1841  1841 I AudioFlinger: loadHwModule() Loaded usb audio interface, handle 26
06-09 16:15:29.494  1841  1841 W APM_AudioPolicyManager: Input profile contains no device on module usb
06-09 16:15:29.507  1825  1825 I r_submix: adev_open(name=audio_hw_if)
06-09 16:15:29.508  1825  1922 I r_submix: adev_init_check()
06-09 16:15:29.509  1825  1922 W DeviceHAL: Error from HAL Device in function set_master_volume: Function not implemented
06-09 16:15:29.509  1825  1922 W DeviceHAL: Error from HAL Device in function set_master_mute: Function not implemented
06-09 16:15:29.510  1841  1841 I AudioFlinger: loadHwModule() Loaded r_submix audio interface, handle 34
06-09 16:15:29.510  1825  1917 D r_submix: adev_open_input_stream(addr=0)
06-09 16:15:29.511  1825  1917 D r_submix: submix_audio_device_create_pipe_l(addr=0, idx=9)
06-09 16:15:29.511  1825  1917 D r_submix:   now using address 0 for route 9
06-09 16:15:29.518  1841  2054 I AudioFlinger: AudioFlinger's thread 0xedba3600 tid=2054 ready to run
06-09 16:15:29.519  1825  1825 I r_submix: in_standby()
06-09 16:15:29.519  1841  2054 W AudioFlinger: no wake lock to update, system not ready yet
06-09 16:15:29.519  1825  1825 I r_submix: in_standby()
06-09 16:15:29.520  1825  1825 D r_submix: adev_close_input_stream()
06-09 16:15:29.521  1825  1825 D r_submix: submix_audio_device_release_pipe_l(idx=9) addr=0
06-09 16:15:29.521  1825  1825 D r_submix: submix_audio_device_destroy_pipe_l(): pipe destroyed
06-09 16:15:29.524  1841  1841 I         : Waiting for activity service
06-09 16:15:29.558  1897  2006 I ServiceManager: Waiting for service 'package_native' on '/dev/binder'...
06-09 16:15:29.604  1871  1871 W app_process: JNI RegisterNativeMethods: attempt to register 0 native methods for android.media.AudioAttributes
06-09 16:15:29.659  1897  2006 I ServiceManager: Waiting for service 'package_native' on '/dev/binder'...
06-09 16:15:29.684  1894  1894 W awplayer: <log_set_level:30>: Set log level to 3
06-09 16:15:29.685  1894  1894 E awplayer: <ReadPluginEntry:194>: [40;31mread plugin entry adecoder-15 fail![0m
06-09 16:15:29.760  1897  2006 I ServiceManager: Waiting for service 'package_native' on '/dev/binder'...
06-09 16:15:29.764  1871  1871 D AndroidRuntime: Calling main entry com.softwinner.display.DisplayDaemon
06-09 16:15:29.795  1894  1894 E awplayer: <ReadPluginEntry:194>: [40;31mread plugin entry vdecoder-17 fail![0m
06-09 16:15:29.796  1871  1871 D DisplayDaemon: DisplayDaemon.main [Ljava.lang.String;@3d7eb70
06-09 16:15:29.832  1894  1894 W awplayer: <DlOpenPlugin:112>: Invalid plugin,function CedarPluginVDInit not found.
06-09 16:15:29.860  1897  2006 I ServiceManager: Waiting for service 'package_native' on '/dev/binder'...
06-09 16:15:29.869  1871  1871 I android_os_HwBinder: HwBinder: Starting thread pool for getting: android.hidl.manager@1.0::IServiceManager/default
06-09 16:15:29.872  1894  1894 D cedarc  : <CedarPluginVDInit:92>: register Vp9Hw decoder success!
06-09 16:15:29.876  1894  1894 E awplayer: <ReadPluginEntry:194>: [40;31mread plugin entry plugin-1 fail![0m
06-09 16:15:29.886  1871  2077 E DisplaydClient: Displayd hal service started vendor.display.config@1.0::IDisplayConfig default
06-09 16:15:29.886  1894  1894 D awplayer: <AwStreamInit:99>: aw stream init...
06-09 16:15:29.887  1894  1894 D awplayer: <AwRtpInit:512>: Register stream rtp version v1.1
06-09 16:15:29.888  1871  1871 I android_os_HwBinder: HwBinder: Starting thread pool for getting: vendor.display.config@1.0::IDisplayConfig/default
06-09 16:15:29.898  1871  1871 E DisplaydClient: new DeathRecipient for Displayd
06-09 16:15:29.898  1871  1871 D DisplayOutputManagerService: DisplayOutputManagerService init
06-09 16:15:29.899  1871  1871 D DisplayDaemon: Starting DisplayOutputManagerService
06-09 16:15:29.903  1894  1894 I mediaserver: ServiceManager: 0xf2f1ec80
06-09 16:15:29.907  1894  1894 W BatteryNotifier: batterystats service unavailable!
06-09 16:15:29.961  1897  2006 I ServiceManager: Waiting for service 'package_native' on '/dev/binder'...
06-09 16:15:29.963  2075  2075 E cutils-trace: Error opening trace file: No such file or directory (2)
06-09 16:15:30.022  1820  1820 D Zygote32Timing: ZygotePreload took to complete: 697ms
06-09 16:15:30.031  1820  1820 I zygote  : Explicit concurrent copying GC freed 436(46KB) AllocSpace objects, 0(0B) LOS objects, 97% free, 33KB/1569KB, paused 108us total 8.284ms
06-09 16:15:30.040  1820  1820 I zygote  : Explicit concurrent copying GC freed 11(32KB) AllocSpace objects, 0(0B) LOS objects, 97% free, 33KB/1569KB, paused 73us total 7.699ms
06-09 16:15:30.040  1820  1820 D Zygote32Timing: PostZygoteInitGC took to complete: 17ms
06-09 16:15:30.040  1820  1820 D Zygote32Timing: ZygoteInit took to complete: 716ms
06-09 16:15:30.061  1897  2006 I ServiceManager: Waiting for service 'package_native' on '/dev/binder'...
06-09 16:15:30.105  1820  1820 D Zygote  : Forked child process 2086
06-09 16:15:30.105  1820  1820 I Zygote  : System server process 2086 has been created
06-09 16:15:30.108  2086  2086 I Zygote  : seccomp disabled by setenforce 0
06-09 16:15:30.108  1820  1820 I Zygote  : Accepting command socket connections
06-09 16:15:30.126  2086  2086 I system_server: The ClassLoaderContext is a special shared library.
06-09 16:15:30.145  2086  2086 I system_server: The ClassLoaderContext is a special shared library.
06-09 16:15:30.162  1897  2006 I ServiceManager: Waiting for service 'package_native' on '/dev/binder'...
06-09 16:15:30.210  2086  2086 I system_server: Failed to add image file Rejecting application image due to class loader mismatch: 'Mismatch in dex files'
06-09 16:15:30.219  2086  2086 I system_server: The ClassLoaderContext is a special shared library.
06-09 16:15:30.233  2086  2086 I chatty  : uid=1000 system_server identical 1 line
06-09 16:15:30.251  2086  2086 I system_server: The ClassLoaderContext is a special shared library.
06-09 16:15:30.262  1897  2006 I ServiceManager: Waiting for service 'package_native' on '/dev/binder'...
06-09 16:15:30.270  2086  2086 E system_server: Not starting debugger since process cannot load the jdwp agent.
06-09 16:15:30.279  2086  2104 D Zygote  : begin preload_base
06-09 16:15:30.281  2086  2104 I Zygote  : Calling ZygoteHooks.beginPreload()
06-09 16:15:30.345  2086  2104 D System_Preload_Base: BeginPreload took to complete: 65ms
06-09 16:15:30.363  1897  2006 I ServiceManager: Waiting for service 'package_native' on '/dev/binder'...
06-09 16:15:30.366  2086  2104 D ApplicationLoaders: Created zygote-cached class loader: /system/framework/android.hidl.base-V1.0-java.jar
06-09 16:15:30.375  2086  2104 D ApplicationLoaders: Created zygote-cached class loader: /system/framework/android.hidl.manager-V1.0-java.jar
06-09 16:15:30.375  2086  2104 D System_Preload_Base: CacheNonBootClasspathClassLoaders took to complete: 29ms
06-09 16:15:30.376  2086  2104 I Zygote  : Preloading resources...
06-09 16:15:30.469  1897  2006 I ServiceManager: Waiting for service 'package_native' on '/dev/binder'...
06-09 16:15:30.570  1897  2006 I ServiceManager: Waiting for service 'package_native' on '/dev/binder'...
06-09 16:15:30.610  2086  2104 W Resources: Preloaded drawable resource #0x108027c (android:drawable/dialog_background_material) that varies with configuration!!
06-09 16:15:30.670  1897  2006 I ServiceManager: Waiting for service 'package_native' on '/dev/binder'...
06-09 16:15:30.695  2086  2104 I Zygote  : ...preloaded 64 resources in 319ms.
06-09 16:15:30.721  2086  2104 I Zygote  : ...preloaded 41 resources in 24ms.
06-09 16:15:30.722  2086  2104 D System_Preload_Base: PreloadResources took to complete: 346ms
06-09 16:15:30.722  2086  2104 D Zygote  : end preload_base
06-09 16:15:30.724  2086  2115 D Zygote  : begin PreloadClassThread and PreloadNativeThread system
06-09 16:15:30.727  2086  2086 I SystemServer: InitBeforeStartServices
06-09 16:15:30.728  2086  2116 I Zygote  : Preloading classes...
06-09 16:15:30.736  2086  2086 I SystemServer: Entered the Android system server!
06-09 16:15:30.757  2086  2116 W Zygote  : Class not found for preloading: android.app.-$$Lambda$ActivityThread$ZXDWm3IBeFmLnFVblhB-IOZCr9o
06-09 16:15:30.771  1897  2006 I ServiceManager: Waiting for service 'package_native' on '/dev/binder'...
06-09 16:15:30.872  1897  2006 I ServiceManager: Waiting for service 'package_native' on '/dev/binder'...
06-09 16:15:30.951  2086  2116 W Zygote  : Class not found for preloading: android.bluetooth.BluetoothA2dp$2
06-09 16:15:30.972  1897  2006 I ServiceManager: Waiting for service 'package_native' on '/dev/binder'...
06-09 16:15:30.987  2086  2116 I PackageBackwardCompatibility: Could not find android.content.pm.AndroidTestBaseUpdater, ignoring
06-09 16:15:31.006  1848  1848 D RenderEngine: shader cache generated - 48 shaders in 3049.644043 ms
06-09 16:15:31.012  1848  1848 I ServiceManagement: Registered android.frameworks.displayservice@1.0::IDisplayService/default (start delay of 5109ms)
06-09 16:15:31.012  1848  1848 D SurfaceFlinger: Setting power mode 2 on display 0
06-09 16:15:31.013  1832  1930 D sunxihwc: set mode 2 1
06-09 16:15:31.014  1848  1848 D SurfaceFlinger: Finished setting power mode 2 on display 0
06-09 16:15:31.073  1897  2006 I ServiceManager: Waiting for service 'package_native' on '/dev/binder'...
06-09 16:15:31.173  1897  2006 I chatty  : uid=0(root) /system/bin/storaged identical 1 line
06-09 16:15:31.274  1897  2006 I ServiceManager: Waiting for service 'package_native' on '/dev/binder'...
06-09 16:15:31.280  2086  2117 D libEGL  : loaded /vendor/lib/egl/libGLES_mali.so
06-09 16:15:31.349  2086  2117 I Zygote  : Preloading shared libraries...
06-09 16:15:31.375  1897  2006 I ServiceManager: Waiting for service 'package_native' on '/dev/binder'...
06-09 16:15:31.464  2086  2086 E UsbAlsaJackDetectorJNI: Can't register UsbAlsaJackDetector native methods
06-09 16:15:31.475  1897  2006 I ServiceManager: Waiting for service 'package_native' on '/dev/binder'...
06-09 16:15:31.576  1897  2006 I ServiceManager: Waiting for service 'package_native' on '/dev/binder'...
06-09 16:15:31.618  2126  2126 D BootAnimation: BootAnimationPreloadTiming start time: 10395ms
06-09 16:15:31.676  1897  2006 I ServiceManager: Waiting for service 'package_native' on '/dev/binder'...
06-09 16:15:31.729  2086  2086 D SystemServerTiming: InitBeforeStartServices took to complete: 1001ms
06-09 16:15:31.729  2086  2086 I SystemServer: StartServices
06-09 16:15:31.730  2086  2086 I SystemServer: StartWatchdog
06-09 16:15:31.758  2086  2086 D SystemServerTiming: StartWatchdog took to complete: 28ms
06-09 16:15:31.758  2086  2086 I SystemServer: Reading configuration...
06-09 16:15:31.758  2086  2086 I SystemServer: ReadingSystemConfig
06-09 16:15:31.764  2086  2086 D SystemServerTiming: ReadingSystemConfig took to complete: 5ms
06-09 16:15:31.764  2086  2086 I SystemServer: StartInstaller
06-09 16:15:31.772  2086  2142 I SystemConfig: Adding association: com.google.android.as <- com.android.providers.contacts
06-09 16:15:31.773  2086  2142 I SystemConfig: Adding association: com.google.android.as <- com.android.providers.media
06-09 16:15:31.773  2086  2142 I SystemConfig: Adding association: com.google.android.as <- com.android.providers.telephony
06-09 16:15:31.773  2086  2142 I SystemConfig: Adding association: com.google.android.as <- com.android.systemui
06-09 16:15:31.773  2086  2142 I SystemConfig: Adding association: com.google.android.as <- com.google.android.gms
06-09 16:15:31.773  2086  2142 I SystemConfig: Adding association: com.google.android.as <- com.google.android.gsf
06-09 16:15:31.773  2086  2086 I SystemServiceManager: Starting com.android.server.pm.Installer
06-09 16:15:31.777  1897  2006 I ServiceManager: Waiting for service 'package_native' on '/dev/binder'...
06-09 16:15:31.787  1885  1911 D installd: Found quota mount /dev/block/by-name/UDISK at /data
06-09 16:15:31.789  2086  2086 D SystemServerTiming: StartInstaller took to complete: 25ms
06-09 16:15:31.790  2086  2086 I SystemServer: DeviceIdentifiersPolicyService
06-09 16:15:31.792  2086  2086 I SystemServiceManager: Starting com.android.server.os.DeviceIdentifiersPolicyService
06-09 16:15:31.798  2086  2086 D SystemServerTiming: DeviceIdentifiersPolicyService took to complete: 7ms
06-09 16:15:31.799  2086  2086 I SystemServer: UriGrantsManagerService
06-09 16:15:31.800  2086  2086 I SystemServiceManager: Starting com.android.server.uri.UriGrantsManagerService$Lifecycle
06-09 16:15:31.816  2086  2086 D SystemServerTiming: UriGrantsManagerService took to complete: 18ms
06-09 16:15:31.817  2086  2086 I SystemServer: StartActivityManager
06-09 16:15:31.817  2086  2086 I SystemServiceManager: Starting com.android.server.wm.ActivityTaskManagerService$Lifecycle
06-09 16:15:31.870  2086  2086 I SystemServiceManager: Starting com.android.server.am.ActivityManagerService$Lifecycle
06-09 16:15:31.877  1897  2006 I ServiceManager: Waiting for service 'package_native' on '/dev/binder'...
06-09 16:15:31.938  2126  2126 E BootAnimation: no audio.wav could be found!
06-09 16:15:31.939  2126  2126 D BootAnimation: BootAnimationPreloadStopTiming start time: 10716ms
06-09 16:15:31.946  2126  2145 E cutils-trace: Error opening trace file: No such file or directory (2)
06-09 16:15:31.947  2086  2142 W SystemConfig: No directory /product/etc/sysconfig, skipping
06-09 16:15:31.967  2086  2142 W SystemConfig: No directory /product_services/etc/sysconfig, skipping
06-09 16:15:31.967  2086  2142 W SystemConfig: No directory /product_services/etc/permissions, skipping
06-09 16:15:31.978  1897  2006 I ServiceManager: Waiting for service 'package_native' on '/dev/binder'...
06-09 16:15:31.992  2126  2145 D libEGL  : loaded /vendor/lib/egl/libGLES_mali.so
06-09 16:15:32.002  2086  2086 I ActivityManager: Memory class: 128
06-09 16:15:32.079  1897  2006 I ServiceManager: Waiting for service 'package_native' on '/dev/binder'...
06-09 16:15:32.082  2126  2145 D BootAnimation: BootAnimationShownTiming start time: 10860ms
06-09 16:15:32.094  2086  2086 D BatteryStatsImpl: Reading daily items from /data/system/batterystats-daily.xml
06-09 16:15:32.103  1831  2000 I gralloc : alloc buffer:W:1280 H:720 S:1280 PL[1280 720] SZ:3686400 fmt:43 if:0 af:43 usg:20000b00 fg:00000004
06-09 16:15:32.106  1697  1697 I hwservicemanager: getTransport: Cannot find entry android.hardware.graphics.mapper@3.0::IMapper/default in either framework or device manifest.
06-09 16:15:32.106  2126  2145 W Gralloc3: mapper 3.x is not supported
06-09 16:15:32.117  2126  2145 E gralloc : Arm Module v1.0
06-09 16:15:32.119  2126  2145 E ion     : ioctl c0044901 failed with code -1: Invalid argument
06-09 16:15:32.132  1697  1697 I hwservicemanager: getTransport: Cannot find entry android.hardware.power.stats@1.0::IPowerStats/default in either framework or device manifest.
06-09 16:15:32.136  2086  2166 I BatteryStatsService: Using power HAL
06-09 16:15:32.137  2086  2166 E BatteryStatsService: Unable to load Power.Stats.HAL. Setting rail availability to false
06-09 16:15:32.137  2086  2166 E BluetoothAdapter: Bluetooth binder is null
06-09 16:15:32.143  2086  2116 E ActivityRecognitionHardware: activity_recognition HAL is deprecated. class_init is effectively a no-op
06-09 16:15:32.168  2086  2166 E BatteryExternalStatsWorker: no controller energy info supplied for telephony
06-09 16:15:32.168  1848  1848 I SurfaceFlinger: Enter boot animation
06-09 16:15:32.177  1831  2000 I gralloc : alloc buffer:W:1280 H:720 S:1280 PL[1280 720] SZ:3686400 fmt:43 if:0 af:43 usg:20000b00 fg:00000004
06-09 16:15:32.179  1832  1996 D sunxihwc: getChipVer: chipver=0x1
06-09 16:15:32.179  1897  2006 I ServiceManager: Waiting for service 'package_native' on '/dev/binder'...
06-09 16:15:32.182  1848  1848 D BufferLayer: isSkipRenderEngine platform=homlet
06-09 16:15:32.190  2086  2166 I KernelCpuUidFreqTimeReader: mPerClusterTimesAvailable=false
06-09 16:15:32.199  1831  2000 I gralloc : alloc buffer:W:1280 H:720 S:1280 PL[1280 720] SZ:3686400 fmt:43 if:0 af:43 usg:20000b00 fg:00000004
06-09 16:15:32.208  2086  2166 E KernelCpuSpeedReader: Failed to read cpu-freq: /sys/devices/system/cpu/cpu0/cpufreq/stats/time_in_state: open failed: ENOENT (No such file or directory)
06-09 16:15:32.217  2086  2166 I PowerManagerService-JNI: Loaded power HAL 1.0 service
06-09 16:15:32.280  1897  2006 I ServiceManager: Waiting for service 'package_native' on '/dev/binder'...
06-09 16:15:32.380  1897  2006 I ServiceManager: Waiting for service 'package_native' on '/dev/binder'...
06-09 16:15:32.413  2086  2086 I IntentFirewall: Read new rules (A:0 B:0 S:0)
06-09 16:15:32.418  2086  2116 I system_server: Thread[15,tid=2116,Native,Thread*=0xdec75c00,peer=0x12c01d68,"Thread-2"] recursive attempt to load library "libmedia_jni.so"
06-09 16:15:32.419  2086  2116 D MtpDeviceJNI: register_android_mtp_MtpDevice
06-09 16:15:32.421  2086  2116 I system_server: Thread[15,tid=2116,Native,Thread*=0xdec75c00,peer=0x12c01d68,"Thread-2"] recursive attempt to load library "libmedia_jni.so"
06-09 16:15:32.423  2086  2116 I system_server: Thread[15,tid=2116,Native,Thread*=0xdec75c00,peer=0x12c01d68,"Thread-2"] recursive attempt to load library "libmedia_jni.so"
06-09 16:15:32.481  1897  2006 I ServiceManager: Waiting for service 'package_native' on '/dev/binder'...
06-09 16:15:32.496  2086  2086 D AppOps  : AppOpsService published
06-09 16:15:32.522  2086  2086 D SystemServerTiming: StartActivityManager took to complete: 706ms
06-09 16:15:32.523  2086  2086 I SystemServer: StartAwbms
06-09 16:15:32.525  2086  2086 D SystemServerTiming: StartAwbms took to complete: 2ms
06-09 16:15:32.525  2086  2086 I SystemServer: StartPowerManager
06-09 16:15:32.525  2086  2086 I SystemServiceManager: Starting com.android.server.power.PowerManagerService
06-09 16:15:32.535  2086  2116 W Zygote  : Class not found for preloading: android.media.audiopolicy.AudioProductStrategies
06-09 16:15:32.536  2086  2116 W Zygote  : Class not found for preloading: android.media.audiopolicy.AudioVolumeGroups
06-09 16:15:32.583  1897  2006 I ServiceManager: Waiting for service 'package_native' on '/dev/binder'...
06-09 16:15:32.585  1835  1835 I AW_PowerHAL: ==SET_INTER 1
06-09 16:15:32.586  1835  1835 E AW_PowerHAL: Error opening /sys/devices/platform/soc/cpu_budget_cooling/roomage: No such file or directory
06-09 16:15:32.593  2086  2086 D SystemServerTiming: StartPowerManager took to complete: 67ms
06-09 16:15:32.593  2086  2086 I SystemServer: StartThermalManager
06-09 16:15:32.594  2086  2086 I SystemServiceManager: Starting com.android.server.power.ThermalManagerService
06-09 16:15:32.599  2086  2086 D SystemServerTiming: StartThermalManager took to complete: 5ms
06-09 16:15:32.599  2086  2086 I SystemServer: InitPowerManagement
06-09 16:15:32.606  2086  2086 D SystemServerTiming: InitPowerManagement took to complete: 7ms
06-09 16:15:32.607  2086  2086 I SystemServer: StartRecoverySystemService
06-09 16:15:32.607  2086  2086 I SystemServiceManager: Starting com.android.server.RecoverySystemService
06-09 16:15:32.610  2086  2086 D SystemServerTiming: StartRecoverySystemService took to complete: 4ms
06-09 16:15:32.613  2086  2086 V RescueParty: Disabled because of eng build
06-09 16:15:32.613  2086  2086 I SystemServer: StartLightsService
06-09 16:15:32.614  2086  2086 I SystemServiceManager: Starting com.android.server.lights.LightsService
06-09 16:15:32.633  2086  2086 D SystemServerTiming: StartLightsService took to complete: 20ms
06-09 16:15:32.634  2086  2086 I SystemServer: StartSidekickService
06-09 16:15:32.634  2086  2086 D SystemServerTiming: StartSidekickService took to complete: 0ms
06-09 16:15:32.634  2086  2086 I SystemServer: StartDisplayManager
06-09 16:15:32.643  2086  2086 I SystemServiceManager: Starting com.android.server.display.DisplayManagerService
06-09 16:15:32.673  2086  2086 D SystemServerTiming: StartDisplayManager took to complete: 40ms
06-09 16:15:32.674  2086  2086 I SystemServer: WaitForDisplay
06-09 16:15:32.674  2086  2086 I SystemServiceManager: Starting phase 100
06-09 16:15:32.684  1897  2006 I ServiceManager: Waiting for service 'package_native' on '/dev/binder'...
06-09 16:15:32.694  2086  2138 I DisplayManagerService: Display device added: DisplayDeviceInfo{"Built-in Screen": uniqueId="local:0", 1280 x 720, modeId 1, defaultModeId 1, supportedModes [{id=1, width=1280, height=720, fps=60.000004}], colorMode 0, supportedColorModes [0], HdrCapabilities android.view.Display$HdrCapabilities@413e3a39, density 160, 213.0 x 213.0 dpi, appVsyncOff 1000000, presDeadline 16666666, touch INTERNAL, rotation 0, type BUILT_IN, address {port=0}, state UNKNOWN, FLAG_DEFAULT_DISPLAY, FLAG_ROTATES_WITH_CONTENT, FLAG_SECURE, FLAG_SUPPORTS_PROTECTED_BUFFERS}
06-09 16:15:32.698  1848  1848 D SurfaceFlinger: Setting power mode 2 on display 0
06-09 16:15:32.709  2086  2138 I ServiceManagement: getService: Trying again for android.hardware.light@2.0::ILight/default...
06-09 16:15:32.790  1897  2006 I ServiceManager: Waiting for service 'package_native' on '/dev/binder'...
06-09 16:15:32.815  2202  2202 E cutils-trace: Error opening trace file: No such file or directory (2)
06-09 16:15:32.828  2202  2202 E light   : hw_get_module lights backlight failed: -2
06-09 16:15:32.828  2202  2202 E light   : Light passthrough failed to load legacy HAL.
06-09 16:15:32.829  2202  2202 E light   : hw_get_module lights keyboard failed: -2
06-09 16:15:32.829  2202  2202 E light   : Light passthrough failed to load legacy HAL.
06-09 16:15:32.830  2202  2202 E light   : hw_get_module lights buttons failed: -2
06-09 16:15:32.830  2202  2202 E light   : Light passthrough failed to load legacy HAL.
06-09 16:15:32.830  2202  2202 E light   : hw_get_module lights battery failed: -2
06-09 16:15:32.830  2202  2202 E light   : Light passthrough failed to load legacy HAL.
06-09 16:15:32.830  2202  2202 E light   : hw_get_module lights notifications failed: -2
06-09 16:15:32.831  2202  2202 E light   : Light passthrough failed to load legacy HAL.
06-09 16:15:32.831  2202  2202 E light   : hw_get_module lights attention failed: -2
06-09 16:15:32.831  2202  2202 E light   : Light passthrough failed to load legacy HAL.
06-09 16:15:32.831  2202  2202 E light   : hw_get_module lights bluetooth failed: -2
06-09 16:15:32.831  2202  2202 E light   : Light passthrough failed to load legacy HAL.
06-09 16:15:32.832  2202  2202 E light   : hw_get_module lights wifi failed: -2
06-09 16:15:32.832  2202  2202 E light   : Light passthrough failed to load legacy HAL.
06-09 16:15:32.832  2202  2202 I light   : Could not open any lights.
06-09 16:15:32.835  2202  2202 I /vendor/bin/hw/android.hardware.light@2.0-service-lazy: Registering HAL: android.hardware.light@2.0::ILight with name: default
06-09 16:15:32.842  2202  2202 I ServiceManagement: Registered android.hardware.light@2.0::ILight/default (start delay of 130ms)
06-09 16:15:32.843  2202  2202 I ServiceManagement: Removing namespace from process name android.hardware.light@2.0-service-lazy to light@2.0-service-lazy.
06-09 16:15:32.846  2202  2202 I         : Registration complete for android.hardware.light@2.0::ILight/default.
06-09 16:15:32.848  2086  2138 E LightsService: Light requested not available on this device. 0
06-09 16:15:32.848  2086  2138 D LightsService: Excessive delay setting light
06-09 16:15:32.849  2086  2138 I DisplayManagerService: Display device changed state: "Built-in Screen", ON
06-09 16:15:32.849  2086  2086 W SystemServiceManager: Service com.android.server.display.DisplayManagerService took 173 ms in onBootPhase
06-09 16:15:32.849  2086  2086 D SystemServerTiming: WaitForDisplay took to complete: 174ms
06-09 16:15:32.853  2086  2086 I SystemServer: StartPackageManagerService
06-09 16:15:32.855  2086  2086 I Watchdog: Pausing HandlerChecker: main thread for reason: packagemanagermain. Pause count: 1
06-09 16:15:32.890  1897  2006 I ServiceManager: Waiting for service 'package_native' on '/dev/binder'...
06-09 16:15:32.991  1897  2006 I ServiceManager: Waiting for service 'package_native' on '/dev/binder'...
06-09 16:15:33.056  2086  2086 D SELinuxMMAC: Using policy file /system/etc/selinux/plat_mac_permissions.xml
06-09 16:15:33.062  2086  2086 D SELinuxMMAC: Using policy file /product/etc/selinux/product_mac_permissions.xml
06-09 16:15:33.064  2086  2086 D SELinuxMMAC: Using policy file /vendor/etc/selinux/vendor_mac_permissions.xml
06-09 16:15:33.076  2086  2086 D FallbackCategoryProvider: Found 1 fallback categories
06-09 16:15:33.091  1897  2006 I ServiceManager: Waiting for service 'package_native' on '/dev/binder'...
06-09 16:15:33.096  2086  2116 W Zygote  : Class not found for preloading: android.view.textclassifier.-$$Lambda$TextClassificationManager$JIaezIJbMig_-kVzN6oArzkTsJE
06-09 16:15:33.174  2086  2116 W Zygote  : Class not found for preloading: com.android.internal.net.NetworkStatsFactory
06-09 16:15:33.182  2086  2116 W Zygote  : Class not found for preloading: com.android.internal.telephony.-$$Lambda$PhoneSubInfoController$8HFbCDJDN1mrLJG980qYH5MGqMk
06-09 16:15:33.183  2086  2116 W Zygote  : Class not found for preloading: com.android.internal.telephony.-$$Lambda$PhoneSubInfoController$U28a_EGx2cvmQhDfRRgonMt5Zrc
06-09 16:15:33.183  2086  2116 W Zygote  : Class not found for preloading: com.android.internal.telephony.-$$Lambda$SubscriptionInfoUpdater$-zZXM9oMRZ3vZz7dJOG19J00Bmw
06-09 16:15:33.184  2086  2116 W Zygote  : Class not found for preloading: com.android.internal.telephony.-$$Lambda$SubscriptionInfoUpdater$D5yF1HbS4cvCyoAj3FESkPtA_0g
06-09 16:15:33.185  2086  2116 W Zygote  : Class not found for preloading: com.android.internal.telephony.-$$Lambda$SubscriptionInfoUpdater$MMx9iQX0JVqqMPLTUZhdBubFSzU
06-09 16:15:33.193  1897  2006 I ServiceManager: Waiting for service 'package_native' on '/dev/binder'...
06-09 16:15:33.241  2086  2116 W Zygote  : Class not found for preloading: com.android.internal.telephony.PhoneConfigurationModels
06-09 16:15:33.266  2086  2116 W Zygote  : Class not found for preloading: com.android.internal.telephony.SubscriptionController$ScLocalLog
06-09 16:15:33.276  2086  2116 W Zygote  : Class not found for preloading: com.android.internal.telephony.UiccSmsController
06-09 16:15:33.294  1897  2006 I ServiceManager: Waiting for service 'package_native' on '/dev/binder'...
06-09 16:15:33.395  1897  2006 W ServiceManager: Service package_native didn't start. Returning NULL
06-09 16:15:33.395  1897  2006 E storaged: getService package_native failed
06-09 16:15:33.398  1897  2006 I storaged: storaged: Start
06-09 16:15:33.411  1897  2242 I ServiceManager: Waiting for service 'package_native' on '/dev/binder'...
06-09 16:15:33.512  1897  2242 I ServiceManager: Waiting for service 'package_native' on '/dev/binder'...
06-09 16:15:33.561  2086  2116 I Zygote  : ...preloaded 7590 classes in 2832ms.
06-09 16:15:33.561  2086  2116 I system_server: VMRuntime.preloadDexCaches starting
06-09 16:15:33.612  1897  2242 I ServiceManager: Waiting for service 'package_native' on '/dev/binder'...
06-09 16:15:33.713  1897  2242 I chatty  : uid=0(root) HwBinder:1897_1 identical 1 line
06-09 16:15:33.813  1897  2242 I ServiceManager: Waiting for service 'package_native' on '/dev/binder'...
06-09 16:15:33.875  2086  2116 I system_server: VMRuntime.preloadDexCaches strings total=379687 before=9928 after=9928
06-09 16:15:33.876  2086  2116 I system_server: VMRuntime.preloadDexCaches types total=35831 before=7234 after=7479
06-09 16:15:33.876  2086  2116 I system_server: VMRuntime.preloadDexCaches fields total=160895 before=8032 after=8249
06-09 16:15:33.876  2086  2116 I system_server: VMRuntime.preloadDexCaches methods total=281670 before=10926 after=11350
06-09 16:15:33.876  2086  2116 I system_server: VMRuntime.preloadDexCaches finished
06-09 16:15:33.877  2086  2115 I Zygote  : Called ZygoteHooks.endPreload()
06-09 16:15:33.880  2086  2115 I Zygote  : Installed AndroidKeyStoreProvider in 2ms.
06-09 16:15:33.913  2086  2086 D PackageManager: No files in app dir /product_services/overlay
06-09 16:15:33.913  2086  2086 D PackageManager: No files in app dir /odm/overlay
06-09 16:15:33.914  2086  2086 D PackageManager: No files in app dir /oem/overlay
06-09 16:15:33.917  1897  2242 I ServiceManager: Waiting for service 'package_native' on '/dev/binder'...
06-09 16:15:33.918  2086  2115 I Zygote  : Warmed up JCA providers in 38ms.
06-09 16:15:33.919  2086  2115 D Zygote  : end PreloadClassThread and PreloadNativeThread system
06-09 16:15:33.926  2086  2086 W PackageManager: Failed to parse /system/framework/arm: Missing base APK in /system/framework/arm
06-09 16:15:33.926  2086  2086 W PackageManager: Failed to parse /system/framework/oat: Missing base APK in /system/framework/oat
06-09 16:15:34.018  1897  2242 I ServiceManager: Waiting for service 'package_native' on '/dev/binder'...
06-09 16:15:34.041  2086  2273 D PackageParser: homlet:force to landscape
06-09 16:15:34.046  2086  2273 I chatty  : uid=1000 system_server identical 19 lines
06-09 16:15:34.046  2086  2273 D PackageParser: homlet:force to landscape
06-09 16:15:34.095  2086  2285 D PackageParser: homlet:force to landscape
06-09 16:15:34.096  2086  2285 I chatty  : uid=1000 system_server identical 1 line
06-09 16:15:34.099  2086  2285 D PackageParser: homlet:force to landscape
06-09 16:15:34.129  2086  2284 W PackageParser: Ignoring duplicate uses-permissions/uses-permissions-sdk-m: android.permission.INSTALL_GRANT_RUNTIME_PERMISSIONS in package: com.android.shell at: Binary XML file line #127
06-09 16:15:34.138  2086  2284 D PackageParser: homlet:force to landscape
06-09 16:15:34.219  1897  2242 I chatty  : uid=0(root) HwBinder:1897_1 identical 2 lines
06-09 16:15:34.260  2086  2288 D PackageParser: homlet:force to landscape
06-09 16:15:34.260  2086  2288 I chatty  : uid=1000 system_server identical 1 line
06-09 16:15:34.260  2086  2288 D PackageParser: homlet:force to landscape
06-09 16:15:34.263  2086  2284 D PackageParser: homlet:force to landscape
06-09 16:15:34.263  2086  2288 D PackageParser: homlet:force to landscape
06-09 16:15:34.271  2086  2086 W PackageManager: Failed to scan /system/priv-app/TVRecommendations: Package com.google.android.tvrecommendations at /system/priv-app/TVRecommendations ignored: updated version 1010903817 better than this 1010900162
06-09 16:15:34.309  2086  2284 D PackageParser: homlet:force to landscape
06-09 16:15:34.309  2086  2284 D PackageParser: homlet:force to landscape
06-09 16:15:34.322  1897  2242 I ServiceManager: Waiting for service 'package_native' on '/dev/binder'...
06-09 16:15:34.323  2086  2285 D PackageParser: homlet:force to landscape
06-09 16:15:34.326  2086  2285 D PackageParser: homlet:force to landscape
06-09 16:15:34.327  2086  2288 D PackageParser: homlet:force to landscape
06-09 16:15:34.328  2086  2288 I chatty  : uid=1000 system_server identical 3 lines
06-09 16:15:34.329  2086  2288 D PackageParser: homlet:force to landscape
06-09 16:15:34.329  2086  2285 D PackageParser: homlet:force to landscape
06-09 16:15:34.329  2086  2288 D PackageParser: homlet:force to landscape
06-09 16:15:34.329  2086  2288 D PackageParser: homlet:force to landscape
06-09 16:15:34.329  2086  2285 D PackageParser: homlet:force to landscape
06-09 16:15:34.329  2086  2288 D PackageParser: homlet:force to landscape
06-09 16:15:34.329  2086  2285 D PackageParser: homlet:force to landscape
06-09 16:15:34.330  2086  2285 D PackageParser: homlet:force to landscape
06-09 16:15:34.330  2086  2288 D PackageParser: homlet:force to landscape
06-09 16:15:34.331  2086  2285 D PackageParser: homlet:force to landscape
06-09 16:15:34.331  2086  2288 D PackageParser: homlet:force to landscape
06-09 16:15:34.331  2086  2285 D PackageParser: homlet:force to landscape
06-09 16:15:34.353  2086  2285 I chatty  : uid=1000 system_server identical 11 lines
06-09 16:15:34.353  2086  2285 D PackageParser: homlet:force to landscape
06-09 16:15:34.358  2086  2286 D PackageParser: homlet:force to landscape
06-09 16:15:34.358  2086  2286 D PackageParser: homlet:force to landscape
06-09 16:15:34.358  2086  2285 D PackageParser: homlet:force to landscape
06-09 16:15:34.360  2086  2285 I chatty  : uid=1000 system_server identical 5 lines
06-09 16:15:34.361  2086  2285 D PackageParser: homlet:force to landscape
06-09 16:15:34.361  2086  2286 D PackageParser: homlet:force to landscape
06-09 16:15:34.361  2086  2285 D PackageParser: homlet:force to landscape
06-09 16:15:34.361  2086  2286 D PackageParser: homlet:force to landscape
06-09 16:15:34.362  2086  2285 D PackageParser: homlet:force to landscape
06-09 16:15:34.362  2086  2286 D PackageParser: homlet:force to landscape
06-09 16:15:34.362  2086  2285 D PackageParser: homlet:force to landscape
06-09 16:15:34.362  2086  2285 D PackageParser: homlet:force to landscape
06-09 16:15:34.362  2086  2286 D PackageParser: homlet:force to landscape
06-09 16:15:34.362  2086  2285 I chatty  : uid=1000 system_server expire 1 line
06-09 16:15:34.363  2086  2285 D PackageParser: homlet:force to landscape
06-09 16:15:34.363  2086  2286 D PackageParser: homlet:force to landscape
06-09 16:15:34.363  2086  2285 D PackageParser: homlet:force to landscape
06-09 16:15:34.363  2086  2285 D PackageParser: homlet:force to landscape
06-09 16:15:34.363  2086  2286 D PackageParser: homlet:force to landscape
06-09 16:15:34.364  2086  2286 D PackageParser: homlet:force to landscape
06-09 16:15:34.364  2086  2285 D PackageParser: homlet:force to landscape
06-09 16:15:34.364  2086  2286 D PackageParser: homlet:force to landscape
06-09 16:15:34.364  2086  2285 D PackageParser: homlet:force to landscape
06-09 16:15:34.367  2086  2285 I chatty  : uid=1000 system_server identical 9 lines
06-09 16:15:34.371  2086  2285 D PackageParser: homlet:force to landscape
06-09 16:15:34.372  2086  2285 D PackageParser: homlet:force to landscape
06-09 16:15:34.372  2086  2286 D PackageParser: homlet:force to landscape
06-09 16:15:34.375  2086  2285 I chatty  : uid=1000 system_server expire 9 lines
06-09 16:15:34.375  2086  2285 D PackageParser: homlet:force to landscape
06-09 16:15:34.375  2086  2286 D PackageParser: homlet:force to landscape
06-09 16:15:34.375  2086  2286 D PackageParser: homlet:force to landscape
06-09 16:15:34.376  2086  2285 D PackageParser: homlet:force to landscape
06-09 16:15:34.376  2086  2286 D PackageParser: homlet:force to landscape
06-09 16:15:34.376  2086  2285 D PackageParser: homlet:force to landscape
06-09 16:15:34.376  2086  2286 D PackageParser: homlet:force to landscape
06-09 16:15:34.376  2086  2286 D PackageParser: homlet:force to landscape
06-09 16:15:34.377  2086  2285 D PackageParser: homlet:force to landscape
06-09 16:15:34.377  2086  2286 D PackageParser: homlet:force to landscape
06-09 16:15:34.377  2086  2285 D PackageParser: homlet:force to landscape
06-09 16:15:34.377  2086  2286 D PackageParser: homlet:force to landscape
06-09 16:15:34.377  2086  2285 D PackageParser: homlet:force to landscape
06-09 16:15:34.377  2086  2286 D PackageParser: homlet:force to landscape
06-09 16:15:34.383  2086  2286 I chatty  : uid=1000 system_server identical 19 lines
06-09 16:15:34.385  2086  2286 D PackageParser: homlet:force to landscape
06-09 16:15:34.385  2086  2285 D PackageParser: homlet:force to landscape
06-09 16:15:34.385  2086  2286 D PackageParser: homlet:force to landscape
06-09 16:15:34.386  2086  2286 D PackageParser: homlet:force to landscape
06-09 16:15:34.386  2086  2285 D PackageParser: homlet:force to landscape
06-09 16:15:34.386  2086  2286 D PackageParser: homlet:force to landscape
06-09 16:15:34.386  2086  2286 D PackageParser: homlet:force to landscape
06-09 16:15:34.386  2086  2285 D PackageParser: homlet:force to landscape
06-09 16:15:34.386  2086  2286 D PackageParser: homlet:force to landscape
06-09 16:15:34.387  2086  2286 I chatty  : uid=1000 system_server identical 1 line
06-09 16:15:34.387  2086  2286 D PackageParser: homlet:force to landscape
06-09 16:15:34.387  2086  2285 D PackageParser: homlet:force to landscape
06-09 16:15:34.387  2086  2286 D PackageParser: homlet:force to landscape
06-09 16:15:34.387  2086  2285 D PackageParser: homlet:force to landscape
06-09 16:15:34.387  2086  2286 D PackageParser: homlet:force to landscape
06-09 16:15:34.387  2086  2285 D PackageParser: homlet:force to landscape
06-09 16:15:34.388  2086  2285 D PackageParser: homlet:force to landscape
06-09 16:15:34.388  2086  2286 D PackageParser: homlet:force to landscape
06-09 16:15:34.389  2086  2286 I chatty  : uid=1000 system_server identical 5 lines
06-09 16:15:34.390  2086  2286 D PackageParser: homlet:force to landscape
06-09 16:15:34.390  2086  2285 D PackageParser: homlet:force to landscape
06-09 16:15:34.390  2086  2286 D PackageParser: homlet:force to landscape
06-09 16:15:34.390  2086  2285 D PackageParser: homlet:force to landscape
06-09 16:15:34.390  2086  2286 D PackageParser: homlet:force to landscape
06-09 16:15:34.390  2086  2285 D PackageParser: homlet:force to landscape
06-09 16:15:34.390  2086  2286 D PackageParser: homlet:force to landscape
06-09 16:15:34.390  2086  2285 D PackageParser: homlet:force to landscape
06-09 16:15:34.390  2086  2285 D PackageParser: homlet:force to landscape
06-09 16:15:34.393  2086  2286 D PackageParser: homlet:force to landscape
06-09 16:15:34.395  2086  2286 I chatty  : uid=1000 system_server identical 5 lines
06-09 16:15:34.396  2086  2286 D PackageParser: homlet:force to landscape
06-09 16:15:34.398  2086  2285 D PackageParser: homlet:force to landscape
06-09 16:15:34.398  2086  2286 D PackageParser: homlet:force to landscape
06-09 16:15:34.398  2086  2285 D PackageParser: homlet:force to landscape
06-09 16:15:34.399  2086  2286 D PackageParser: homlet:force to landscape
06-09 16:15:34.399  2086  2286 I chatty  : uid=1000 system_server identical 1 line
06-09 16:15:34.400  2086  2286 D PackageParser: homlet:force to landscape
06-09 16:15:34.400  2086  2285 D PackageParser: homlet:force to landscape
06-09 16:15:34.400  2086  2285 D PackageParser: homlet:force to landscape
06-09 16:15:34.400  2086  2286 D PackageParser: homlet:force to landscape
06-09 16:15:34.401  2086  2286 D PackageParser: homlet:force to landscape
06-09 16:15:34.404  2086  2286 D PackageParser: homlet:force to landscape
06-09 16:15:34.404  2086  2285 D PackageParser: homlet:force to landscape
06-09 16:15:34.404  2086  2286 D PackageParser: homlet:force to landscape
06-09 16:15:34.404  2086  2285 D PackageParser: homlet:force to landscape
06-09 16:15:34.404  2086  2284 D PackageParser: homlet:force to landscape
06-09 16:15:34.405  2086  2286 D PackageParser: homlet:force to landscape
06-09 16:15:34.406  2086  2285 D PackageParser: homlet:force to landscape
06-09 16:15:34.406  2086  2284 D PackageParser: homlet:force to landscape
06-09 16:15:34.406  2086  2285 D PackageParser: homlet:force to landscape
06-09 16:15:34.406  2086  2285 D PackageParser: homlet:force to landscape
06-09 16:15:34.406  2086  2285 D PackageParser: homlet:force to landscape
06-09 16:15:34.406  2086  2286 D PackageParser: homlet:force to landscape
06-09 16:15:34.406  2086  2286 D PackageParser: homlet:force to landscape
06-09 16:15:34.406  2086  2285 D PackageParser: homlet:force to landscape
06-09 16:15:34.407  2086  2284 D PackageParser: homlet:force to landscape
06-09 16:15:34.407  2086  2288 D PackageParser: homlet:force to landscape
06-09 16:15:34.407  2086  2286 D PackageParser: homlet:force to landscape
06-09 16:15:34.407  2086  2285 D PackageParser: homlet:force to landscape
06-09 16:15:34.407  2086  2284 D PackageParser: homlet:force to landscape
06-09 16:15:34.407  2086  2288 D PackageParser: homlet:force to landscape
06-09 16:15:34.407  2086  2284 D PackageParser: homlet:force to landscape
06-09 16:15:34.407  2086  2285 D PackageParser: homlet:force to landscape
06-09 16:15:34.408  2086  2284 D PackageParser: homlet:force to landscape
06-09 16:15:34.408  2086  2285 D PackageParser: homlet:force to landscape
06-09 16:15:34.408  2086  2284 D PackageParser: homlet:force to landscape
06-09 16:15:34.408  2086  2284 D PackageParser: homlet:force to landscape
06-09 16:15:34.408  2086  2284 D PackageParser: homlet:force to landscape
06-09 16:15:34.408  2086  2285 D PackageParser: homlet:force to landscape
06-09 16:15:34.411  2086  2284 I chatty  : uid=1000 system_server expire 7 lines
06-09 16:15:34.411  2086  2284 D PackageParser: homlet:force to landscape
06-09 16:15:34.413  2086  2285 D PackageParser: homlet:force to landscape
06-09 16:15:34.413  2086  2284 D PackageParser: homlet:force to landscape
06-09 16:15:34.415  2086  2285 D PackageParser: homlet:force to landscape
06-09 16:15:34.419  1697  1697 I hwservicemanager: Notifying android.hardware.light@2.0::ILight/default they have clients: 1
06-09 16:15:34.423  2202  2202 I /vendor/bin/hw/android.hardware.light@2.0-service-lazy: Process has 1 (of 1 available) client(s) in use after notification android.hardware.light@2.0::ILight has clients: 1
06-09 16:15:34.423  1897  2242 I ServiceManager: Waiting for service 'package_native' on '/dev/binder'...
06-09 16:15:34.425  2086  2285 I chatty  : uid=1000 system_server identical 9 lines
06-09 16:15:34.426  2086  2285 D PackageParser: homlet:force to landscape
06-09 16:15:34.426  2086  2286 D PackageParser: homlet:force to landscape
06-09 16:15:34.426  2086  2285 D PackageParser: homlet:force to landscape
06-09 16:15:34.426  2086  2285 I chatty  : uid=1000 system_server identical 1 line
06-09 16:15:34.426  2086  2285 D PackageParser: homlet:force to landscape
06-09 16:15:34.427  2086  2286 D PackageParser: homlet:force to landscape
06-09 16:15:34.428  2086  2286 D PackageParser: homlet:force to landscape
06-09 16:15:34.429  2086  2285 D PackageParser: homlet:force to landscape
06-09 16:15:34.429  2086  2286 D PackageParser: homlet:force to landscape
06-09 16:15:34.429  2086  2285 D PackageParser: homlet:force to landscape
06-09 16:15:34.430  2086  2285 D PackageParser: homlet:force to landscape
06-09 16:15:34.430  2086  2286 D PackageParser: homlet:force to landscape
06-09 16:15:34.431  2086  2286 I chatty  : uid=1000 system_server identical 2 lines
06-09 16:15:34.431  2086  2286 D PackageParser: homlet:force to landscape
06-09 16:15:34.431  2086  2285 D PackageParser: homlet:force to landscape
06-09 16:15:34.431  2086  2286 D PackageParser: homlet:force to landscape
06-09 16:15:34.431  2086  2285 D PackageParser: homlet:force to landscape
06-09 16:15:34.432  2086  2286 I chatty  : uid=1000 system_server expire 1 line
06-09 16:15:34.432  2086  2286 D PackageParser: homlet:force to landscape
06-09 16:15:34.434  2086  2285 D PackageParser: homlet:force to landscape
06-09 16:15:34.437  2086  2285 I chatty  : uid=1000 system_server identical 4 lines
06-09 16:15:34.439  2086  2286 D PackageParser: homlet:force to landscape
06-09 16:15:34.439  2086  2285 D PackageParser: homlet:force to landscape
06-09 16:15:34.440  2086  2286 D PackageParser: homlet:force to landscape
06-09 16:15:34.440  2086  2285 D PackageParser: homlet:force to landscape
06-09 16:15:34.441  2086  2286 D PackageParser: homlet:force to landscape
06-09 16:15:34.441  2086  2285 D PackageParser: homlet:force to landscape
06-09 16:15:34.449  2086  2285 I chatty  : uid=1000 system_server identical 11 lines
06-09 16:15:34.451  2086  2285 D PackageParser: homlet:force to landscape
06-09 16:15:34.453  2086  2288 D PackageParser: homlet:force to landscape
06-09 16:15:34.454  2086  2288 D PackageParser: homlet:force to landscape
06-09 16:15:34.455  2086  2285 D PackageParser: homlet:force to landscape
06-09 16:15:34.456  2086  2288 D PackageParser: homlet:force to landscape
06-09 16:15:34.456  2086  2288 D PackageParser: homlet:force to landscape
06-09 16:15:34.457  2086  2285 D PackageParser: homlet:force to landscape
06-09 16:15:34.457  2086  2288 D PackageParser: homlet:force to landscape
06-09 16:15:34.457  2086  2285 D PackageParser: homlet:force to landscape
06-09 16:15:34.457  2086  2285 D PackageParser: homlet:force to landscape
06-09 16:15:34.458  2086  2285 D PackageParser: homlet:force to landscape
06-09 16:15:34.458  2086  2288 D PackageParser: homlet:force to landscape
06-09 16:15:34.458  2086  2285 D PackageParser: homlet:force to landscape
06-09 16:15:34.560  2086  2285 I chatty  : uid=1000 system_server identical 124 lines
06-09 16:15:34.560  2086  2285 D PackageParser: homlet:force to landscape
06-09 16:15:34.560  2086  2288 D PackageParser: homlet:force to landscape
06-09 16:15:34.560  2086  2285 D PackageParser: homlet:force to landscape
06-09 16:15:34.560  2086  2288 D PackageParser: homlet:force to landscape
06-09 16:15:34.561  2086  2285 I chatty  : uid=1000 system_server expire 2 lines
06-09 16:15:34.561  2086  2285 D PackageParser: homlet:force to landscape
06-09 16:15:34.562  2086  2288 D PackageParser: homlet:force to landscape
06-09 16:15:34.565  2086  2285 D PackageParser: homlet:force to landscape
06-09 16:15:34.566  2086  2285 I chatty  : uid=1000 system_server identical 2 lines
06-09 16:15:34.566  2086  2285 D PackageParser: homlet:force to landscape
06-09 16:15:34.568  2086  2286 D PackageParser: homlet:force to landscape
06-09 16:15:34.569  2086  2286 I chatty  : uid=1000 system_server identical 3 lines
06-09 16:15:34.569  2086  2286 D PackageParser: homlet:force to landscape
06-09 16:15:34.569  2086  2286 W PackageParser: No actions in intent filter at /system/priv-app/GoogleRestore/GoogleRestore.apk Binary XML file line #93
06-09 16:15:34.570  2086  2286 D PackageParser: homlet:force to landscape
06-09 16:15:34.570  2086  2285 D PackageParser: homlet:force to landscape
06-09 16:15:34.570  2086  2286 D PackageParser: homlet:force to landscape
06-09 16:15:34.570  2086  2285 D PackageParser: homlet:force to landscape
06-09 16:15:34.570  2086  2285 I chatty  : uid=1000 system_server identical 1 line
06-09 16:15:34.571  2086  2285 D PackageParser: homlet:force to landscape
06-09 16:15:34.571  2086  2286 D PackageParser: homlet:force to landscape
06-09 16:15:34.572  2086  2286 D PackageParser: homlet:force to landscape
06-09 16:15:34.572  2086  2285 D PackageParser: homlet:force to landscape
06-09 16:15:34.579  2086  2285 I chatty  : uid=1000 system_server identical 17 lines
06-09 16:15:34.579  2086  2285 D PackageParser: homlet:force to landscape
06-09 16:15:34.580  2086  2288 D PackageParser: homlet:force to landscape
06-09 16:15:34.580  2086  2285 D PackageParser: homlet:force to landscape
06-09 16:15:34.580  2086  2288 D PackageParser: homlet:force to landscape
06-09 16:15:34.580  2086  2288 D PackageParser: homlet:force to landscape
06-09 16:15:34.581  2086  2288 D PackageParser: homlet:force to landscape
06-09 16:15:34.581  2086  2285 D PackageParser: homlet:force to landscape
06-09 16:15:34.581  2086  2288 I chatty  : uid=1000 system_server expire 2 lines
06-09 16:15:34.585  2086  2285 D PackageParser: homlet:force to landscape
06-09 16:15:34.585  2086  2288 D PackageParser: homlet:force to landscape
06-09 16:15:34.587  2086  2285 I chatty  : uid=1000 system_server expire 3 lines
06-09 16:15:34.587  2086  2285 D PackageParser: homlet:force to landscape
06-09 16:15:34.589  2086  2284 D PackageParser: homlet:force to landscape
06-09 16:15:34.589  2086  2285 D PackageParser: homlet:force to landscape
06-09 16:15:34.590  2086  2284 D PackageParser: homlet:force to landscape
06-09 16:15:34.590  2086  2284 D PackageParser: homlet:force to landscape
06-09 16:15:34.590  2086  2285 D PackageParser: homlet:force to landscape
06-09 16:15:34.590  2086  2285 D PackageParser: homlet:force to landscape
06-09 16:15:34.590  2086  2284 D PackageParser: homlet:force to landscape
06-09 16:15:34.591  2086  2285 D PackageParser: homlet:force to landscape
06-09 16:15:34.591  2086  2284 D PackageParser: homlet:force to landscape
06-09 16:15:34.591  2086  2285 D PackageParser: homlet:force to landscape
06-09 16:15:34.591  2086  2284 D PackageParser: homlet:force to landscape
06-09 16:15:34.592  2086  2284 I chatty  : uid=1000 system_server identical 4 lines
06-09 16:15:34.593  2086  2284 D PackageParser: homlet:force to landscape
06-09 16:15:34.593  2086  2285 D PackageParser: homlet:force to landscape
