06-09 16:15:25.122  1805  1805 I apexd   : Successfully bind-mounted flattened package /system/apex/com.android.resolv on /apex/com.android.resolv@290000000
06-09 16:15:25.122  1805  1805 V apexd   : Creating bind-mount for /apex/com.android.resolv for /apex/com.android.resolv@290000000
06-09 16:15:25.122  1805  1805 V apexd   : Creating mountpoint /apex/com.android.resolv
06-09 16:15:25.122  1805  1805 V apexd   : Bind-mounting /apex/com.android.resolv@290000000 to /apex/com.android.resolv
06-09 16:15:25.123  1805  1805 D apexd   : Successfully activated /system/apex/com.android.resolv package_name: com.android.resolv version: 290000000
06-09 16:15:25.123  1805  1805 I apexd   : Found /system/apex/com.android.tzdata
06-09 16:15:25.123  1805  1805 I apexd   : Skipping activation of /system/apex/com.android.tzdata same package with higher version 290000000 is already active
06-09 16:15:25.123  1805  1805 I apexd   : Found /system/apex/com.android.runtime.release
06-09 16:15:25.124  1805  1805 I apexd   : Skipping activation of /system/apex/com.android.runtime.release same package with higher version 1 is already active
06-09 16:15:25.124  1805  1805 I apexd   : Activated 4 packages. Skipped: 2
06-09 16:15:25.124  1805  1805 I apexd   : Scanning /product/apex looking for APEX packages.
06-09 16:15:25.124  1805  1805 E apexd   : Failed to activate packages from /product/apex : Failed to scan /product/apex : Can't open /product/apex for reading : No such file or directory
06-09 16:15:25.125  1805  1805 I apexd   : Marking APEXd as ready
06-09 16:15:25.195  1700  1700 D vold    : fscrypt_init_user0
06-09 16:15:25.196  1700  1700 D vold    : fscrypt_prepare_user_storage for volume null, user 0, serial 0, flags 1
06-09 16:15:25.196  1700  1700 D vold    : Preparing: /data/system/users/0
06-09 16:15:25.197  1700  1700 D vold    : Preparing: /data/misc/profiles/cur/0
06-09 16:15:25.197  1700  1700 D vold    : Preparing: /data/system_de/0
06-09 16:15:25.198  1700  1700 D vold    : Preparing: /data/misc_de/0
06-09 16:15:25.198  1700  1700 D vold    : Preparing: /data/vendor_de/0
06-09 16:15:25.199  1700  1700 D vold    : Preparing: /data/user_de/0
06-09 16:15:25.200  1700  1700 D vold    : /system/bin/vold_prepare_subdirs
06-09 16:15:25.200  1700  1700 D vold    :     prepare
06-09 16:15:25.200  1700  1700 D vold    :     
06-09 16:15:25.200  1700  1700 D vold    :     0
06-09 16:15:25.200  1700  1700 D vold    :     1
06-09 16:15:25.239  1809  1809 D vold_prepare_subdirs: Setting up mode 700 uid 0 gid 0 context u:object_r:vold_data_file:s0 on path: /data/misc_de/0/vold
06-09 16:15:25.240  1809  1809 D vold_prepare_subdirs: Setting up mode 700 uid 0 gid 0 context u:object_r:storaged_data_file:s0 on path: /data/misc_de/0/storaged
06-09 16:15:25.242  1809  1809 D vold_prepare_subdirs: Setting up mode 700 uid 0 gid 0 context u:object_r:rollback_data_file:s0 on path: /data/misc_de/0/rollback
06-09 16:15:25.243  1809  1809 D vold_prepare_subdirs: Setting up mode 700 uid 1000 gid 1000 context u:object_r:fingerprint_vendor_data_file:s0 on path: /data/vendor_de/0/fpdata
06-09 16:15:25.245  1809  1809 D vold_prepare_subdirs: Setting up mode 700 uid 1000 gid 1000 context u:object_r:face_vendor_data_file:s0 on path: /data/vendor_de/0/facedata
06-09 16:15:25.247  1700  1700 D vold    : fscrypt_unlock_user_key 0 serial=0 token_present=0
06-09 16:15:25.274  1811  1811 I /system/bin/tzdatacheck: timezone distro dir /data/misc/zoneinfo/current does not exist. No action required.
06-09 16:15:25.283  1285  1285 I init    : type=1400 audit(0.0:6): avc: denied { setattr } for name="audio_d" dev="mmcblk0p17" ino=118 scontext=u:r:vendor_init:s0 tcontext=u:object_r:audio_rw_data_file:s0 tclass=dir permissive=1
06-09 16:15:25.331  1813  1813 I art_apex: === ART pre-boot integrity checks ===
06-09 16:15:25.383  1815  1815 F art_apex: Device is not fsverity-enabled.
06-09 16:15:25.460  1817  1817 E /system/bin/recovery-persist: Failed to unlink /cache/recovery/last_install: No such file or directory
06-09 16:15:25.490  1819  1819 I /system/bin/flags_health_check: ServerConfigurableFlagsReset reset_mode value: 0
06-09 16:15:25.490  1819  1819 I /system/bin/flags_health_check: ServerConfigurableFlagsReset attempted boot count is under threshold, skipping reset.
06-09 16:15:25.568  1822  1822 I bootstat: Service started: /system/bin/bootstat --set_system_boot_reason 
06-09 16:15:25.570  1822  1822 I bootstat: Canonical boot reason: reboot,adb
06-09 16:15:25.570  1822  1822 I bootstat: Canonical boot reason: reboot,adb
06-09 16:15:25.683  1823  1823 E cutils-trace: Error opening trace file: No such file or directory (2)
06-09 16:15:25.687  1823  1823 I ServiceManagement: Registered android.hidl.allocator@1.0::IAllocator/ashmem (start delay of 84ms)
06-09 16:15:25.688  1823  1823 I ServiceManagement: Removing namespace from process name android.hidl.allocator@1.0-service to allocator@1.0-service.
06-09 16:15:25.691  1821  1821 I netdClient: Skipping libnetd_client init since *we* are netd
06-09 16:15:25.703  1821  1821 I netd    : netd 1.0 starting
06-09 16:15:25.715  1821  1821 W Netd    : dlopen(/apex/com.android.resolv/lib64/libnetd_resolv.so) failed: No such file or directory
06-09 16:15:25.721  1826  1826 E cutils-trace: Error opening trace file: No such file or directory (2)
06-09 16:15:25.756  1826  1826 I ServiceManagement: Registered android.hardware.bluetooth@1.0::IBluetoothHci/default (start delay of 143ms)
06-09 16:15:25.756  1826  1826 I ServiceManagement: Removing namespace from process name android.hardware.bluetooth@1.0-service to bluetooth@1.0-service.
06-09 16:15:25.757  1826  1826 I android.hardware.bluetooth@1.0-service: Registration complete for android.hardware.bluetooth@1.0::IBluetoothHci/default.
06-09 16:15:25.763  1831  1831 E cutils-trace: Error opening trace file: No such file or directory (2)
06-09 16:15:25.814  1834  1834 E cutils-trace: Error opening trace file: No such file or directory (2)
06-09 16:15:25.835  1821  1821 I Netd    : Loaded resolver library from /apex/com.android.resolv/lib/libnetd_resolv.so
06-09 16:15:25.840  1834  1834 D         : memtrack_open: memtrack enter; name=memtrack
06-09 16:15:25.840  1834  1834 D         : memtrack_open: exit 0
06-09 16:15:25.844  1834  1834 I ServiceManagement: Registered android.hardware.memtrack@1.0::IMemtrack/default (start delay of 141ms)
06-09 16:15:25.844  1834  1834 I ServiceManagement: Removing namespace from process name android.hardware.memtrack@1.0-service to memtrack@1.0-service.
06-09 16:15:25.845  1834  1834 I android.hardware.memtrack@1.0-service: Registration complete for android.hardware.memtrack@1.0::IMemtrack/default.
06-09 16:15:25.897  1835  1835 E cutils-trace: Error opening trace file: No such file or directory (2)
06-09 16:15:25.902  1824  1824 E cutils-trace: Error opening trace file: No such file or directory (2)
06-09 16:15:25.917  1824  1824 I ServiceManagement: Registered android.system.suspend@1.0::ISystemSuspend/default (start delay of 314ms)
06-09 16:15:25.918  1824  1824 I ServiceManagement: Removing namespace from process name android.system.suspend@1.0-service to suspend@1.0-service.
06-09 16:15:25.923  1827  1827 I android.hardware.camera.provider@2.4-service: CameraProvider@2.4 legacy service is starting.
06-09 16:15:25.924  1827  1827 E cutils-trace: Error opening trace file: No such file or directory (2)
06-09 16:15:25.928  1835  1835 I ServiceManagement: Registered android.hardware.power@1.0::IPower/default (start delay of 225ms)
06-09 16:15:25.929  1835  1835 I ServiceManagement: Removing namespace from process name android.hardware.power@1.0-service to power@1.0-service.
06-09 16:15:25.929  1835  1835 I android.hardware.power@1.0-service: Registration complete for android.hardware.power@1.0::IPower/default.
06-09 16:15:25.937  1833  1833 I health@2.0/: health@2.0/default: Hal starting main loop...
06-09 16:15:25.937  1833  1833 I health@2.0/: health@2.0/default Hal is starting up...
06-09 16:15:25.941  1833  1833 E cutils-trace: Error opening trace file: No such file or directory (2)
06-09 16:15:25.949  1833  1833 I ServiceManagement: Registered android.hardware.health@2.0::IHealth/default (start delay of 256ms)
06-09 16:15:25.949  1833  1833 I ServiceManagement: Removing namespace from process name android.hardware.health@2.0-service to health@2.0-service.
06-09 16:15:25.950  1833  1833 I health@2.0/: health@2.0/default: Hal init done
06-09 16:15:25.978  1829  1829 W /vendor/bin/hw/android.hardware.configstore@1.1-service: Could not find seccomp policy file at: /vendor/etc/seccomp_policy/configstore@1.1.policy
06-09 16:15:25.979  1829  1829 E cutils-trace: Error opening trace file: No such file or directory (2)
06-09 16:15:25.982  1828  1828 E cutils-trace: Error opening trace file: No such file or directory (2)
06-09 16:15:25.984  1829  1829 I ServiceManagement: Registered android.hardware.configstore@1.1::ISurfaceFlingerConfigs/default (start delay of 351ms)
06-09 16:15:25.984  1829  1829 I ServiceManagement: Removing namespace from process name android.hardware.configstore@1.1-service to configstore@1.1-service.
06-09 16:15:25.996  1828  1828 I ServiceManagement: Registered android.hardware.cas@1.1::IMediaCasService/default (start delay of 373ms)
06-09 16:15:25.997  1828  1828 I ServiceManagement: Removing namespace from process name android.hardware.cas@1.1-service to cas@1.1-service.
06-09 16:15:26.006  1830  1830 E cutils-trace: Error opening trace file: No such file or directory (2)
06-09 16:15:26.036  1839  1839 E cutils-trace: Error opening trace file: No such file or directory (2)
06-09 16:15:26.043  1837  1837 E cutils-trace: Error opening trace file: No such file or directory (2)
06-09 16:15:26.047  1839  1839 I ServiceManagement: Registered android.hardware.usb@1.0::IUsb/default (start delay of 294ms)
06-09 16:15:26.047  1839  1839 I ServiceManagement: Removing namespace from process name android.hardware.usb@1.0-service to usb@1.0-service.
06-09 16:15:26.048  1839  1839 I android.hardware.usb@1.0-service: USB HAL Ready.
06-09 16:15:26.051  1830  1830 D Module_SUNXI: hardware/aw/gatekeeper/module_sunxi.cpp 34, trusty_gatekeeper_open
06-09 16:15:26.052  1830  1830 V SUNXI_TrustyGateKeeper: Gatekeeper_Initialize
06-09 16:15:26.052  1830  1830 E SUNXI_TrustyGateKeeper: initialize context failed
06-09 16:15:26.052  1830  1830 E SUNXI_TrustyGateKeeper: Error initializing trusty session: -1
06-09 16:15:26.056  1830  1830 I ServiceManagement: Registered android.hardware.gatekeeper@1.0::IGatekeeper/default (start delay of 413ms)
06-09 16:15:26.056  1830  1830 I ServiceManagement: Removing namespace from process name android.hardware.gatekeeper@1.0-service to gatekeeper@1.0-service.
06-09 16:15:26.057  1830  1830 I android.hardware.gatekeeper@1.0-service: Registration complete for android.hardware.gatekeeper@1.0::IGatekeeper/default.
06-09 16:15:26.074  1837  1837 D hdmi-cec: Loading: sunxi HDMI CEC module
06-09 16:15:26.078  1837  1837 I ServiceManagement: Registered android.hardware.tv.cec@1.0::IHdmiCec/default (start delay of 355ms)
06-09 16:15:26.078  1837  1837 I ServiceManagement: Removing namespace from process name android.hardware.tv.cec@1.0-service to cec@1.0-service.
06-09 16:15:26.079  1837  1837 I android.hardware.tv.cec@1.0-service: Registration complete for android.hardware.tv.cec@1.0::IHdmiCec/default.
06-09 16:15:26.080  1837  1868 I hdmi-cec: HDMI-CEC EventThread start
06-09 16:15:26.119  1832  1832 D sunxihwc: hwc init constructor
06-09 16:15:26.120  1832  1832 D sunxihwc: get [Disp0] output type is 4!
06-09 16:15:26.120  1832  1832 D sunxihwc: get [Disp1] output type is 0!
06-09 16:15:26.120  1832  1832 D sunxihwc: display Id-Type:0-4 and 1-0
06-09 16:15:26.120  1832  1832 E sunxihwc: Failed to open g2d device
06-09 16:15:26.121  1832  1832 D sunxihwc: init event thread Ok read socket fd:8
06-09 16:15:26.121  1832  1832 D sunxihwc: open /sys/class/devfreq/dramfreq/max_freq err.
06-09 16:15:26.121  1832  1832 D sunxihwc: New call back:1 zorder:0  0xe751246c
06-09 16:15:26.121  1832  1832 D sunxihwc: add call back:1 zorder:0  0xe751246c  00000003  call:0xe6c54501
06-09 16:15:26.121  1832  1832 D sunxihwc: hwc use homlet platform.
06-09 16:15:26.121  1832  1832 I sunxihwc: Device name: eros-p1
06-09 16:15:26.124  1832  1832 D sunxihwc: Device config file: /vendor/etc/dispconfigs/homlet-default.json
06-09 16:15:26.126  1832  1832 D sunxihwc: Parse 'Display0' config
06-09 16:15:26.126  1832  1832 D sunxihwc: Parse 'Display1' config
06-09 16:15:26.127  1832  1832 W displayd: xxxxxxx: HAL device config file: /vendor/etc/dispconfigs/homlet-default.json
06-09 16:15:26.127  1832  1832 W displayd: Displays (2 entries)
06-09 16:15:26.127  1832  1832 W displayd: + Display{id=0, framebuffer=1280x720(override=1), dpi=160x160}
06-09 16:15:26.127  1832  1832 W displayd:    DisplayEnginePortId=0
06-09 16:15:26.127  1832  1832 W displayd:    InterfaceType=HDMI
06-09 16:15:26.127  1832  1832 W displayd:    DefaultOutputMode=0
06-09 16:15:26.127  1832  1832 W displayd:    HotplugSupported=0
06-09 16:15:26.127  1832  1832 W displayd:    AfbcSupported=0
06-09 16:15:26.127  1832  1832 W displayd:    HardwareRotateSupported=0
06-09 16:15:26.127  1832  1832 W displayd:    BandwidthLimited=338800 Bytes per frame
06-09 16:15:26.127  1832  1832 W displayd: + Display{id=1, framebuffer=1280x720(override=1), dpi=160x160}
06-09 16:15:26.127  1832  1832 W displayd:    DisplayEnginePortId=1
06-09 16:15:26.127  1832  1832 W displayd:    InterfaceType=CVBS
06-09 16:15:26.127  1832  1832 W displayd:    DefaultOutputMode=0
06-09 16:15:26.127  1832  1832 W displayd:    HotplugSupported=0
06-09 16:15:26.127  1832  1832 W displayd:    AfbcSupported=0
06-09 16:15:26.127  1832  1832 W displayd:    HardwareRotateSupported=0
06-09 16:15:26.127  1832  1832 W displayd:    BandwidthLimited=338800 Bytes per frame
06-09 16:15:26.127  1832  1832 W displayd: xxxxxxx: display output policy: dual
06-09 16:15:26.127  1832  1832 W displayd: xxxxxxx: Display.0 output type: 4
06-09 16:15:26.127  1832  1832 W displayd: xxxxxxx: Display.1 output type: 2
06-09 16:15:26.127  1832  1832 W displayd: xxxxxxx: createDevice: type=4 on port 0
06-09 16:15:26.128  1832  1832 W displayd: xxxxxxx: Device hdmi init
06-09 16:15:26.128  1832  1832 W displayd: xxxxxxx: createDevice: type=2 on port 1
06-09 16:15:26.128  1832  1832 W displayd: xxxxxxx: Device cvbs init
06-09 16:15:26.128  1832  1832 W displayd: xxxxxxx: Initizlize display device mapping
06-09 16:15:26.128  1832  1832 D displayd: xxxxxxx: updateConnectState: type=-1 connected=-1
06-09 16:15:26.129  1832  1832 D displayd: xxxxxxx: updated: type=2 connected=0
06-09 16:15:26.129  1832  1832 D displayd: xxxxxxx: updated: type=4 connected=1
06-09 16:15:26.129  1832  1832 E displayd: xxxxxxx: [cvbs] Saved attribute is not match, saved mode=11, actual mode=0
06-09 16:15:26.130  1832  1832 W edid    : Parse block0:
06-09 16:15:26.130  1832  1832 W edid    : Extension block count: 1
06-09 16:15:26.130  1832  1832 W edid    : Parse CEA extension block (version: 3)
06-09 16:15:26.130  1832  1832 W edid    : CEA data length: 27 bytes
06-09 16:15:26.206  1869  1869 I adbd    : adbd listening on port 5555
06-09 16:15:26.207  1869  1878 I adbd    : opening control endpoint /dev/usb-ffs/adb/ep0
06-09 16:15:26.228  1831  1831 E gralloc : Arm Module v1.0
06-09 16:15:26.242  1831  1831 I ServiceManagement: Registered android.hardware.graphics.allocator@2.0::IAllocator/default (start delay of 589ms)
06-09 16:15:26.243  1831  1831 I ServiceManagement: Removing namespace from process name android.hardware.graphics.allocator@2.0-service to allocator@2.0-service.
06-09 16:15:26.243  1831  1831 I android.hardware.graphics.allocator@2.0-service: Registration complete for android.hardware.graphics.allocator@2.0::IAllocator/default.
06-09 16:15:26.296  1845  1845 W lowmemorykiller: LMKD : whitelist com.ktcp.video;com.ktcp.video:upgrade;com.ktcp.video:push;com.softwinner.miracastReceiver;
06-09 16:15:26.329  1845  1845 I lowmemorykiller: Using psi monitors for memory pressure detection
06-09 16:15:26.453  1873  1873 D LibBpfLoader: Loading ELF object /system/etc/bpf/clatd.o with license Apache 2.0
06-09 16:15:26.454  1873  1873 D LibBpfLoader: Loaded code section 3 (schedcls_ingress_clat_ether)
06-09 16:15:26.454  1873  1873 D LibBpfLoader: Loaded relo section 3 (.relschedcls/ingress/clat_ether)
06-09 16:15:26.454  1873  1873 D LibBpfLoader: Adding section 3 to cs list
06-09 16:15:26.454  1873  1873 D LibBpfLoader: Loaded code section 5 (schedcls_ingress_clat_rawip)
06-09 16:15:26.454  1873  1873 D LibBpfLoader: Loaded relo section 5 (.relschedcls/ingress/clat_rawip)
06-09 16:15:26.455  1873  1873 D LibBpfLoader: Adding section 5 to cs list
06-09 16:15:26.465  1873  1873 D LibBpfLoader: bpf_create_map name clat_ingress_map, ret: 6
06-09 16:15:26.466  1873  1873 D LibBpfLoader: map_fd found at 0 is 6 in /system/etc/bpf/clatd.o
06-09 16:15:26.467  1873  1873 D LibBpfLoader: applying relo to instruction at byte offset: 400, 	       insn offset 50 , insn 118
06-09 16:15:26.467  1873  1873 D LibBpfLoader: applying relo to instruction at byte offset: 360, 	       insn offset 45 , insn 118
06-09 16:15:26.468  1873  1873 D LibBpfLoader: New bpf core prog_load for /system/etc/bpf/clatd.o (schedcls_ingress_clat_ether) returned: 7
06-09 16:15:26.487  1873  1873 D LibBpfLoader: New bpf core prog_load for /system/etc/bpf/clatd.o (schedcls_ingress_clat_rawip) returned: 8
06-09 16:15:26.488  1873  1873 I bpfloader: Attempted load object: /system/etc/bpf/clatd.o, ret: Success
06-09 16:15:26.499  1873  1873 D LibBpfLoader: Loading ELF object /system/etc/bpf/netd.o with license Apache 2.0
06-09 16:15:26.499  1873  1873 D LibBpfLoader: Loaded code section 3 (cgroupskb_ingress_stats)
06-09 16:15:26.499  1873  1873 D LibBpfLoader: Loaded relo section 3 (.relcgroupskb/ingress/stats)
06-09 16:15:26.499  1873  1873 D LibBpfLoader: Adding section 3 to cs list
06-09 16:15:26.500  1873  1873 D LibBpfLoader: Loaded code section 5 (cgroupskb_egress_stats)
06-09 16:15:26.500  1873  1873 D LibBpfLoader: Loaded relo section 5 (.relcgroupskb/egress/stats)
06-09 16:15:26.500  1873  1873 D LibBpfLoader: Adding section 5 to cs list
06-09 16:15:26.506  1873  1873 D LibBpfLoader: Loaded code section 7 (skfilter_egress_xtbpf)
06-09 16:15:26.506  1873  1873 D LibBpfLoader: Loaded relo section 7 (.relskfilter/egress/xtbpf)
06-09 16:15:26.506  1873  1873 D LibBpfLoader: Adding section 7 to cs list
06-09 16:15:26.506  1873  1873 D LibBpfLoader: Loaded code section 9 (skfilter_ingress_xtbpf)
06-09 16:15:26.507  1873  1873 D LibBpfLoader: Loaded relo section 9 (.relskfilter/ingress/xtbpf)
06-09 16:15:26.507  1873  1873 D LibBpfLoader: Adding section 9 to cs list
06-09 16:15:26.507  1873  1873 D LibBpfLoader: Loaded code section 11 (skfilter_whitelist_xtbpf)
06-09 16:15:26.507  1873  1873 D LibBpfLoader: Loaded relo section 11 (.relskfilter/whitelist/xtbpf)
06-09 16:15:26.507  1873  1873 D LibBpfLoader: Adding section 11 to cs list
06-09 16:15:26.507  1873  1873 D LibBpfLoader: Loaded code section 13 (skfilter_blacklist_xtbpf)
06-09 16:15:26.507  1873  1873 D LibBpfLoader: Loaded relo section 13 (.relskfilter/blacklist/xtbpf)
06-09 16:15:26.507  1873  1873 D LibBpfLoader: Adding section 13 to cs list
06-09 16:15:26.508  1873  1873 D LibBpfLoader: Loaded code section 15 (cgroupsock_inet_create)
06-09 16:15:26.508  1873  1873 D LibBpfLoader: Loaded relo section 15 (.relcgroupsock/inet/create)
06-09 16:15:26.508  1873  1873 D LibBpfLoader: Adding section 15 to cs list
06-09 16:15:26.572  1873  1873 D LibBpfLoader: bpf_create_map name cookie_tag_map, ret: 9
06-09 16:15:26.574  1873  1873 D LibBpfLoader: bpf_create_map name uid_counterset_map, ret: 10
06-09 16:15:26.626  1873  1873 D LibBpfLoader: bpf_create_map name app_uid_stats_map, ret: 11
06-09 16:15:26.641  1873  1873 D LibBpfLoader: bpf_create_map name stats_map_A, ret: 12
06-09 16:15:26.645  1873  1873 D LibBpfLoader: bpf_create_map name stats_map_B, ret: 13
06-09 16:15:26.669  1873  1873 D LibBpfLoader: bpf_create_map name iface_stats_map, ret: 14
06-09 16:15:26.669  1873  1873 D LibBpfLoader: bpf_create_map name configuration_map, ret: 15
06-09 16:15:26.671  1873  1873 D LibBpfLoader: bpf_create_map name uid_owner_map, ret: 16
06-09 16:15:26.672  1873  1873 D LibBpfLoader: bpf_create_map name iface_index_name_map, ret: 17
06-09 16:15:26.690  1873  1873 D LibBpfLoader: bpf_create_map name uid_permission_map, ret: 18
06-09 16:15:26.690  1873  1873 D LibBpfLoader: map_fd found at 0 is 9 in /system/etc/bpf/netd.o
06-09 16:15:26.690  1873  1873 D LibBpfLoader: map_fd found at 1 is 10 in /system/etc/bpf/netd.o
06-09 16:15:26.690  1873  1873 D LibBpfLoader: map_fd found at 2 is 11 in /system/etc/bpf/netd.o
06-09 16:15:26.690  1873  1873 D LibBpfLoader: map_fd found at 3 is 12 in /system/etc/bpf/netd.o
06-09 16:15:26.690  1873  1873 D LibBpfLoader: map_fd found at 4 is 13 in /system/etc/bpf/netd.o
06-09 16:15:26.690  1873  1873 D LibBpfLoader: map_fd found at 5 is 14 in /system/etc/bpf/netd.o
06-09 16:15:26.690  1873  1873 D LibBpfLoader: map_fd found at 6 is 15 in /system/etc/bpf/netd.o
06-09 16:15:26.690  1873  1873 D LibBpfLoader: map_fd found at 7 is 16 in /system/etc/bpf/netd.o
06-09 16:15:26.690  1873  1873 D LibBpfLoader: map_fd found at 8 is 17 in /system/etc/bpf/netd.o
06-09 16:15:26.690  1873  1873 D LibBpfLoader: map_fd found at 9 is 18 in /system/etc/bpf/netd.o
06-09 16:15:26.693  1827  1827 D HALCameraFactory: camera hal version: 3000130327_V1.0
06-09 16:15:26.701  1885  1885 I installd: installd firing up
06-09 16:15:26.710  1873  1873 D LibBpfLoader: applying relo to instruction at byte offset: 616, 	       insn offset 77 , insn 118
06-09 16:15:26.710  1873  1873 D LibBpfLoader: applying relo to instruction at byte offset: 688, 	       insn offset 86 , insn 118
06-09 16:15:26.710  1873  1873 D LibBpfLoader: applying relo to instruction at byte offset: 1040, 	       insn offset 130 , insn 118
06-09 16:15:26.711  1873  1873 D LibBpfLoader: applying relo to instruction at byte offset: 1184, 	       insn offset 148 , insn 118
06-09 16:15:26.711  1873  1873 D LibBpfLoader: applying relo to instruction at byte offset: 1264, 	       insn offset 158 , insn 118
06-09 16:15:26.711  1873  1873 D LibBpfLoader: applying relo to instruction at byte offset: 1368, 	       insn offset 171 , insn 118
06-09 16:15:26.711  1873  1873 D LibBpfLoader: applying relo to instruction at byte offset: 1472, 	       insn offset 184 , insn 118
06-09 16:15:26.711  1873  1873 D LibBpfLoader: applying relo to instruction at byte offset: 1512, 	       insn offset 189 , insn 118
06-09 16:15:26.712  1873  1873 D LibBpfLoader: applying relo to instruction at byte offset: 1576, 	       insn offset 197 , insn 118
06-09 16:15:26.712  1873  1873 D LibBpfLoader: applying relo to instruction at byte offset: 1680, 	       insn offset 210 , insn 118
06-09 16:15:26.723  1873  1873 D LibBpfLoader: applying relo to instruction at byte offset: 1720, 	       insn offset 215 , insn 118
06-09 16:15:26.723  1873  1873 D LibBpfLoader: applying relo to instruction at byte offset: 1848, 	       insn offset 231 , insn 118
06-09 16:15:26.723  1873  1873 D LibBpfLoader: applying relo to instruction at byte offset: 1952, 	       insn offset 244 , insn 118
06-09 16:15:26.723  1873  1873 D LibBpfLoader: applying relo to instruction at byte offset: 1992, 	       insn offset 249 , insn 118
06-09 16:15:26.724  1873  1873 D LibBpfLoader: applying relo to instruction at byte offset: 2056, 	       insn offset 257 , insn 118
06-09 16:15:26.724  1873  1873 D LibBpfLoader: applying relo to instruction at byte offset: 2160, 	       insn offset 270 , insn 118
06-09 16:15:26.724  1873  1873 D LibBpfLoader: applying relo to instruction at byte offset: 2200, 	       insn offset 275 , insn 118
06-09 16:15:26.725  1873  1873 D LibBpfLoader: applying relo to instruction at byte offset: 2288, 	       insn offset 286 , insn 118
06-09 16:15:26.725  1873  1873 D LibBpfLoader: applying relo to instruction at byte offset: 2392, 	       insn offset 299 , insn 118
06-09 16:15:26.725  1873  1873 D LibBpfLoader: applying relo to instruction at byte offset: 2432, 	       insn offset 304 , insn 118
06-09 16:15:26.725  1873  1873 D LibBpfLoader: applying relo to instruction at byte offset: 608, 	       insn offset 76 , insn 118
06-09 16:15:26.735  1825  1825 E cutils-trace: Error opening trace file: No such file or directory (2)
06-09 16:15:26.736  1873  1873 D LibBpfLoader: applying relo to instruction at byte offset: 680, 	       insn offset 85 , insn 118
06-09 16:15:26.736  1873  1873 D LibBpfLoader: applying relo to instruction at byte offset: 904, 	       insn offset 113 , insn 118
06-09 16:15:26.736  1873  1873 D LibBpfLoader: applying relo to instruction at byte offset: 1048, 	       insn offset 131 , insn 118
06-09 16:15:26.737  1873  1873 D LibBpfLoader: applying relo to instruction at byte offset: 1128, 	       insn offset 141 , insn 118
06-09 16:15:26.737  1873  1873 D LibBpfLoader: applying relo to instruction at byte offset: 1232, 	       insn offset 154 , insn 118
06-09 16:15:26.737  1873  1873 D LibBpfLoader: applying relo to instruction at byte offset: 1336, 	       insn offset 167 , insn 118
06-09 16:15:26.737  1873  1873 D LibBpfLoader: applying relo to instruction at byte offset: 1376, 	       insn offset 172 , insn 118
06-09 16:15:26.737  1873  1873 D LibBpfLoader: applying relo to instruction at byte offset: 1440, 	       insn offset 180 , insn 118
06-09 16:15:26.738  1873  1873 D LibBpfLoader: applying relo to instruction at byte offset: 1544, 	       insn offset 193 , insn 118
06-09 16:15:26.738  1873  1873 D LibBpfLoader: applying relo to instruction at byte offset: 1584, 	       insn offset 198 , insn 118
06-09 16:15:26.759  1873  1873 D LibBpfLoader: applying relo to instruction at byte offset: 1712, 	       insn offset 214 , insn 118
06-09 16:15:26.759  1873  1873 D LibBpfLoader: applying relo to instruction at byte offset: 1816, 	       insn offset 227 , insn 118
06-09 16:15:26.760  1873  1873 D LibBpfLoader: applying relo to instruction at byte offset: 1856, 	       insn offset 232 , insn 118
06-09 16:15:26.760  1873  1873 D LibBpfLoader: applying relo to instruction at byte offset: 1920, 	       insn offset 240 , insn 118
06-09 16:15:26.760  1873  1873 D LibBpfLoader: applying relo to instruction at byte offset: 2024, 	       insn offset 253 , insn 118
06-09 16:15:26.760  1873  1873 D LibBpfLoader: applying relo to instruction at byte offset: 2064, 	       insn offset 258 , insn 118
06-09 16:15:26.761  1873  1873 D LibBpfLoader: applying relo to instruction at byte offset: 2152, 	       insn offset 269 , insn 118
06-09 16:15:26.761  1873  1873 D LibBpfLoader: applying relo to instruction at byte offset: 2256, 	       insn offset 282 , insn 118
06-09 16:15:26.761  1873  1873 D LibBpfLoader: applying relo to instruction at byte offset: 2296, 	       insn offset 287 , insn 118
06-09 16:15:26.761  1873  1873 D LibBpfLoader: applying relo to instruction at byte offset: 40, 	       insn offset 5 , insn 118
06-09 16:15:26.761  1873  1873 D LibBpfLoader: applying relo to instruction at byte offset: 144, 	       insn offset 18 , insn 118
06-09 16:15:26.761  1873  1873 D LibBpfLoader: applying relo to instruction at byte offset: 184, 	       insn offset 23 , insn 118
06-09 16:15:26.762  1873  1873 D LibBpfLoader: applying relo to instruction at byte offset: 40, 	       insn offset 5 , insn 118
06-09 16:15:26.762  1873  1873 D LibBpfLoader: applying relo to instruction at byte offset: 144, 	       insn offset 18 , insn 118
06-09 16:15:26.762  1873  1873 D LibBpfLoader: applying relo to instruction at byte offset: 184, 	       insn offset 23 , insn 118
06-09 16:15:26.762  1873  1873 D LibBpfLoader: applying relo to instruction at byte offset: 80, 	       insn offset 10 , insn 118
06-09 16:15:26.792  1825  1825 I ServiceManagement: Registered android.hardware.audio@5.0::IDevicesFactory/default (start delay of 1179ms)
06-09 16:15:26.792  1825  1825 I ServiceManagement: Removing namespace from process name android.hardware.audio@2.0-service to audio@2.0-service.
06-09 16:15:26.794  1825  1825 I audiohalservice: Registration complete for android.hardware.audio@5.0::IDevicesFactory/default.
06-09 16:15:26.797  1827  1827 E HALCameraFactory: error number of removable cameras: 0
06-09 16:15:26.797  1827  1827 W HALCameraFactory: continue to probe!
06-09 16:15:26.798  1827  1827 E HALCameraFactory: error number of removable cameras: 1
06-09 16:15:26.798  1827  1827 W HALCameraFactory: continue to probe!
06-09 16:15:26.798  1827  1827 I CamPrvdr@2.4-legacy: Loaded "V4L2Camera Module" camera module
06-09 16:15:26.798  1827  1827 I CamPrvdr@2.4-legacy: setUpVendorTags: No vendor tags defined for this device.
06-09 16:15:26.798  1827  1827 E HALCameraFactory: error number of removable cameras: 0
06-09 16:15:26.798  1827  1827 W HALCameraFactory: continue to probe!
06-09 16:15:26.798  1827  1827 E HALCameraFactory: error number of removable cameras: 1
06-09 16:15:26.798  1827  1827 W HALCameraFactory: continue to probe!
06-09 16:15:26.801  1873  1873 D LibBpfLoader: applying relo to instruction at byte offset: 32, 	       insn offset 4 , insn 118
06-09 16:15:26.801  1873  1873 D LibBpfLoader: applying relo to instruction at byte offset: 80, 	       insn offset 10 , insn 118
06-09 16:15:26.811  1827  1827 I ServiceManagement: Registered android.hardware.camera.provider@2.4::ICameraProvider/legacy/0 (start delay of 1185ms)
06-09 16:15:26.813  1827  1827 I ServiceManagement: Removing namespace from process name android.hardware.camera.provider@2.4-service to provider@2.4-service.
06-09 16:15:26.840  1820  1820 D AndroidRuntime: >>>>>> START com.android.internal.os.ZygoteInit uid 0 <<<<<<
06-09 16:15:26.847  1827  1827 I android.hardware.camera.provider@2.4-service: Registration complete for android.hardware.camera.provider@2.4::ICameraProvider/legacy/0.
06-09 16:15:26.855  1873  1873 D LibBpfLoader: New bpf core prog_load for /system/etc/bpf/netd.o (cgroupskb_ingress_stats) returned: 19
06-09 16:15:26.901  1832  1832 W displayd: xxxxxxx: performDefaultConfig dirty=0
06-09 16:15:26.901  1832  1832 W displayd: xxxxxxx: Old config: type[4] mode[10] pixelformat[1] bits[0] eotf[4] colorspace[257]
06-09 16:15:26.901  1832  1832 W displayd: xxxxxxx: New config: type[4] mode[10] pixelformat[1] bits[0] eotf[4] colorspace[257]
06-09 16:15:26.901  1832  1832 D sunxihwc: switchDevice: phy display count 2
06-09 16:15:26.901  1832  1832 D sunxihwc: init a new de 1 sync, deFreq=696000000
06-09 16:15:26.901  1832  1832 D sunxihwc: display=0, type=4, mode=10, en=1
06-09 16:15:26.901  1832  1832 D sunxihwc: display=1, type=2, mode=0, en=0
06-09 16:15:26.901  1832  1832 D sunxihwc: hwc_setSwitchdevice:old_active=0, new_active=1
06-09 16:15:26.901  1832  1832 D sunxihwc: set primary: 0
06-09 16:15:26.901  1832  1832 D sunxihwc: setMargin: display[0] l=100 r=100 t=100 b=100
06-09 16:15:26.901  1832  1832 D sunxihwc: blank: display[0], enable[0]
06-09 16:15:26.901  1832  1832 W displayd: xxxxxxx: Turen on display(0), margin(100,100,100,100)
06-09 16:15:26.901  1832  1832 W displayd: xxxxxxx: Current device mapping:
06-09 16:15:26.901  1832  1832 W displayd:   + display [1]: enable=0 type=2 mode=0
06-09 16:15:26.901  1832  1832 W displayd:   + display [0]: enable=1 type=4 mode=10
06-09 16:15:26.902  1832  1832 D sunxihwc: Callback register from displayd
06-09 16:15:26.903  1832  1832 E cutils-trace: Error opening trace file: No such file or directory (2)
06-09 16:15:26.907  1832  1832 I ServiceManagement: Registered vendor.display.config@1.0::IDisplayConfig/default (start delay of 1234ms)
06-09 16:15:26.907  1832  1832 D         : IDisplayConfig register: ok
06-09 16:15:26.907  1832  1832 D sunxihwc: DisplayConfigService init: ok
06-09 16:15:26.907  1832  1832 D sunxihwc: hwc vendor service start.
06-09 16:15:26.907  1832  1832 E ion     : ioctl c0044901 failed with code -1: Invalid argument
06-09 16:15:26.916  1832  1832 D sunxihwc: open completely successful 
06-09 16:15:26.917  1825  1825 I ServiceManagement: Registered android.hardware.audio.effect@5.0::IEffectsFactory/default (start delay of 1304ms)
06-09 16:15:26.917  1825  1825 I audiohalservice: Registration complete for android.hardware.audio.effect@5.0::IEffectsFactory/default.
06-09 16:15:26.921  1832  1832 I ServiceManagement: Registered android.hardware.graphics.composer@2.2::IComposer/default (start delay of 1248ms)
06-09 16:15:26.921  1832  1832 I ServiceManagement: Removing namespace from process name android.hardware.graphics.composer@2.2-service to composer@2.2-service.
06-09 16:15:26.923  1820  1820 I AndroidRuntime: Using default boot image
06-09 16:15:26.923  1820  1820 I AndroidRuntime: Leaving lock profiling enabled
06-09 16:15:26.924  1697  1697 I hwservicemanager: getTransport: Cannot find entry android.hardware.soundtrigger@2.2::ISoundTriggerHw/default in either framework or device manifest.
06-09 16:15:26.932  1820  1820 E cutils-trace: Error opening trace file: No such file or directory (2)
06-09 16:15:26.937  1820  1820 I zygote  : option[0]=-Xzygote
06-09 16:15:26.938  1820  1820 I zygote  : option[1]=-Xcheck:jni
06-09 16:15:26.938  1820  1820 I zygote  : option[2]=exit
06-09 16:15:26.938  1820  1820 I zygote  : option[3]=vfprintf
06-09 16:15:26.938  1820  1820 I zygote  : option[4]=sensitiveThread
06-09 16:15:26.938  1820  1820 I zygote  : option[5]=-verbose:gc
06-09 16:15:26.938  1820  1820 I zygote  : option[6]=-Xms8m
06-09 16:15:26.938  1820  1820 I zygote  : option[7]=-Xmx256m
06-09 16:15:26.938  1820  1820 I zygote  : option[8]=-XX:HeapGrowthLimit=128m
06-09 16:15:26.938  1820  1820 I zygote  : option[9]=-XX:HeapMinFree=512k
06-09 16:15:26.938  1820  1820 I zygote  : option[10]=-XX:HeapMaxFree=8m
06-09 16:15:26.938  1820  1820 I zygote  : option[11]=-XX:HeapTargetUtilization=0.75
06-09 16:15:26.938  1820  1820 I zygote  : option[12]=-XX:ForegroundHeapGrowthMultiplier=2.0
06-09 16:15:26.938  1820  1820 I zygote  : option[13]=-Xusejit:true
06-09 16:15:26.938  1820  1820 I zygote  : option[14]=-Xjitsaveprofilinginfo
06-09 16:15:26.938  1820  1820 I zygote  : option[15]=-XX:MadviseRandomAccess:true
06-09 16:15:26.938  1820  1820 I zygote  : option[16]=-XX:LowMemoryMode
06-09 16:15:26.938  1820  1820 I zygote  : option[17]=-XjdwpOptions:suspend=n,server=y
06-09 16:15:26.938  1820  1820 I zygote  : option[18]=-XjdwpProvider:default
06-09 16:15:26.938  1820  1820 I zygote  : option[19]=-Xlockprofthreshold:500
06-09 16:15:26.938  1820  1820 I zygote  : option[20]=-Ximage-compiler-option
06-09 16:15:26.938  1820  1820 I zygote  : option[21]=--runtime-arg
06-09 16:15:26.938  1820  1820 I zygote  : option[22]=-Ximage-compiler-option
06-09 16:15:26.938  1820  1820 I zygote  : option[23]=-Xms64m
06-09 16:15:26.938  1820  1820 I zygote  : option[24]=-Ximage-compiler-option
06-09 16:15:26.938  1820  1820 I zygote  : option[25]=--runtime-arg
06-09 16:15:26.938  1820  1820 I zygote  : option[26]=-Ximage-compiler-option
06-09 16:15:26.938  1820  1820 I zygote  : option[27]=-Xmx64m
06-09 16:15:26.938  1820  1820 I zygote  : option[28]=-Ximage-compiler-option
06-09 16:15:26.938  1820  1820 I zygote  : option[29]=--compiler-filter=verify-at-runtime
06-09 16:15:26.938  1820  1820 I zygote  : option[30]=-Ximage-compiler-option
06-09 16:15:26.938  1820  1820 I zygote  : option[31]=--profile-file=/system/etc/boot-image.prof
06-09 16:15:26.938  1820  1820 I zygote  : option[32]=-Ximage-compiler-option
06-09 16:15:26.938  1820  1820 I zygote  : option[33]=--compiler-filter=speed-profile
06-09 16:15:26.938  1820  1820 I zygote  : option[34]=-Xcompiler-option
06-09 16:15:26.938  1820  1820 I zygote  : option[35]=--runtime-arg
06-09 16:15:26.938  1820  1820 I zygote  : option[36]=-Xcompiler-option
06-09 16:15:26.938  1820  1820 I zygote  : option[37]=-Xms64m
06-09 16:15:26.938  1820  1820 I zygote  : option[38]=-Xcompiler-option
06-09 16:15:26.938  1820  1820 I zygote  : option[39]=--runtime-arg
06-09 16:15:26.938  1820  1820 I zygote  : option[40]=-Xcompiler-option
06-09 16:15:26.939  1820  1820 I zygote  : option[41]=-Xmx512m
06-09 16:15:26.939  1820  1820 I zygote  : option[42]=-Xcompiler-option
06-09 16:15:26.939  1820  1820 I zygote  : option[43]=-j3
06-09 16:15:26.939  1820  1820 I zygote  : option[44]=-Ximage-compiler-option
06-09 16:15:26.939  1820  1820 I zygote  : option[45]=-j4
06-09 16:15:26.939  1820  1820 I zygote  : option[46]=-Ximage-compiler-option
06-09 16:15:26.939  1820  1820 I zygote  : option[47]=--instruction-set-variant=cortex-a7
06-09 16:15:26.939  1820  1820 I zygote  : option[48]=-Xcompiler-option
06-09 16:15:26.939  1820  1820 I zygote  : option[49]=--instruction-set-variant=cortex-a7
06-09 16:15:26.939  1820  1820 I zygote  : option[50]=-Ximage-compiler-option
06-09 16:15:26.939  1820  1820 I zygote  : option[51]=--instruction-set-features=default
06-09 16:15:26.939  1820  1820 I zygote  : option[52]=-Xcompiler-option
06-09 16:15:26.939  1820  1820 I zygote  : option[53]=--instruction-set-features=default
06-09 16:15:26.939  1820  1820 I zygote  : option[54]=-Xcompiler-option
06-09 16:15:26.939  1820  1820 I zygote  : option[55]=--no-watch-dog
06-09 16:15:26.939  1820  1820 I zygote  : option[56]=-Duser.locale=en-US
06-09 16:15:26.939  1820  1820 I zygote  : option[57]=--cpu-abilist=armeabi-v7a,armeabi
06-09 16:15:26.939  1820  1820 I zygote  : option[58]=-Xcompiler-option
06-09 16:15:26.939  1820  1820 I zygote  : option[59]=--generate-mini-debug-info
06-09 16:15:26.939  1820  1820 I zygote  : option[60]=-Xcore-platform-api-policy:just-warn
06-09 16:15:26.939  1820  1820 I zygote  : option[61]=-Xfingerprint:google/walley/eros-p1:10/QP1A.191105.004/eng.akrd.20210326.110706:eng/test-keys
06-09 16:15:26.942  1873  1873 D LibBpfLoader: New bpf core prog_load for /system/etc/bpf/netd.o (cgroupskb_egress_stats) returned: 20
06-09 16:15:26.943  1873  1873 D LibBpfLoader: New bpf core prog_load for /system/etc/bpf/netd.o (skfilter_egress_xtbpf) returned: 21
06-09 16:15:26.944  1873  1873 D LibBpfLoader: New bpf core prog_load for /system/etc/bpf/netd.o (skfilter_ingress_xtbpf) returned: 22
06-09 16:15:26.945  1873  1873 D LibBpfLoader: New bpf core prog_load for /system/etc/bpf/netd.o (skfilter_whitelist_xtbpf) returned: 23
06-09 16:15:26.953  1825  1825 E audiohalservice: Could not get passthrough implementation for android.hardware.soundtrigger@2.2::ISoundTriggerHw/default.
06-09 16:15:26.954  1697  1697 I hwservicemanager: getTransport: Cannot find entry android.hardware.soundtrigger@2.1::ISoundTriggerHw/default in either framework or device manifest.
06-09 16:15:26.955  1825  1825 E audiohalservice: Could not get passthrough implementation for android.hardware.soundtrigger@2.1::ISoundTriggerHw/default.
06-09 16:15:26.967  1820  1820 I zygote  : Core platform API reporting enabled, enforcing=false
06-09 16:15:26.969  1873  1873 D LibBpfLoader: New bpf core prog_load for /system/etc/bpf/netd.o (skfilter_blacklist_xtbpf) returned: 24
06-09 16:15:26.970  1873  1873 D LibBpfLoader: New bpf core prog_load for /system/etc/bpf/netd.o (cgroupsock_inet_create) returned: -1
06-09 16:15:26.970  1873  1873 E LibBpfLoader: bpf_prog_load: log_buf contents: 
06-09 16:15:26.970  1873  1873 E LibBpfLoader: Failed to load programs, loadCodeSections ret=-1
06-09 16:15:26.970  1873  1873 I bpfloader: Attempted load object: /system/etc/bpf/netd.o, ret: Operation not permitted
06-09 16:15:26.993  1825  1825 I sound_trigger_hw_default: Starting control thread for the stub hal.
06-09 16:15:26.993  1825  1825 I SoundTriggerHalImpl: onFirstRef() mModuleName primary mHwDevice 0xf2031000
06-09 16:15:27.000  1825  1825 I audio@2.0-servi: type=1400 audit(0.0:7): avc: denied { create } for scontext=u:r:hal_audio_default:s0 tcontext=u:r:hal_audio_default:s0 tclass=tcp_socket permissive=1
06-09 16:15:27.001  1825  1934 E sound_trigger_hw_default: Opening socket
06-09 16:15:27.003  1825  1825 I audio@2.0-servi: type=1400 audit(0.0:8): avc: denied { setopt } for scontext=u:r:hal_audio_default:s0 tcontext=u:r:hal_audio_default:s0 tclass=tcp_socket permissive=1
06-09 16:15:27.003  1825  1825 I audio@2.0-servi: type=1400 audit(0.0:9): avc: denied { bind } for scontext=u:r:hal_audio_default:s0 tcontext=u:r:hal_audio_default:s0 tclass=tcp_socket permissive=1
06-09 16:15:27.003  1825  1825 I audio@2.0-servi: type=1400 audit(0.0:10): avc: denied { listen } for lport=14035 scontext=u:r:hal_audio_default:s0 tcontext=u:r:hal_audio_default:s0 tclass=tcp_socket permissive=1
06-09 16:15:27.003  1825  1825 I audio@2.0-servi: type=1400 audit(0.0:11): avc: denied { accept } for lport=14035 scontext=u:r:hal_audio_default:s0 tcontext=u:r:hal_audio_default:s0 tclass=tcp_socket permissive=1
06-09 16:15:27.007  1825  1934 I sound_trigger_hw_default: Socket created
06-09 16:15:27.011  1825  1825 I ServiceManagement: Registered android.hardware.soundtrigger@2.0::ISoundTriggerHw/default (start delay of 1398ms)
06-09 16:15:27.011  1825  1825 I audiohalservice: Registration complete for android.hardware.soundtrigger@2.0::ISoundTriggerHw/default.
06-09 16:15:27.013  1697  1697 I hwservicemanager: getTransport: Cannot find entry android.hardware.bluetooth.audio@2.0::IBluetoothAudioProvidersFactory/default in either framework or device manifest.
06-09 16:15:27.014  1825  1825 E audiohalservice: Could not get passthrough implementation for android.hardware.bluetooth.audio@2.0::IBluetoothAudioProvidersFactory/default.
06-09 16:15:27.014  1825  1825 W audiohalservice: Could not register Bluetooth Audio API 2.0
06-09 16:15:27.015  1697  1697 I hwservicemanager: getTransport: Cannot find entry android.hardware.bluetooth.a2dp@1.0::IBluetoothAudioOffload/default in either framework or device manifest.
06-09 16:15:27.023  1825  1825 E audiohalservice: Could not get passthrough implementation for android.hardware.bluetooth.a2dp@1.0::IBluetoothAudioOffload/default.
06-09 16:15:27.023  1825  1825 W audiohalservice: Could not register Bluetooth audio offload 1.0
06-09 16:15:27.043  1919  1919 D WifiHWInfo: Start to load wireless module hardware info table...
06-09 16:15:27.047  1899  1899 I wificond: wificond is starting up...
06-09 16:15:27.066  1919  1919 D WifiHWInfo: Entry [01], ID: 0x00018179, Name: rtl8189es.
06-09 16:15:27.066  1919  1919 D WifiHWInfo: Entry [02], ID: 0x0001B723, Name: rtl8723bs_vq0.
06-09 16:15:27.066  1919  1919 D WifiHWInfo: Entry [03], ID: 0x0001B703, Name: rtl8723cs.
06-09 16:15:27.066  1919  1919 D WifiHWInfo: Entry [04], ID: 0x0001D723, Name: rtl8723ds.
06-09 16:15:27.066  1919  1919 D WifiHWInfo: Entry [05], ID: 0x00008179, Name: rtl8188etv.
06-09 16:15:27.066  1919  1919 D WifiHWInfo: Entry [06], ID: 0x00000179, Name: rtl8188eu.
06-09 16:15:27.066  1919  1919 D WifiHWInfo: Entry [07], ID: 0x0000818B, Name: rtl8192eu.
06-09 16:15:27.066  1919  1919 D WifiHWInfo: Entry [08], ID: 0x0000B720, Name: rtl8723bu.
06-09 16:15:27.066  1919  1919 D WifiHWInfo: Entry [09], ID: 0x0001F179, Name: rtl8189fs.
06-09 16:15:27.066  1919  1919 D WifiHWInfo: Entry [10], ID: 0x0001B822, Name: rtl88x2bs.
06-09 16:15:27.066  1919  1919 D WifiHWInfo: Entry [11], ID: 0x0001C822, Name: rtl88x2cs.
06-09 16:15:27.066  1919  1919 D WifiHWInfo: Entry [12], ID: 0x0001C821, Name: rtl8821cs.
06-09 16:15:27.066  1919  1919 D WifiHWInfo: Entry [13], ID: 0x0001A9A6, Name: ap6212.
06-09 16:15:27.066  1919  1919 D WifiHWInfo: Entry [14], ID: 0x00014330, Name: ap6330.
06-09 16:15:27.066  1919  1919 D WifiHWInfo: Entry [15], ID: 0x00014356, Name: ap6356s.
06-09 16:15:27.066  1919  1919 D WifiHWInfo: Entry [16], ID: 0x0001A9BF, Name: ap6255.
06-09 16:15:27.066  1919  1919 D WifiHWInfo: Entry [17], ID: 0x00012281, Name: xr819.
06-09 16:15:27.066  1919  1919 D WifiHWInfo: Entry [18], ID: 0x00012282, Name: xr829.
06-09 16:15:27.066  1919  1919 D WifiHWInfo: Entry [19], ID: 0x0001050A, Name: qca6174a.
06-09 16:15:27.066  1919  1919 D WifiHWInfo: Entry [20], ID: 0x00013030, Name: ssv6x5x.
06-09 16:15:27.066  1919  1919 D WifiHWInfo: Entry [21], ID: 0x00010000, Name: uwe5622.
06-09 16:15:27.066  1919  1919 D WifiHWInfo: Entry [22], ID: 0x000018F0, Name: dummy.
06-09 16:15:27.066  1919  1919 D HWINFO  : ********** Wireless information **********
06-09 16:15:27.066  1919  1919 D HWINFO  : module vendor: ssv
06-09 16:15:27.066  1919  1919 D HWINFO  : module name  : ssv6x5x
06-09 16:15:27.066  1919  1919 D HWINFO  : wifi hal name: libwifi-hal-ssv.so
06-09 16:15:27.066  1919  1919 D HWINFO  : libbt-vendor : (null)
06-09 16:15:27.066  1919  1919 D HWINFO  : is bt support: 0
06-09 16:15:27.066  1919  1919 D HWINFO  : ******************************************
06-09 16:15:27.081  1889  1889 I mediaserver: ServiceManager: 0xe9a0e120
06-09 16:15:27.108  1914  1914 D dom2reg : timezone change, current: Europe/Athens
06-09 16:15:27.110  1902  1938 I crda-uevent: crda uevent monitor thread run
06-09 16:15:27.117  1914  1914 D dom2reg : convert timezone to alpha2 country code: GR
06-09 16:15:27.127  1935  1935 I /system/bin/tombstoned: tombstoned successfully initialized
06-09 16:15:27.130  1902  1938 D crda-uevent: crda received kernel request for reg [00]
06-09 16:15:27.135  1914  1914 D dom2reg : regulatory set to [GR] success(0)
06-09 16:15:27.144  1902  1938 D crda-uevent: crda run success(0)
06-09 16:15:27.144  1902  1938 D crda-uevent: crda received kernel request for reg [GR]
06-09 16:15:27.170  1902  1938 D crda-uevent: crda run success(0)
06-09 16:15:27.178  1888  1888 E cutils-trace: Error opening trace file: No such file or directory (2)
06-09 16:15:27.191  1869  1878 I adbd    : UsbFfsConnection constructed
06-09 16:15:27.197  1697  1697 I hwservicemanager: getTransport: Cannot find entry android.hardware.keymaster@4.0::IKeymasterDevice/default in either framework or device manifest.
06-09 16:15:27.218  1888  1888 I keystore: found android.hardware.keymaster@3.0::IKeymasterDevice with interface name default and seclevel SOFTWARE
06-09 16:15:27.218  1888  1888 W keystore: No secure Keymaster implementation found, but device offers insecure Keymaster HAL. Using as default.
06-09 16:15:27.241  1888  1888 I ServiceManagement: Registered android.system.wifi.keystore@1.0::IKeystore/default (start delay of 979ms)
06-09 16:15:27.291  1896  1896 E cutils-trace: Error opening trace file: No such file or directory (2)
06-09 16:15:27.315  1896  1896 I ServiceManagement: Registered android.frameworks.stats@1.0::IStats/default (start delay of 842ms)
06-09 16:15:27.319  1896  1896 W statsd  : statscompanion service unavailable!
06-09 16:15:27.319  1896  1896 I statsd  : Statsd starts to listen to socket.
06-09 16:15:27.321  1836  1836 E cutils-trace: Error opening trace file: No such file or directory (2)
06-09 16:15:27.324  1821  1821 D TetherController: Setting IP forward enable = 0
06-09 16:15:27.325  1836  1836 I ServiceManagement: Registered android.hardware.sensors@2.0::ISensors/default (start delay of 1612ms)
06-09 16:15:27.325  1836  1836 I ServiceManagement: Removing namespace from process name android.hardware.sensors@2.0-service to sensors@2.0-service.
06-09 16:15:27.328  1821  1821 D FirewallController: Could not read /proc/self/uid_map, max uid defaulting to 4294967294
06-09 16:15:27.334  1869  1941 I adbd    : USB event: FUNCTIONFS_BIND
06-09 16:15:27.348  1937  1937 E cutils-trace: Error opening trace file: No such file or directory (2)
06-09 16:15:27.351  1697  1697 I hwservicemanager: getTransport: Cannot find entry android.hardware.usb.gadget@1.0::IUsbGadget/default in either framework or device manifest.
06-09 16:15:27.352  1937  1937 I usbd    : Usb HAL not found
06-09 16:15:27.433  1848  1848 E cutils-trace: Error opening trace file: No such file or directory (2)
06-09 16:15:27.450  1848  1848 I SurfaceFlinger: Using HWComposer service: 'default'
06-09 16:15:27.450  1848  1848 I SurfaceFlinger: SurfaceFlinger is starting
06-09 16:15:27.453  1932  1932 I gatekeeperd: Starting gatekeeperd...
06-09 16:15:27.468  1848  1848 I SurfaceFlinger: Disabling backpressure propagation
06-09 16:15:27.468  1848  1848 I SurfaceFlinger: Treble testing override: 'false'
06-09 16:15:27.475  1848  1848 I SurfaceFlinger: SurfaceFlinger's main thread ready to run. Initializing graphics H/W...
06-09 16:15:27.475  1848  1848 I SurfaceFlinger: Phase offset NS: 1000000
06-09 16:15:27.478  1848  1958 W SurfaceFlinger: Ignoring VSYNC request while display is disconnected
06-09 16:15:27.495  1848  1958 W SurfaceFlinger: Ignoring VSYNC request while display is disconnected
06-09 16:15:27.496  1848  1959 W SurfaceFlinger: Ignoring VSYNC request while display is disconnected
06-09 16:15:27.496  1848  1959 W SurfaceFlinger: Ignoring VSYNC request while display is disconnected
06-09 16:15:27.500  1848  1848 D RenderEngine: RenderEngine GLES Backend
06-09 16:15:27.509  1932  1932 E cutils-trace: Error opening trace file: No such file or directory (2)
06-09 16:15:27.512  1821  1821 I netd    : Creating child chains: 61.4ms
06-09 16:15:27.512  1821  1821 I netd    : Setting up OEM hooks: 0.5ms
06-09 16:15:27.513  1821  1821 I netd    : Setting up FirewallController hooks: 0.2ms
06-09 16:15:27.544  1821  1821 I netd    : Setting up TetherController hooks: 31.8ms
06-09 16:15:27.556  1821  1821 I netd    : Setting up BandwidthController hooks: 11.8ms
06-09 16:15:27.556  1821  1821 I netd    : Setting up IdletimerController hooks: 0.2ms
06-09 16:15:27.602  1821  1821 I netd    : Setting up StrictController hooks: 46.2ms
06-09 16:15:27.603  1821  1821 I ClatdController: 4.9+ kernel and device shipped with Q+ - clat ebpf should work.
06-09 16:15:27.603  1821  1821 I netd    : Initializing ClatdController: 0.5ms
06-09 16:15:27.606  1821  1821 I netd    : Initializing traffic control: 3.0ms
